2026-09-26T20:10:13.2395911Z Current runner version: '2.337.0'
2026-09-26T20:10:13.2413898Z ##[group]Runner Image Provisioner
2026-09-26T20:10:13.2414633Z Hosted Compute Agent
2026-09-26T20:10:13.2415112Z Version: 20260828.587
2026-09-26T20:10:13.2415656Z Commit: abac92662cab4cc7352de4f9f9d2e2419aad9c29
2026-09-26T20:10:13.2416260Z Build Date: 2026-08-28T16:44:25Z
2026-09-26T20:10:13.2416874Z Worker ID: {4f61f95c-41c5-4d48-9dd5-bd0773b95db9}
2026-09-26T20:10:13.2417464Z Azure Region: centralus
2026-09-26T20:10:13.2417932Z ##[endgroup]
2026-09-26T20:10:13.2419193Z ##[group]Operating System
2026-09-26T20:10:13.2419699Z Ubuntu
2026-09-26T20:10:13.2420134Z 24.04.5
2026-09-26T20:10:13.2420595Z LTS
2026-09-26T20:10:13.2421025Z ##[endgroup]
2026-09-26T20:10:13.2421476Z ##[group]Runner Image
2026-09-26T20:10:13.2422035Z Image: ubuntu-24.04
2026-09-26T20:10:13.2422489Z Version: 20260920.314.1
2026-09-26T20:10:13.2423521Z Included Software: https://github.com/actions/runner-images/blob/ubuntu24/20260920.314/images/ubuntu/Ubuntu2404-Readme.md
2026-09-26T20:10:13.2424800Z Image Release: https://github.com/actions/runner-images/releases/tag/ubuntu24%2F20260920.314
2026-09-26T20:10:13.2425655Z ##[endgroup]
2026-09-26T20:10:13.2426545Z ##[group]GITHUB_TOKEN Permissions
2026-09-26T20:10:13.2428400Z Contents: read
2026-09-26T20:10:13.2428888Z Metadata: read
2026-09-26T20:10:13.2429384Z ##[endgroup]
2026-09-26T20:10:13.2431012Z Secret source: Actions
2026-09-26T20:10:13.2431795Z Cache mode: write
2026-09-26T20:10:13.2432363Z Prepare workflow directory
2026-09-26T20:10:13.2694864Z Prepare all required actions
2026-09-26T20:10:13.2734637Z Getting action download info
2026-09-26T20:10:13.5255851Z Download action repository 'actions/checkout@v6' (SHA:d23441a48e516b6c34aea4fa41551a30e30af803)
2026-09-26T20:10:13.6193254Z Download action repository 'actions/setup-java@v5' (SHA:b6effb05e454b25005698d916606bdc6ffcbf961)
2026-09-26T20:10:14.1878355Z Download action repository 'gradle/actions@v6' (SHA:9c971963bec38e04b3d30dcc455b5382be2fdbfb)
2026-09-26T20:10:15.6193053Z Download action repository 'actions/upload-artifact@v7' (SHA:043fb46d1a93c77aae656e7c1c64a875d1fc6a0a)
2026-09-26T20:10:15.8094692Z Complete job name: qualify
2026-09-26T20:10:15.8610452Z ##[group]Run actions/checkout@v6
2026-09-26T20:10:15.8610937Z with:
2026-09-26T20:10:15.8611285Z   ref: 3a4f99a7653839506e96d19e6639f58d9e8c5ced
2026-09-26T20:10:15.8611604Z   fetch-depth: 0
2026-09-26T20:10:15.8611884Z   repository: GodaPupa/argentum-batshit-test
2026-09-26T20:10:15.8614219Z   token: ***
2026-09-26T20:10:15.8614496Z   ssh-strict: true
2026-09-26T20:10:15.8614769Z   ssh-user: git
2026-09-26T20:10:15.8615039Z   persist-credentials: true
2026-09-26T20:10:15.8615309Z   clean: true
2026-09-26T20:10:15.8615615Z   sparse-checkout-cone-mode: true
2026-09-26T20:10:15.8615932Z   fetch-tags: false
2026-09-26T20:10:15.8616200Z   show-progress: true
2026-09-26T20:10:15.8616492Z   lfs: false
2026-09-26T20:10:15.8616719Z   submodules: false
2026-09-26T20:10:15.8617001Z   set-safe-directory: true
2026-09-26T20:10:15.8617340Z   allow-unsafe-pr-checkout: false
2026-09-26T20:10:15.8617715Z ##[endgroup]
2026-09-26T20:10:15.9423204Z Syncing repository: GodaPupa/argentum-batshit-test
2026-09-26T20:10:15.9424655Z ##[group]Getting Git version info
2026-09-26T20:10:15.9425106Z Working directory is '/home/runner/work/argentum-batshit-test/argentum-batshit-test'
2026-09-26T20:10:15.9425745Z [command]/usr/bin/git version
2026-09-26T20:10:15.9531164Z git version 2.55.0
2026-09-26T20:10:15.9550454Z ##[endgroup]
2026-09-26T20:10:15.9568380Z Temporarily overriding HOME='/home/runner/work/_temp/4c8f2299-4832-4c56-95c0-a82eee50cdba' before making global git config changes
2026-09-26T20:10:15.9569634Z Adding repository directory to the temporary git global config as a safe directory
2026-09-26T20:10:15.9573813Z [command]/usr/bin/git config --global --add safe.directory /home/runner/work/argentum-batshit-test/argentum-batshit-test
2026-09-26T20:10:15.9611370Z Deleting the contents of '/home/runner/work/argentum-batshit-test/argentum-batshit-test'
2026-09-26T20:10:15.9616424Z ##[group]Determining repository object format
2026-09-26T20:10:15.9623501Z ##[endgroup]
2026-09-26T20:10:15.9624361Z ##[group]Initializing the repository
2026-09-26T20:10:15.9625151Z [command]/usr/bin/git init /home/runner/work/argentum-batshit-test/argentum-batshit-test
2026-09-26T20:10:15.9698023Z hint: Using 'master' as the name for the initial branch. This default branch name
2026-09-26T20:10:15.9699110Z hint: will change to "main" in Git 3.0. To configure the initial branch name
2026-09-26T20:10:15.9699979Z hint: to use in all of your new repositories, which will suppress this warning,
2026-09-26T20:10:15.9700541Z hint: call:
2026-09-26T20:10:15.9700909Z hint:
2026-09-26T20:10:15.9701348Z hint: 	git config --global init.defaultBranch <name>
2026-09-26T20:10:15.9701806Z hint:
2026-09-26T20:10:15.9702321Z hint: Names commonly chosen instead of 'master' are 'main', 'trunk' and
2026-09-26T20:10:15.9703074Z hint: 'development'. The just-created branch can be renamed via this command:
2026-09-26T20:10:15.9703716Z hint:
2026-09-26T20:10:15.9704128Z hint: 	git branch -m <name>
2026-09-26T20:10:15.9704521Z hint:
2026-09-26T20:10:15.9705045Z hint: Disable this message with "git config set advice.defaultBranchName false"
2026-09-26T20:10:15.9705916Z Initialized empty Git repository in /home/runner/work/argentum-batshit-test/argentum-batshit-test/.git/
2026-09-26T20:10:15.9720074Z [command]/usr/bin/git remote add origin https://github.com/GodaPupa/argentum-batshit-test
2026-09-26T20:10:15.9758065Z ##[endgroup]
2026-09-26T20:10:15.9762391Z ##[group]Disabling automatic garbage collection
2026-09-26T20:10:15.9762783Z [command]/usr/bin/git config --local gc.auto 0
2026-09-26T20:10:15.9785575Z ##[endgroup]
2026-09-26T20:10:15.9786050Z ##[group]Setting up auth
2026-09-26T20:10:15.9786664Z Removing SSH command configuration
2026-09-26T20:10:15.9792379Z [command]/usr/bin/git config --local --name-only --get-regexp core\.sshCommand
2026-09-26T20:10:15.9820037Z [command]/usr/bin/git submodule foreach --recursive sh -c "git config --local --name-only --get-regexp 'core\.sshCommand' && git config --local --unset-all 'core.sshCommand' || :"
2026-09-26T20:10:16.0089113Z Removing HTTP extra header
2026-09-26T20:10:16.0094839Z [command]/usr/bin/git config --local --name-only --get-regexp http\.https\:\/\/github\.com\/\.extraheader
2026-09-26T20:10:16.0121179Z [command]/usr/bin/git submodule foreach --recursive sh -c "git config --local --name-only --get-regexp 'http\.https\:\/\/github\.com\/\.extraheader' && git config --local --unset-all 'http.https://github.com/.extraheader' || :"
2026-09-26T20:10:16.0280744Z Removing includeIf entries pointing to credentials config files
2026-09-26T20:10:16.0286045Z [command]/usr/bin/git config --local --name-only --get-regexp ^includeIf\.gitdir:
2026-09-26T20:10:16.0310663Z [command]/usr/bin/git submodule foreach --recursive git config --local --show-origin --name-only --get-regexp remote.origin.url
2026-09-26T20:10:16.0497003Z [command]/usr/bin/git config --file /home/runner/work/_temp/git-credentials-1266f7ca-1e25-4852-ac90-8bac40f6a20c.config http.https://github.com/.extraheader AUTHORIZATION: basic ***
2026-09-26T20:10:16.0525134Z [command]/usr/bin/git config --local includeIf.gitdir:/home/runner/work/argentum-batshit-test/argentum-batshit-test/.git.path /home/runner/work/_temp/git-credentials-1266f7ca-1e25-4852-ac90-8bac40f6a20c.config
2026-09-26T20:10:16.0550034Z [command]/usr/bin/git config --local includeIf.gitdir:/home/runner/work/argentum-batshit-test/argentum-batshit-test/.git/worktrees/*.path /home/runner/work/_temp/git-credentials-1266f7ca-1e25-4852-ac90-8bac40f6a20c.config
2026-09-26T20:10:16.0576477Z [command]/usr/bin/git config --local includeIf.gitdir:/github/workspace/.git.path /github/runner_temp/git-credentials-1266f7ca-1e25-4852-ac90-8bac40f6a20c.config
2026-09-26T20:10:16.0607092Z [command]/usr/bin/git config --local includeIf.gitdir:/github/workspace/.git/worktrees/*.path /github/runner_temp/git-credentials-1266f7ca-1e25-4852-ac90-8bac40f6a20c.config
2026-09-26T20:10:16.0627653Z ##[endgroup]
2026-09-26T20:10:16.0628477Z ##[group]Fetching the repository
2026-09-26T20:10:16.0635075Z [command]/usr/bin/git -c protocol.version=2 fetch --no-tags --prune --no-recurse-submodules origin +refs/heads/*:refs/remotes/origin/* +refs/tags/*:refs/tags/*
2026-09-26T20:10:36.7624450Z From https://github.com/GodaPupa/argentum-batshit-test
2026-09-26T20:10:36.7626118Z  * [new branch]            affinity/grixis-policy-regression -> origin/affinity/grixis-policy-regression
2026-09-26T20:10:36.7627371Z  * [new branch]            affinity/grixis-preboard-sample-1 -> origin/affinity/grixis-preboard-sample-1
2026-09-26T20:10:36.7628633Z  * [new branch]            affinity/grixis-readiness -> origin/affinity/grixis-readiness
2026-09-26T20:10:36.7629716Z  * [new branch]            affinity/grixis-smoke-10 -> origin/affinity/grixis-smoke-10
2026-09-26T20:10:36.7631075Z  * [new branch]            engine/ojer-pakpatiq-lethal-fixture -> origin/engine/ojer-pakpatiq-lethal-fixture
2026-09-26T20:10:36.7632178Z  * [new branch]            engine/post-cast-sba    -> origin/engine/post-cast-sba
2026-09-26T20:10:36.7633332Z  * [new branch]            engine/priority-after-resolution -> origin/engine/priority-after-resolution
2026-09-26T20:10:36.7634713Z  * [new branch]            experiment/optimization-a-preflight -> origin/experiment/optimization-a-preflight
2026-09-26T20:10:36.7636115Z  * [new branch]            experiment/paired-counterfactual-framework -> origin/experiment/paired-counterfactual-framework
2026-09-26T20:10:36.7637222Z  * [new branch]            experiment/preboard-100-v1 -> origin/experiment/preboard-100-v1
2026-09-26T20:10:36.7638528Z  * [new branch]            experiment/preboard-100-v2 -> origin/experiment/preboard-100-v2
2026-09-26T20:10:36.7639662Z  * [new branch]            face-value-edh/r1-reconstruction -> origin/face-value-edh/r1-reconstruction
2026-09-26T20:10:36.7640591Z  * [new branch]            face-value/lab          -> origin/face-value/lab
2026-09-26T20:10:36.7641672Z  * [new branch]            ferocity-recycling/archetype-research -> origin/ferocity-recycling/archetype-research
2026-09-26T20:10:36.7643302Z  * [new branch]            ferocity-recycling/qualification-review -> origin/ferocity-recycling/qualification-review
2026-09-26T20:10:36.7644467Z  * [new branch]            fix/bats-rescue-readiness -> origin/fix/bats-rescue-readiness
2026-09-26T20:10:36.7645554Z  * [new branch]            fix/tapped-land-sequencing -> origin/fix/tapped-land-sequencing
2026-09-26T20:10:36.7646479Z  * [new branch]            fix/trace-format-assertion -> origin/fix/trace-format-assertion
2026-09-26T20:10:36.7647533Z  * [new branch]            industrial-waste/gate-10-elves-readiness -> origin/industrial-waste/gate-10-elves-readiness
2026-09-26T20:10:36.7649061Z  * [new branch]            industrial-waste/gate-11-spy-combo-readiness -> origin/industrial-waste/gate-11-spy-combo-readiness
2026-09-26T20:10:36.7650467Z  * [new branch]            industrial-waste/gate-9-monster-tron-readiness -> origin/industrial-waste/gate-9-monster-tron-readiness
2026-09-26T20:10:36.7651918Z  * [new branch]            industrial-waste/lab    -> origin/industrial-waste/lab
2026-09-26T20:10:36.7652849Z  * [new branch]            industrial-waste/v2-baseline-diagnostics -> origin/industrial-waste/v2-baseline-diagnostics
2026-09-26T20:10:36.7653768Z  * [new branch]            industrial-waste/v2-reality-fracture-challengers -> origin/industrial-waste/v2-reality-fracture-challengers
2026-09-26T20:10:36.7654623Z  * [new branch]            industrial-waste/v2-structural-redesign -> origin/industrial-waste/v2-structural-redesign
2026-09-26T20:10:36.7655481Z  * [new branch]            izzet-science/twinned-vision-challenger -> origin/izzet-science/twinned-vision-challenger
2026-09-26T20:10:36.7656240Z  * [new branch]            lab-coordinator/critical-path -> origin/lab-coordinator/critical-path
2026-09-26T20:10:36.7656986Z  * [new branch]            lab-coordinator/industrial-r1-runtime -> origin/lab-coordinator/industrial-r1-runtime
2026-09-26T20:10:36.7658346Z  * [new branch]            lab/ai-receiving-diagnostics -> origin/lab/ai-receiving-diagnostics
2026-09-26T20:10:36.7659955Z  * [new branch]            lab/attacking-token-defender-choice -> origin/lab/attacking-token-defender-choice
2026-09-26T20:10:36.7661177Z  * [new branch]            lab/ferocity-existing-artifact-transfer-20260926 -> origin/lab/ferocity-existing-artifact-transfer-20260926
2026-09-26T20:10:36.7662399Z  * [new branch]            lab/manual-aether-channeler-20260926 -> origin/lab/manual-aether-channeler-20260926
2026-09-26T20:10:36.7663268Z  * [new branch]            lab/manual-entry-snapshot-receiving-20260926 -> origin/lab/manual-entry-snapshot-receiving-20260926
2026-09-26T20:10:36.7663992Z  * [new branch]            lab/manual-etb-receiving-20260926 -> origin/lab/manual-etb-receiving-20260926
2026-09-26T20:10:36.7664636Z  * [new branch]            lab/manual-phase2-journal-20260926 -> origin/lab/manual-phase2-journal-20260926
2026-09-26T20:10:36.7665352Z  * [new branch]            lab/manual-phase2-journal-receipt-20260926 -> origin/lab/manual-phase2-journal-receipt-20260926
2026-09-26T20:10:36.7666095Z  * [new branch]            lab/manual-phase2-telemetry-20260926 -> origin/lab/manual-phase2-telemetry-20260926
2026-09-26T20:10:36.7666936Z  * [new branch]            lab/manual-phase2-telemetry-acceptance-20260926 -> origin/lab/manual-phase2-telemetry-acceptance-20260926
2026-09-26T20:10:36.7667770Z  * [new branch]            lab/manual-purphoros-qualification-20260926 -> origin/lab/manual-purphoros-qualification-20260926
2026-09-26T20:10:36.7668870Z  * [new branch]            lab/observed-runtime-restoration -> origin/lab/observed-runtime-restoration
2026-09-26T20:10:36.7669539Z  * [new branch]            lab/pest-monster-actor-component -> origin/lab/pest-monster-actor-component
2026-09-26T20:10:36.7670321Z  * [new branch]            lab/pest-monster-prerequisite-reconciliation-20260926 -> origin/lab/pest-monster-prerequisite-reconciliation-20260926
2026-09-26T20:10:36.7671109Z  * [new branch]            lab/pest-monster-targeting-20260926 -> origin/lab/pest-monster-targeting-20260926
2026-09-26T20:10:36.7671980Z  * [new branch]            lab/pest-postboard-acceptance-receipt-20260926 -> origin/lab/pest-postboard-acceptance-receipt-20260926
2026-09-26T20:10:36.7672730Z  * [new branch]            lab/pest-postboard-closure-20260926 -> origin/lab/pest-postboard-closure-20260926
2026-09-26T20:10:36.7673603Z  * [new branch]            lab/pest-postboard-policies-20260926 -> origin/lab/pest-postboard-policies-20260926
2026-09-26T20:10:36.7674638Z  * [new branch]            lab/pest-receiving-closure-20260926 -> origin/lab/pest-receiving-closure-20260926
2026-09-26T20:10:36.7675681Z  * [new branch]            lab/shared-actor-input-qualification -> origin/lab/shared-actor-input-qualification
2026-09-26T20:10:36.7676622Z  * [new branch]            lab/shared-actor-mulligan -> origin/lab/shared-actor-mulligan
2026-09-26T20:10:36.7677429Z  * [new branch]            lab/shared-cast-observer-lki -> origin/lab/shared-cast-observer-lki
2026-09-26T20:10:36.7678474Z  * [new branch]            lab/shared-core-integration -> origin/lab/shared-core-integration
2026-09-26T20:10:36.7679481Z  * [new branch]            lab/shared-current-combat-receiving -> origin/lab/shared-current-combat-receiving
2026-09-26T20:10:36.7680550Z  * [new branch]            lab/shared-flashback-additional-costs -> origin/lab/shared-flashback-additional-costs
2026-09-26T20:10:36.7681537Z  * [new branch]            lab/shared-receiving-diagnostics -> origin/lab/shared-receiving-diagnostics
2026-09-26T20:10:36.7682454Z  * [new branch]            lab/shared-token-entry-event-fix -> origin/lab/shared-token-entry-event-fix
2026-09-26T20:10:36.7683414Z  * [new branch]            lab/shared-type-loss-repair-20260926 -> origin/lab/shared-type-loss-repair-20260926
2026-09-26T20:10:36.7684262Z  * [new branch]            lab/sphinx-actor-adapter -> origin/lab/sphinx-actor-adapter
2026-09-26T20:10:36.7685450Z  * [new branch]            lab/sphinx-initialized-seat-binding -> origin/lab/sphinx-initialized-seat-binding
2026-09-26T20:10:36.7686351Z  * [new branch]            lab/sphinx-input-freeze -> origin/lab/sphinx-input-freeze
2026-09-26T20:10:36.7687079Z  * [new branch]            lab/sphinx-next-gate    -> origin/lab/sphinx-next-gate
2026-09-26T20:10:36.7687831Z  * [new branch]            lab/sphinx-pilot-components -> origin/lab/sphinx-pilot-components
2026-09-26T20:10:36.7688743Z  * [new branch]            lilysplash/lab          -> origin/lilysplash/lab
2026-09-26T20:10:36.7689485Z  * [new branch]            main                    -> origin/main
2026-09-26T20:10:36.7690503Z  * [new branch]            manual-transmission/emrakul-exigent-doom-challenger -> origin/manual-transmission/emrakul-exigent-doom-challenger
2026-09-26T20:10:36.7691918Z  * [new branch]            manual-transmission/phase2-cedh -> origin/manual-transmission/phase2-cedh
2026-09-26T20:10:36.7692677Z  * [new branch]            manual-transmission/phase2-reality-shift -> origin/manual-transmission/phase2-reality-shift
2026-09-26T20:10:36.7693310Z  * [new branch]            manual-transmission/qualification -> origin/manual-transmission/qualification
2026-09-26T20:10:36.7693932Z  * [new branch]            mayhem/izzet-baseline-bestow-diagnostic -> origin/mayhem/izzet-baseline-bestow-diagnostic
2026-09-26T20:10:36.7694598Z  * [new branch]            mayhem/izzet-baseline-control-diagnostic -> origin/mayhem/izzet-baseline-control-diagnostic
2026-09-26T20:10:36.7695272Z  * [new branch]            mayhem/izzet-benevolent-qualification -> origin/mayhem/izzet-benevolent-qualification
2026-09-26T20:10:36.7695876Z  * [new branch]            mayhem/izzet-bestow-integration -> origin/mayhem/izzet-bestow-integration
2026-09-26T20:10:36.7696409Z  * [new branch]            mayhem/izzet-forge-commander -> origin/mayhem/izzet-forge-commander
2026-09-26T20:10:36.7697001Z  * [new branch]            mayhem/izzet-forge-receiving-acceptance -> origin/mayhem/izzet-forge-receiving-acceptance
2026-09-26T20:10:36.7697746Z  * [new branch]            mayhem/izzet-forge-valid-types -> origin/mayhem/izzet-forge-valid-types
2026-09-26T20:10:36.7698659Z  * [new branch]            mayhem/izzet-position1-bootstrap -> origin/mayhem/izzet-position1-bootstrap
2026-09-26T20:10:36.7699716Z  * [new branch]            mayhem/izzet-position1-bootstrap-acceptance -> origin/mayhem/izzet-position1-bootstrap-acceptance
2026-09-26T20:10:36.7700992Z  * [new branch]            mayhem/izzet-remaining-card-sources -> origin/mayhem/izzet-remaining-card-sources
2026-09-26T20:10:36.7701782Z  * [new branch]            mayhem/izzet-science    -> origin/mayhem/izzet-science
2026-09-26T20:10:36.7702664Z  * [new branch]            mayhem/izzet-science-v07-twinned-vision -> origin/mayhem/izzet-science-v07-twinned-vision
2026-09-26T20:10:36.7703566Z  * [new branch]            mayhem/izzet-vines-targeting -> origin/mayhem/izzet-vines-targeting
2026-09-26T20:10:36.7704378Z  * [new branch]            mayhem/project-x        -> origin/mayhem/project-x
2026-09-26T20:10:36.7705263Z  * [new branch]            optimization/experiment-a -> origin/optimization/experiment-a
2026-09-26T20:10:36.7706032Z  * [new branch]            optimization/experiment-b -> origin/optimization/experiment-b
2026-09-26T20:10:36.7706772Z  * [new branch]            optimization/experiment-c -> origin/optimization/experiment-c
2026-09-26T20:10:36.7707621Z  * [new branch]            optimization/experiment-c-replication -> origin/optimization/experiment-c-replication
2026-09-26T20:10:36.7708512Z  * [new branch]            optimization/experiment-d -> origin/optimization/experiment-d
2026-09-26T20:10:36.7709249Z  * [new branch]            optimization/experiment-e -> origin/optimization/experiment-e
2026-09-26T20:10:36.7710177Z  * [new branch]            optimization/experiment-e-results -> origin/optimization/experiment-e-results
2026-09-26T20:10:36.7711178Z  * [new branch]            optimization/greedy-freebooter-readiness -> origin/optimization/greedy-freebooter-readiness
2026-09-26T20:10:36.7712251Z  * [new branch]            pest-control/gate3-validation-bridge -> origin/pest-control/gate3-validation-bridge
2026-09-26T20:10:36.7713212Z  * [new branch]            pest-control/gate4-sideboard-validation-bridge -> origin/pest-control/gate4-sideboard-validation-bridge
2026-09-26T20:10:36.7714441Z  * [new branch]            pest-control/gate4-validation-bridge -> origin/pest-control/gate4-validation-bridge
2026-09-26T20:10:36.7715339Z  * [new branch]            pest-control/gate5-block-a-validation-bridge -> origin/pest-control/gate5-block-a-validation-bridge
2026-09-26T20:10:36.7716331Z  * [new branch]            pest-control/gate6-block-a-execution -> origin/pest-control/gate6-block-a-execution
2026-09-26T20:10:36.7717079Z  * [new branch]            pest-control/gate6-readiness-validation-bridge -> origin/pest-control/gate6-readiness-validation-bridge
2026-09-26T20:10:36.7717641Z  * [new branch]            pest-control/lab        -> origin/pest-control/lab
2026-09-26T20:10:36.7718558Z  * [new branch]            pest-control/official-attempts/monster-tron-smoke-v1 -> origin/pest-control/official-attempts/monster-tron-smoke-v1
2026-09-26T20:10:36.7719315Z  * [new branch]            pest-control/pass-terminal-validation-bridge -> origin/pest-control/pass-terminal-validation-bridge
2026-09-26T20:10:36.7719921Z  * [new branch]            pest-control/reality-fracture-challengers -> origin/pest-control/reality-fracture-challengers
2026-09-26T20:10:36.7720573Z  * [new branch]            pest-control/reality-fracture-medics-kitesail -> origin/pest-control/reality-fracture-medics-kitesail
2026-09-26T20:10:36.7721260Z  * [new branch]            pest-control/tier-one-grixis-execution-authorization -> origin/pest-control/tier-one-grixis-execution-authorization
2026-09-26T20:10:36.7721967Z  * [new branch]            pest-control/tier-one-grixis-execution-coordinator -> origin/pest-control/tier-one-grixis-execution-coordinator
2026-09-26T20:10:36.7722686Z  * [new branch]            pest-control/tier-one-grixis-execution-implementation -> origin/pest-control/tier-one-grixis-execution-implementation
2026-09-26T20:10:36.7723506Z  * [new branch]            pest-control/tier-one-grixis-execution-preflight-fix -> origin/pest-control/tier-one-grixis-execution-preflight-fix
2026-09-26T20:10:36.7724283Z  * [new branch]            pest-control/tier-one-grixis-execution-preflight-v3 -> origin/pest-control/tier-one-grixis-execution-preflight-v3
2026-09-26T20:10:36.7724991Z  * [new branch]            pest-control/tier-one-grixis-execution-preflight-v4 -> origin/pest-control/tier-one-grixis-execution-preflight-v4
2026-09-26T20:10:36.7725695Z  * [new branch]            pest-control/tier-one-grixis-execution-preflight-v5 -> origin/pest-control/tier-one-grixis-execution-preflight-v5
2026-09-26T20:10:36.7726397Z  * [new branch]            pest-control/tier-one-grixis-execution-preflight-v6 -> origin/pest-control/tier-one-grixis-execution-preflight-v6
2026-09-26T20:10:36.7727309Z  * [new branch]            pest-control/tier-one-grixis-final-composed-validation -> origin/pest-control/tier-one-grixis-final-composed-validation
2026-09-26T20:10:36.7728023Z  * [new branch]            pest-control/tier-one-grixis-official-integration -> origin/pest-control/tier-one-grixis-official-integration
2026-09-26T20:10:36.7728925Z  * [new branch]            pest-control/tier-one-grixis-one-shot-execution -> origin/pest-control/tier-one-grixis-one-shot-execution
2026-09-26T20:10:36.7729577Z  * [new branch]            pest-control/tier-one-grixis-production-driver -> origin/pest-control/tier-one-grixis-production-driver
2026-09-26T20:10:36.7730367Z  * [new branch]            pest-control/tier-one-grixis-replication-artifact-validation -> origin/pest-control/tier-one-grixis-replication-artifact-validation
2026-09-26T20:10:36.7731783Z  * [new branch]            pest-control/tier-one-grixis-replication-continuation-methodology -> origin/pest-control/tier-one-grixis-replication-continuation-methodology
2026-09-26T20:10:36.7733235Z  * [new branch]            pest-control/tier-one-grixis-replication-execution-harness -> origin/pest-control/tier-one-grixis-replication-execution-harness
2026-09-26T20:10:36.7734422Z  * [new branch]            pest-control/tier-one-grixis-replication-freeze-gate -> origin/pest-control/tier-one-grixis-replication-freeze-gate
2026-09-26T20:10:36.7735719Z  * [new branch]            pest-control/tier-one-grixis-replication-freeze-provenance -> origin/pest-control/tier-one-grixis-replication-freeze-provenance
2026-09-26T20:10:36.7737022Z  * [new branch]            pest-control/tier-one-grixis-replication-game1-incident -> origin/pest-control/tier-one-grixis-replication-game1-incident
2026-09-26T20:10:36.7738400Z  * [new branch]            pest-control/tier-one-grixis-replication-initializer-fix -> origin/pest-control/tier-one-grixis-replication-initializer-fix
2026-09-26T20:10:36.7739738Z  * [new branch]            pest-control/tier-one-grixis-replication-official-execution -> origin/pest-control/tier-one-grixis-replication-official-execution
2026-09-26T20:10:36.7741034Z  * [new branch]            pest-control/tier-one-grixis-replication-production-freeze -> origin/pest-control/tier-one-grixis-replication-production-freeze
2026-09-26T20:10:36.7742371Z  * [new branch]            pest-control/tier-one-grixis-salvage-11-artifact-validation -> origin/pest-control/tier-one-grixis-salvage-11-artifact-validation
2026-09-26T20:10:36.7743564Z  * [new branch]            pest-control/tier-one-grixis-salvage-11-harness -> origin/pest-control/tier-one-grixis-salvage-11-harness
2026-09-26T20:10:36.7744920Z  * [new branch]            pest-control/tier-one-grixis-salvage-11-official-execution -> origin/pest-control/tier-one-grixis-salvage-11-official-execution
2026-09-26T20:10:36.7745667Z  * [new branch]            pest-control/tier-one-grixis-salvage-11-result -> origin/pest-control/tier-one-grixis-salvage-11-result
2026-09-26T20:10:36.7746303Z  * [new branch]            pest-control/tier-one-grixis-smoke-result -> origin/pest-control/tier-one-grixis-smoke-result
2026-09-26T20:10:36.7747085Z  * [new branch]            pest-control/tier1-grixis-adapter-contract -> origin/pest-control/tier1-grixis-adapter-contract
2026-09-26T20:10:36.7747704Z  * [new branch]            pest-control/tier1-grixis-artifact-envelope -> origin/pest-control/tier1-grixis-artifact-envelope
2026-09-26T20:10:36.7748611Z  * [new branch]            pest-control/tier1-grixis-construction-closure -> origin/pest-control/tier1-grixis-construction-closure
2026-09-26T20:10:36.7749264Z  * [new branch]            pest-control/tier1-grixis-coordinator-ledger -> origin/pest-control/tier1-grixis-coordinator-ledger
2026-09-26T20:10:36.7749942Z  * [new branch]            pest-control/tier1-grixis-disabled-assignment-schema -> origin/pest-control/tier1-grixis-disabled-assignment-schema
2026-09-26T20:10:36.7750727Z  * [new branch]            pest-control/tier1-grixis-disabled-durability -> origin/pest-control/tier1-grixis-disabled-durability
2026-09-26T20:10:36.7751795Z  * [new branch]            pest-control/tier1-grixis-disabled-four-cell-plan -> origin/pest-control/tier1-grixis-disabled-four-cell-plan
2026-09-26T20:10:36.7752921Z  * [new branch]            pest-control/tier1-grixis-disabled-official-initializer -> origin/pest-control/tier1-grixis-disabled-official-initializer
2026-09-26T20:10:36.7754009Z  * [new branch]            pest-control/tier1-grixis-disabled-preexecution-manifest -> origin/pest-control/tier1-grixis-disabled-preexecution-manifest
2026-09-26T20:10:36.7755024Z  * [new branch]            pest-control/tier1-grixis-disabled-runner -> origin/pest-control/tier1-grixis-disabled-runner
2026-09-26T20:10:36.7755663Z  * [new branch]            pest-control/tier1-grixis-disabled-single-game -> origin/pest-control/tier1-grixis-disabled-single-game
2026-09-26T20:10:36.7756375Z  * [new branch]            pest-control/tier1-grixis-disabled-synthetic-provenance -> origin/pest-control/tier1-grixis-disabled-synthetic-provenance
2026-09-26T20:10:36.7757218Z  * [new branch]            pest-control/tier1-grixis-execution-admission -> origin/pest-control/tier1-grixis-execution-admission
2026-09-26T20:10:36.7757858Z  * [new branch]            pest-control/tier1-grixis-execution-contract -> origin/pest-control/tier1-grixis-execution-contract
2026-09-26T20:10:36.7758760Z  * [new branch]            pest-control/tier1-grixis-final-readiness -> origin/pest-control/tier1-grixis-final-readiness
2026-09-26T20:10:36.7759379Z  * [new branch]            pest-control/tier1-grixis-frozen-vector-binding -> origin/pest-control/tier1-grixis-frozen-vector-binding
2026-09-26T20:10:36.7760015Z  * [new branch]            pest-control/tier1-grixis-initializer-contract -> origin/pest-control/tier1-grixis-initializer-contract
2026-09-26T20:10:36.7760682Z  * [new branch]            pest-control/tier1-grixis-official-init-boundary -> origin/pest-control/tier1-grixis-official-init-boundary
2026-09-26T20:10:36.7761307Z  * [new branch]            pest-control/tier1-grixis-official-loader -> origin/pest-control/tier1-grixis-official-loader
2026-09-26T20:10:36.7762173Z  * [new branch]            pest-control/tier1-grixis-official-loader-provenance -> origin/pest-control/tier1-grixis-official-loader-provenance
2026-09-26T20:10:36.7763244Z  * [new branch]            pest-control/tier1-grixis-opaque-execution-plan -> origin/pest-control/tier1-grixis-opaque-execution-plan
2026-09-26T20:10:36.7764256Z  * [new branch]            pest-control/tier1-grixis-private-parser -> origin/pest-control/tier1-grixis-private-parser
2026-09-26T20:10:36.7764944Z  * [new branch]            pest-control/tier1-grixis-readiness -> origin/pest-control/tier1-grixis-readiness
2026-09-26T20:10:36.7765565Z  * [new branch]            pest-control/tier1-grixis-runner-surface-preflight -> origin/pest-control/tier1-grixis-runner-surface-preflight
2026-09-26T20:10:36.7766199Z  * [new branch]            pest-control/tier1-grixis-smoke-harness -> origin/pest-control/tier1-grixis-smoke-harness
2026-09-26T20:10:36.7766820Z  * [new branch]            pest-control/tier1-grixis-turn-zero-preflight -> origin/pest-control/tier1-grixis-turn-zero-preflight
2026-09-26T20:10:36.7767770Z  * [new branch]            pest-control/tier1-grixis-vector-freeze -> origin/pest-control/tier1-grixis-vector-freeze
2026-09-26T20:10:36.7768753Z  * [new branch]            pest-control/tier1-grixis-vector-provenance -> origin/pest-control/tier1-grixis-vector-provenance
2026-09-26T20:10:36.7769436Z  * [new branch]            pest-control/tier1-mono-blue-terror-ack-normalization -> origin/pest-control/tier1-mono-blue-terror-ack-normalization
2026-09-26T20:10:36.7770171Z  * [new branch]            pest-control/tier1-mono-blue-terror-adapter-contract -> origin/pest-control/tier1-mono-blue-terror-adapter-contract
2026-09-26T20:10:36.7770900Z  * [new branch]            pest-control/tier1-mono-blue-terror-assignment-journal -> origin/pest-control/tier1-mono-blue-terror-assignment-journal
2026-09-26T20:10:36.7771668Z  * [new branch]            pest-control/tier1-mono-blue-terror-authorized-initializer -> origin/pest-control/tier1-mono-blue-terror-authorized-initializer
2026-09-26T20:10:36.7772671Z  * [new branch]            pest-control/tier1-mono-blue-terror-auto-execution -> origin/pest-control/tier1-mono-blue-terror-auto-execution
2026-09-26T20:10:36.7773747Z  * [new branch]            pest-control/tier1-mono-blue-terror-automatic-freeze -> origin/pest-control/tier1-mono-blue-terror-automatic-freeze
2026-09-26T20:10:36.7774451Z  * [new branch]            pest-control/tier1-mono-blue-terror-card-support-a -> origin/pest-control/tier1-mono-blue-terror-card-support-a
2026-09-26T20:10:36.7775169Z  * [new branch]            pest-control/tier1-mono-blue-terror-composed-validation -> origin/pest-control/tier1-mono-blue-terror-composed-validation
2026-09-26T20:10:36.7775917Z  * [new branch]            pest-control/tier1-mono-blue-terror-construction-closure -> origin/pest-control/tier1-mono-blue-terror-construction-closure
2026-09-26T20:10:36.7776660Z  * [new branch]            pest-control/tier1-mono-blue-terror-coordinator-ledger -> origin/pest-control/tier1-mono-blue-terror-coordinator-ledger
2026-09-26T20:10:36.7777522Z  * [new branch]            pest-control/tier1-mono-blue-terror-disabled-assignment-schema -> origin/pest-control/tier1-mono-blue-terror-disabled-assignment-schema
2026-09-26T20:10:36.7778673Z  * [new branch]            pest-control/tier1-mono-blue-terror-disabled-four-cell-plan -> origin/pest-control/tier1-mono-blue-terror-disabled-four-cell-plan
2026-09-26T20:10:36.7780181Z  * [new branch]            pest-control/tier1-mono-blue-terror-disabled-official-initializer -> origin/pest-control/tier1-mono-blue-terror-disabled-official-initializer
2026-09-26T20:10:36.7781585Z  * [new branch]            pest-control/tier1-mono-blue-terror-disabled-preexecution-manifest -> origin/pest-control/tier1-mono-blue-terror-disabled-preexecution-manifest
2026-09-26T20:10:36.7782994Z  * [new branch]            pest-control/tier1-mono-blue-terror-disabled-single-game -> origin/pest-control/tier1-mono-blue-terror-disabled-single-game
2026-09-26T20:10:36.7784371Z  * [new branch]            pest-control/tier1-mono-blue-terror-disabled-synthetic-provenance -> origin/pest-control/tier1-mono-blue-terror-disabled-synthetic-provenance
2026-09-26T20:10:36.7785662Z  * [new branch]            pest-control/tier1-mono-blue-terror-dispatch-guard-v2 -> origin/pest-control/tier1-mono-blue-terror-dispatch-guard-v2
2026-09-26T20:10:36.7786913Z  * [new branch]            pest-control/tier1-mono-blue-terror-dispatch-order-fix -> origin/pest-control/tier1-mono-blue-terror-dispatch-order-fix
2026-09-26T20:10:36.7788331Z  * [new branch]            pest-control/tier1-mono-blue-terror-engine-evidence-rehearsal -> origin/pest-control/tier1-mono-blue-terror-engine-evidence-rehearsal
2026-09-26T20:10:36.7789567Z  * [new branch]            pest-control/tier1-mono-blue-terror-escape-support -> origin/pest-control/tier1-mono-blue-terror-escape-support
2026-09-26T20:10:36.7790803Z  * [new branch]            pest-control/tier1-mono-blue-terror-execution-authorization -> origin/pest-control/tier1-mono-blue-terror-execution-authorization
2026-09-26T20:10:36.7792344Z  * [new branch]            pest-control/tier1-mono-blue-terror-execution-contract -> origin/pest-control/tier1-mono-blue-terror-execution-contract
2026-09-26T20:10:36.7793645Z  * [new branch]            pest-control/tier1-mono-blue-terror-execution-coordinator -> origin/pest-control/tier1-mono-blue-terror-execution-coordinator
2026-09-26T20:10:36.7794882Z  * [new branch]            pest-control/tier1-mono-blue-terror-freeze-guard-fix -> origin/pest-control/tier1-mono-blue-terror-freeze-guard-fix
2026-09-26T20:10:36.7796114Z  * [new branch]            pest-control/tier1-mono-blue-terror-frozen-artifact-binding -> origin/pest-control/tier1-mono-blue-terror-frozen-artifact-binding
2026-09-26T20:10:36.7797032Z  * [new branch]            pest-control/tier1-mono-blue-terror-initializer-contract -> origin/pest-control/tier1-mono-blue-terror-initializer-contract
2026-09-26T20:10:36.7797829Z  * [new branch]            pest-control/tier1-mono-blue-terror-official-init-boundary -> origin/pest-control/tier1-mono-blue-terror-official-init-boundary
2026-09-26T20:10:36.7799175Z  * [new branch]            pest-control/tier1-mono-blue-terror-policy-calibration -> origin/pest-control/tier1-mono-blue-terror-policy-calibration
2026-09-26T20:10:36.7800343Z  * [new branch]            pest-control/tier1-mono-blue-terror-production-driver -> origin/pest-control/tier1-mono-blue-terror-production-driver
2026-09-26T20:10:36.7801412Z  * [new branch]            pest-control/tier1-mono-blue-terror-readiness -> origin/pest-control/tier1-mono-blue-terror-readiness
2026-09-26T20:10:36.7802176Z  * [new branch]            pest-control/tier1-mono-blue-terror-replication-auto-execution -> origin/pest-control/tier1-mono-blue-terror-replication-auto-execution
2026-09-26T20:10:36.7803041Z  * [new branch]            pest-control/tier1-mono-blue-terror-replication-auto-freeze -> origin/pest-control/tier1-mono-blue-terror-replication-auto-freeze
2026-09-26T20:10:36.7804032Z  * [new branch]            pest-control/tier1-mono-blue-terror-replication-execution-authorization -> origin/pest-control/tier1-mono-blue-terror-replication-execution-authorization
2026-09-26T20:10:36.7804949Z  * [new branch]            pest-control/tier1-mono-blue-terror-replication-execution-stack -> origin/pest-control/tier1-mono-blue-terror-replication-execution-stack
2026-09-26T20:10:36.7805792Z  * [new branch]            pest-control/tier1-mono-blue-terror-replication-freeze-gate -> origin/pest-control/tier1-mono-blue-terror-replication-freeze-gate
2026-09-26T20:10:36.7806632Z  * [new branch]            pest-control/tier1-mono-blue-terror-replication-freeze-provenance -> origin/pest-control/tier1-mono-blue-terror-replication-freeze-provenance
2026-09-26T20:10:36.7807531Z  * [new branch]            pest-control/tier1-mono-blue-terror-replication-harness-validation -> origin/pest-control/tier1-mono-blue-terror-replication-harness-validation
2026-09-26T20:10:36.7808619Z  * [new branch]            pest-control/tier1-mono-blue-terror-replication-result -> origin/pest-control/tier1-mono-blue-terror-replication-result
2026-09-26T20:10:36.7809446Z  * [new branch]            pest-control/tier1-mono-blue-terror-runner-surface-preflight -> origin/pest-control/tier1-mono-blue-terror-runner-surface-preflight
2026-09-26T20:10:36.7810204Z  * [new branch]            pest-control/tier1-mono-blue-terror-smoke-harness -> origin/pest-control/tier1-mono-blue-terror-smoke-harness
2026-09-26T20:10:36.7810864Z  * [new branch]            pest-control/tier1-mono-blue-terror-smoke-result -> origin/pest-control/tier1-mono-blue-terror-smoke-result
2026-09-26T20:10:36.7811563Z  * [new branch]            pest-control/tier1-mono-blue-terror-turn-zero-preflight -> origin/pest-control/tier1-mono-blue-terror-turn-zero-preflight
2026-09-26T20:10:36.7812278Z  * [new branch]            pest-control/tier1-mono-blue-terror-vector-freeze -> origin/pest-control/tier1-mono-blue-terror-vector-freeze
2026-09-26T20:10:36.7813047Z  * [new branch]            pest-control/tier1-mono-blue-terror-vector-provenance -> origin/pest-control/tier1-mono-blue-terror-vector-provenance
2026-09-26T20:10:36.7813707Z  * [new branch]            pest-control/tier1-monster-tron-admission -> origin/pest-control/tier1-monster-tron-admission
2026-09-26T20:10:36.7814278Z  * [new branch]            pest-control/tier1-monster-tron-cascade -> origin/pest-control/tier1-monster-tron-cascade
2026-09-26T20:10:36.7814885Z  * [new branch]            pest-control/tier1-monster-tron-cascade-readiness -> origin/pest-control/tier1-monster-tron-cascade-readiness
2026-09-26T20:10:36.7815533Z  * [new branch]            pest-control/tier1-monster-tron-command-repair -> origin/pest-control/tier1-monster-tron-command-repair
2026-09-26T20:10:36.7816231Z  * [new branch]            pest-control/tier1-monster-tron-execution-authorization -> origin/pest-control/tier1-monster-tron-execution-authorization
2026-09-26T20:10:36.7816926Z  * [new branch]            pest-control/tier1-monster-tron-official-smoke -> origin/pest-control/tier1-monster-tron-official-smoke
2026-09-26T20:10:36.7817607Z  * [new branch]            pest-control/tier1-monster-tron-one-shot-construction -> origin/pest-control/tier1-monster-tron-one-shot-construction
2026-09-26T20:10:36.7818465Z  * [new branch]            pest-control/tier1-monster-tron-operational-stack -> origin/pest-control/tier1-monster-tron-operational-stack
2026-09-26T20:10:36.7819084Z  * [new branch]            pest-control/tier1-monster-tron-policy -> origin/pest-control/tier1-monster-tron-policy
2026-09-26T20:10:36.7819652Z  * [new branch]            pest-control/tier1-monster-tron-prototype -> origin/pest-control/tier1-monster-tron-prototype
2026-09-26T20:10:36.7820242Z  * [new branch]            pest-control/tier1-monster-tron-readiness -> origin/pest-control/tier1-monster-tron-readiness
2026-09-26T20:10:36.7820877Z  * [new branch]            pest-control/tier1-monster-tron-runner-construction -> origin/pest-control/tier1-monster-tron-runner-construction
2026-09-26T20:10:36.7821613Z  * [new branch]            pest-control/tier1-monster-tron-runner-preflight -> origin/pest-control/tier1-monster-tron-runner-preflight
2026-09-26T20:10:36.7822254Z  * [new branch]            pest-control/tier1-monster-tron-smoke-freeze -> origin/pest-control/tier1-monster-tron-smoke-freeze
2026-09-26T20:10:36.7822930Z  * [new branch]            pest-control/tier1-monster-tron-smoke-production-freeze -> origin/pest-control/tier1-monster-tron-smoke-production-freeze
2026-09-26T20:10:36.7823635Z  * [new branch]            pest-control/tier1-monster-tron-support -> origin/pest-control/tier1-monster-tron-support
2026-09-26T20:10:36.7824229Z  * [new branch]            pest-control/tier1-postboard-support-audit -> origin/pest-control/tier1-postboard-support-audit
2026-09-26T20:10:36.7824839Z  * [new branch]            pest-control/tier1-postboard-support-batch-a -> origin/pest-control/tier1-postboard-support-batch-a
2026-09-26T20:10:36.7825456Z  * [new branch]            pest-control/tier1-postboard-support-batch-b -> origin/pest-control/tier1-postboard-support-batch-b
2026-09-26T20:10:36.7826114Z  * [new branch]            pest-control/tier1-postboard-support-faerie-macabre -> origin/pest-control/tier1-postboard-support-faerie-macabre
2026-09-26T20:10:36.7826807Z  * [new branch]            pest-control/tier1-postboard-support-flaring-pain -> origin/pest-control/tier1-postboard-support-flaring-pain
2026-09-26T20:10:36.7827510Z  * [new branch]            pest-control/tier1-postboard-support-jack-o-lantern -> origin/pest-control/tier1-postboard-support-jack-o-lantern
2026-09-26T20:10:36.7828603Z  * [new branch]            pest-control/tier1-postboard-support-kaerveks-torch -> origin/pest-control/tier1-postboard-support-kaerveks-torch
2026-09-26T20:10:36.7829273Z  * [new branch]            pest-control/tier1-postboard-support-relic -> origin/pest-control/tier1-postboard-support-relic
2026-09-26T20:10:36.7829924Z  * [new branch]            pest-control/tier1-postboard-support-spreading-seas -> origin/pest-control/tier1-postboard-support-spreading-seas
2026-09-26T20:10:36.7830661Z  * [new branch]            pest-control/tier1-priority-evidence-audit -> origin/pest-control/tier1-priority-evidence-audit
2026-09-26T20:10:36.7831207Z  * [new branch]            pest-control/tier1-spy-admission -> origin/pest-control/tier1-spy-admission
2026-09-26T20:10:36.7831677Z  * [new branch]            pest-control/tier1-spy-policy -> origin/pest-control/tier1-spy-policy
2026-09-26T20:10:36.7832190Z  * [new branch]            pest-control/tier1-spy-support-batch-a -> origin/pest-control/tier1-spy-support-batch-a
2026-09-26T20:10:36.7832732Z  * [new branch]            pest-control/tier1-spy-support-batch-b -> origin/pest-control/tier1-spy-support-batch-b
2026-09-26T20:10:36.7833274Z  * [new branch]            pest-control/tier1-spy-support-batch-c -> origin/pest-control/tier1-spy-support-batch-c
2026-09-26T20:10:36.7833856Z  * [new branch]            pest-control/tier1-terror-simple-card-support -> origin/pest-control/tier1-terror-simple-card-support
2026-09-26T20:10:36.7834426Z  * [new branch]            pest-control/v2-acceptance-audit -> origin/pest-control/v2-acceptance-audit
2026-09-26T20:10:36.7834885Z  * [new branch]            pest-control/v2-calibration -> origin/pest-control/v2-calibration
2026-09-26T20:10:36.7835349Z  * [new branch]            pest-control/v2-official-results -> origin/pest-control/v2-official-results
2026-09-26T20:10:36.7835871Z  * [new branch]            pest-control/v2-qualification-acceptance -> origin/pest-control/v2-qualification-acceptance
2026-09-26T20:10:36.7836458Z  * [new branch]            pest-control/v2-qualification-authorization -> origin/pest-control/v2-qualification-authorization
2026-09-26T20:10:36.7837047Z  * [new branch]            pest-control/v2-qualification-coordinator -> origin/pest-control/v2-qualification-coordinator
2026-09-26T20:10:36.7837663Z  * [new branch]            pest-control/v2-qualification-execution-harness -> origin/pest-control/v2-qualification-execution-harness
2026-09-26T20:10:36.7838490Z  * [new branch]            pest-control/v2-qualification-freeze -> origin/pest-control/v2-qualification-freeze
2026-09-26T20:10:36.7839193Z  * [new branch]            pest-control/v2-qualification-freeze-provenance -> origin/pest-control/v2-qualification-freeze-provenance
2026-09-26T20:10:36.7839778Z  * [new branch]            pest-control/v2-qualification-harness -> origin/pest-control/v2-qualification-harness
2026-09-26T20:10:36.7840301Z  * [new branch]            pest-control/v2-qualification-runner -> origin/pest-control/v2-qualification-runner
2026-09-26T20:10:36.7840867Z  * [new branch]            shared/paid-filter-mana-qualification -> origin/shared/paid-filter-mana-qualification
2026-09-26T20:10:36.7841462Z  * [new branch]            shared/payment-feasibility-qualification -> origin/shared/payment-feasibility-qualification
2026-09-26T20:10:36.7842033Z  * [new branch]            smoke/experimental-preboard-100-v1 -> origin/smoke/experimental-preboard-100-v1
2026-09-26T20:10:36.7842569Z  * [new branch]            smoke/experimental-preboard-100-v2 -> origin/smoke/experimental-preboard-100-v2
2026-09-26T20:10:36.7843077Z  * [new branch]            smoke/fresh-preboard-10-20260909 -> origin/smoke/fresh-preboard-10-20260909
2026-09-26T20:10:36.7843644Z  * [new branch]            smoke/frozen-ten-damage-trigger-replay-20260909 -> origin/smoke/frozen-ten-damage-trigger-replay-20260909
2026-09-26T20:10:36.7844275Z  * [new branch]            smoke/frozen-ten-telemetry-replay-20260909 -> origin/smoke/frozen-ten-telemetry-replay-20260909
2026-09-26T20:10:36.7844858Z  * [new branch]            sphinx-approach/reconstruction-stage-e -> origin/sphinx-approach/reconstruction-stage-e
2026-09-26T20:10:36.7846149Z [command]/usr/bin/git rev-parse --verify --quiet 3a4f99a7653839506e96d19e6639f58d9e8c5ced^{object}
2026-09-26T20:10:36.7846527Z 3a4f99a7653839506e96d19e6639f58d9e8c5ced
2026-09-26T20:10:36.7847170Z ##[endgroup]
2026-09-26T20:10:36.7847501Z ##[group]Determining the checkout info
2026-09-26T20:10:36.7847857Z ##[endgroup]
2026-09-26T20:10:36.7848305Z [command]/usr/bin/git sparse-checkout disable
2026-09-26T20:10:36.7848964Z [command]/usr/bin/git config --local --unset-all extensions.worktreeConfig
2026-09-26T20:10:36.7849662Z ##[group]Checking out the ref
2026-09-26T20:10:36.7849994Z [command]/usr/bin/git checkout --progress --force 3a4f99a7653839506e96d19e6639f58d9e8c5ced
2026-09-26T20:10:37.9545423Z Updating files:  53% (15627/28940)
2026-09-26T20:10:37.9592752Z Updating files:  54% (15628/28940)
2026-09-26T20:10:37.9651151Z Updating files:  55% (15917/28940)
2026-09-26T20:10:37.9705769Z Updating files:  56% (16207/28940)
2026-09-26T20:10:37.9766880Z Updating files:  57% (16496/28940)
2026-09-26T20:10:37.9825848Z Updating files:  58% (16786/28940)
2026-09-26T20:10:37.9893989Z Updating files:  59% (17075/28940)
2026-09-26T20:10:37.9976243Z Updating files:  60% (17364/28940)
2026-09-26T20:10:38.0059846Z Updating files:  61% (17654/28940)
2026-09-26T20:10:38.0161131Z Updating files:  62% (17943/28940)
2026-09-26T20:10:38.0248388Z Updating files:  63% (18233/28940)
2026-09-26T20:10:38.0327650Z Updating files:  64% (18522/28940)
2026-09-26T20:10:38.0405528Z Updating files:  65% (18811/28940)
2026-09-26T20:10:38.0522870Z Updating files:  66% (19101/28940)
2026-09-26T20:10:38.0624914Z Updating files:  67% (19390/28940)
2026-09-26T20:10:38.0700440Z Updating files:  68% (19680/28940)
2026-09-26T20:10:38.0772633Z Updating files:  69% (19969/28940)
2026-09-26T20:10:38.0860705Z Updating files:  70% (20258/28940)
2026-09-26T20:10:38.0921287Z Updating files:  71% (20548/28940)
2026-09-26T20:10:38.1009398Z Updating files:  72% (20837/28940)
2026-09-26T20:10:38.1092605Z Updating files:  73% (21127/28940)
2026-09-26T20:10:38.1207447Z Updating files:  74% (21416/28940)
2026-09-26T20:10:38.1310129Z Updating files:  75% (21705/28940)
2026-09-26T20:10:38.1407244Z Updating files:  76% (21995/28940)
2026-09-26T20:10:38.1485560Z Updating files:  77% (22284/28940)
2026-09-26T20:10:38.1565474Z Updating files:  78% (22574/28940)
2026-09-26T20:10:38.1631772Z Updating files:  79% (22863/28940)
2026-09-26T20:10:38.1697341Z Updating files:  80% (23152/28940)
2026-09-26T20:10:38.1773383Z Updating files:  81% (23442/28940)
2026-09-26T20:10:38.1853445Z Updating files:  82% (23731/28940)
2026-09-26T20:10:38.1961638Z Updating files:  83% (24021/28940)
2026-09-26T20:10:38.2065549Z Updating files:  84% (24310/28940)
2026-09-26T20:10:38.2145701Z Updating files:  85% (24599/28940)
2026-09-26T20:10:38.2222960Z Updating files:  86% (24889/28940)
2026-09-26T20:10:38.2310455Z Updating files:  87% (25178/28940)
2026-09-26T20:10:38.2387095Z Updating files:  88% (25468/28940)
2026-09-26T20:10:38.2486491Z Updating files:  89% (25757/28940)
2026-09-26T20:10:38.2590909Z Updating files:  90% (26046/28940)
2026-09-26T20:10:38.3845201Z Updating files:  91% (26336/28940)
2026-09-26T20:10:38.4501536Z Updating files:  92% (26625/28940)
2026-09-26T20:10:38.4672776Z Updating files:  93% (26915/28940)
2026-09-26T20:10:38.4861431Z Updating files:  94% (27204/28940)
2026-09-26T20:10:38.5019581Z Updating files:  95% (27493/28940)
2026-09-26T20:10:38.5174856Z Updating files:  96% (27783/28940)
2026-09-26T20:10:38.5311595Z Updating files:  97% (28072/28940)
2026-09-26T20:10:38.6076702Z Updating files:  98% (28362/28940)
2026-09-26T20:10:38.6265650Z Updating files:  99% (28651/28940)
2026-09-26T20:10:38.6266349Z Updating files: 100% (28940/28940)
2026-09-26T20:10:38.6266721Z Updating files: 100% (28940/28940), done.
2026-09-26T20:10:38.6657295Z Note: switching to '3a4f99a7653839506e96d19e6639f58d9e8c5ced'.
2026-09-26T20:10:38.6657579Z 
2026-09-26T20:10:38.6657761Z You are in 'detached HEAD' state. You can look around, make experimental
2026-09-26T20:10:38.6658308Z changes and commit them, and you can discard any commits you make in this
2026-09-26T20:10:38.6658758Z state without impacting any branches by switching back to a branch.
2026-09-26T20:10:38.6659135Z 
2026-09-26T20:10:38.6659375Z If you want to create a new branch to retain commits you create, you may
2026-09-26T20:10:38.6660213Z do so (now or later) by using -c with the switch command. Example:
2026-09-26T20:10:38.6660523Z 
2026-09-26T20:10:38.6660655Z   git switch -c <new-branch-name>
2026-09-26T20:10:38.6660845Z 
2026-09-26T20:10:38.6660958Z Or undo this operation with:
2026-09-26T20:10:38.6661136Z 
2026-09-26T20:10:38.6661249Z   git switch -
2026-09-26T20:10:38.6661393Z 
2026-09-26T20:10:38.6661626Z Turn off this advice by setting config variable advice.detachedHead to false
2026-09-26T20:10:38.6661951Z 
2026-09-26T20:10:38.6662305Z HEAD is now at 3a4f99a765 Qualify the reviewed Ferocity token receiver under the unchanged bounded gates
2026-09-26T20:10:38.6729438Z ##[endgroup]
2026-09-26T20:10:38.7970034Z [command]/usr/bin/git log -1 --format=%H
2026-09-26T20:10:38.7993542Z 3a4f99a7653839506e96d19e6639f58d9e8c5ced
2026-09-26T20:10:38.8224067Z ##[group]Run actions/setup-java@v5
2026-09-26T20:10:38.8224299Z with:
2026-09-26T20:10:38.8224499Z   distribution: temurin
2026-09-26T20:10:38.8224702Z   java-version: 21
2026-09-26T20:10:38.8224893Z   java-package: jdk
2026-09-26T20:10:38.8225080Z   check-latest: false
2026-09-26T20:10:38.8225265Z   set-default: true
2026-09-26T20:10:38.8225451Z   verify-signature: false
2026-09-26T20:10:38.8225651Z   server-id: github
2026-09-26T20:10:38.8225852Z   server-username: GITHUB_ACTOR
2026-09-26T20:10:38.8226068Z   server-password: GITHUB_TOKEN
2026-09-26T20:10:38.8226279Z   overwrite-settings: true
2026-09-26T20:10:38.8226479Z   job-status: success
2026-09-26T20:10:38.8228799Z   token: ***
2026-09-26T20:10:38.8228999Z   show-download-progress: false
2026-09-26T20:10:38.8229218Z ##[endgroup]
2026-09-26T20:10:38.9475363Z ##[group]Installed distributions
2026-09-26T20:10:39.0290561Z Resolved Java 21.0.12+1 from tool-cache
2026-09-26T20:10:39.0291094Z Setting Java 21.0.12+1 as the default
2026-09-26T20:10:39.0298865Z Creating toolchains.xml for JDK version 21 from temurin
2026-09-26T20:10:39.0355243Z Writing to /home/runner/.m2/toolchains.xml
2026-09-26T20:10:39.0355779Z 
2026-09-26T20:10:39.0355898Z Java configuration:
2026-09-26T20:10:39.0356197Z   Distribution: temurin
2026-09-26T20:10:39.0356494Z   Version: 21.0.12+1
2026-09-26T20:10:39.0356924Z   Path: /opt/hostedtoolcache/Java_Temurin-Hotspot_jdk/21.0.12-1/x64
2026-09-26T20:10:39.0357292Z 
2026-09-26T20:10:39.0357712Z ##[endgroup]
2026-09-26T20:10:39.0394925Z Creating settings.xml with server-id: github
2026-09-26T20:10:39.0395429Z Writing to /home/runner/.m2/settings.xml
2026-09-26T20:10:39.0396362Z Configured MAVEN_ARGS to include -ntp to suppress Maven transfer progress logs. Set 'show-download-progress: true' to keep the download progress output.
2026-09-26T20:10:39.0658394Z ##[group]Run gradle/actions/setup-gradle@v6
2026-09-26T20:10:39.0659012Z with:
2026-09-26T20:10:39.0659512Z   cache-provider: enhanced
2026-09-26T20:10:39.0659919Z   cache-disabled: false
2026-09-26T20:10:39.0660269Z   cache-read-only: true
2026-09-26T20:10:39.0660863Z   cache-write-only: false
2026-09-26T20:10:39.0661296Z   cache-overwrite-existing: false
2026-09-26T20:10:39.0661826Z   cache-cleanup: on-success
2026-09-26T20:10:39.0662259Z   gradle-home-cache-includes: caches
notifications

2026-09-26T20:10:39.0662726Z   add-job-summary: always
2026-09-26T20:10:39.0663190Z   add-job-summary-as-pr-comment: never
2026-09-26T20:10:39.0663615Z   dependency-graph: disabled
2026-09-26T20:10:39.0664073Z   dependency-graph-report-dir: dependency-graph-reports
2026-09-26T20:10:39.0664642Z   dependency-graph-continue-on-failure: true
2026-09-26T20:10:39.0665072Z   build-scan-publish: false
2026-09-26T20:10:39.0665526Z   validate-wrappers: true
2026-09-26T20:10:39.0666013Z   allow-snapshot-wrappers: false
2026-09-26T20:10:39.0666461Z   gradle-home-cache-strict-match: false
2026-09-26T20:10:39.0666880Z   workflow-job-context: null
2026-09-26T20:10:39.0670392Z   github-token: ***
2026-09-26T20:10:39.0670824Z env:
2026-09-26T20:10:39.0671351Z   JAVA_HOME: /opt/hostedtoolcache/Java_Temurin-Hotspot_jdk/21.0.12-1/x64
2026-09-26T20:10:39.0672116Z   JAVA_HOME_21_X64: /opt/hostedtoolcache/Java_Temurin-Hotspot_jdk/21.0.12-1/x64
2026-09-26T20:10:39.0672839Z   MAVEN_ARGS: -ntp
2026-09-26T20:10:39.0673318Z ##[endgroup]
2026-09-26T20:10:39.6850261Z Merged default JDK locations into /home/runner/.m2/toolchains.xml
2026-09-26T20:10:39.6855958Z Enhanced Caching: This build is using the proprietary 'gradle-actions-caching' provider for optimized caching support. See https://github.com/gradle/actions/blob/main/DISTRIBUTION.md for terms of use and opt-out instructions.
2026-09-26T20:10:39.7520747Z ##[group]Restore Gradle state from cache
2026-09-26T20:10:39.8863549Z Cache hit for restore-key: gradle-home-v2|Linux-X64|test[a7652eeb27038373de7edb820b63f121]-9ca83110f5907e66a0c289f8205ed1e24575535c
2026-09-26T20:10:40.3872766Z Received 645374 of 645374 (100.0%), 1.9 MBs/sec
2026-09-26T20:10:40.3873670Z Cache Size: ~1 MB (645374 B)
2026-09-26T20:10:40.3919281Z [command]/usr/bin/tar -xf /home/runner/work/_temp/fdf66104-3aa5-4671-9af4-32c445f6c9a4/cache.tzst -P -C /home/runner/work/argentum-batshit-test/argentum-batshit-test --use-compress-program unzstd
2026-09-26T20:10:40.5654789Z Cache restored successfully
2026-09-26T20:10:40.5661095Z Restored cache entry with key gradle-home-v2|Linux-X64|qualify[bcaf7988e06b006ba76f33df3e75c9fb]-9cdbee73b8b024d4d1eaf71abd5ac790d6a44913 in 813ms
2026-09-26T20:10:40.6904125Z Cache hit for: gradle-wrapper-zips-v2-852daf033b54d6f5dd2552660ef7de60
2026-09-26T20:10:40.6963307Z Cache hit for: gradle-transforms-v2-ce64cf56aee45f6401b975af0bc9e903
2026-09-26T20:10:40.6972320Z Cache hit for: gradle-generated-gradle-jars-v2-aab574994eb421acff6809687eadd5de
2026-09-26T20:10:40.7009549Z Cache hit for: gradle-dependencies-v2-c31afde829c33f835a1f29cbcfae9ddc
2026-09-26T20:10:40.7039669Z Cache hit for: gradle-instrumented-jars-v2-bb910fcacf708cb42c10c2b5b22b5d19
2026-09-26T20:10:40.7066894Z Cache hit for: gradle-groovy-dsl-v2-f899aff15c2d37ebc18315a6bfe61114
2026-09-26T20:10:40.7072805Z Cache hit for: gradle-kotlin-dsl-v2-47bb15ab9d1d244419f88a8f7d95ae8a
2026-09-26T20:10:40.9496400Z Received 101824 of 101824 (100.0%), 1.1 MBs/sec
2026-09-26T20:10:40.9497261Z Cache Size: ~0 MB (101824 B)
2026-09-26T20:10:40.9547282Z [command]/usr/bin/tar -xf /home/runner/work/_temp/35d71574-6476-4703-8871-81e1044297a0/cache.tzst -P -C /home/runner/work/argentum-batshit-test/argentum-batshit-test --use-compress-program unzstd
2026-09-26T20:10:40.9659658Z Cache restored successfully
2026-09-26T20:10:40.9660540Z Restored cache entry with key gradle-groovy-dsl-v2-f899aff15c2d37ebc18315a6bfe61114 in 397ms
2026-09-26T20:10:41.1026784Z Received 60281 of 60281 (100.0%), 0.2 MBs/sec
2026-09-26T20:10:41.1027747Z Cache Size: ~0 MB (60281 B)
2026-09-26T20:10:41.1047580Z [command]/usr/bin/tar -xf /home/runner/work/_temp/2c9db502-b83d-4f03-84fe-dfb7a19b75fc/cache.tzst -P -C /home/runner/work/argentum-batshit-test/argentum-batshit-test --use-compress-program unzstd
2026-09-26T20:10:41.1112335Z Cache restored successfully
2026-09-26T20:10:41.1115891Z Restored cache entry with key gradle-instrumented-jars-v2-bb910fcacf708cb42c10c2b5b22b5d19 in 544ms
2026-09-26T20:10:41.2412371Z Received 338388 of 338388 (100.0%), 0.8 MBs/sec
2026-09-26T20:10:41.2413008Z Cache Size: ~0 MB (338388 B)
2026-09-26T20:10:41.2438249Z [command]/usr/bin/tar -xf /home/runner/work/_temp/4a8dac1d-cd24-4865-9e9f-390e4c69a95a/cache.tzst -P -C /home/runner/work/argentum-batshit-test/argentum-batshit-test --use-compress-program unzstd
2026-09-26T20:10:41.3227289Z Cache restored successfully
2026-09-26T20:10:41.3236084Z Restored cache entry with key gradle-kotlin-dsl-v2-47bb15ab9d1d244419f88a8f7d95ae8a in 756ms
2026-09-26T20:10:41.8003046Z Received 42158673 of 42158673 (100.0%), 42.9 MBs/sec
2026-09-26T20:10:41.8003868Z Cache Size: ~40 MB (42158673 B)
2026-09-26T20:10:41.8292207Z Received 79691776 of 116480350 (68.4%), 75.8 MBs/sec
2026-09-26T20:10:41.8361669Z Received 71303168 of 139934591 (51.0%), 68.0 MBs/sec
2026-09-26T20:10:41.8439321Z Received 54525952 of 264801627 (20.6%), 52.0 MBs/sec
2026-09-26T20:10:41.8454099Z [command]/usr/bin/tar -xf /home/runner/work/_temp/431caa0e-8504-48a4-a993-79703265d261/cache.tzst -P -C /home/runner/work/argentum-batshit-test/argentum-batshit-test --use-compress-program unzstd
2026-09-26T20:10:42.1009538Z Received 116480350 of 116480350 (100.0%), 87.4 MBs/sec
2026-09-26T20:10:42.1021405Z Cache Size: ~111 MB (116480350 B)
2026-09-26T20:10:42.1249711Z Cache restored successfully
2026-09-26T20:10:42.1282454Z Restored cache entry with key gradle-generated-gradle-jars-v2-aab574994eb421acff6809687eadd5de in 1560ms
2026-09-26T20:10:42.1415579Z [command]/usr/bin/tar -xf /home/runner/work/_temp/16f11af3-570f-45da-ac56-4211d96f39ee/cache.tzst -P -C /home/runner/work/argentum-batshit-test/argentum-batshit-test --use-compress-program unzstd
2026-09-26T20:10:42.3585609Z Received 139934591 of 139934591 (100.0%), 87.7 MBs/sec
2026-09-26T20:10:42.3587037Z Cache Size: ~133 MB (139934591 B)
2026-09-26T20:10:42.3620073Z [command]/usr/bin/tar -xf /home/runner/work/_temp/88eef501-5220-4994-a9a1-a24b509d7b39/cache.tzst -P -C /home/runner/work/argentum-batshit-test/argentum-batshit-test --use-compress-program unzstd
2026-09-26T20:10:42.6490788Z Cache restored successfully
2026-09-26T20:10:42.6551865Z Restored cache entry with key gradle-wrapper-zips-v2-852daf033b54d6f5dd2552660ef7de60 in 2088ms
2026-09-26T20:10:42.8431958Z Received 159383552 of 264801627 (60.2%), 76.0 MBs/sec
2026-09-26T20:10:42.9218863Z Cache restored successfully
2026-09-26T20:10:42.9230769Z Restored cache entry with key gradle-transforms-v2-ce64cf56aee45f6401b975af0bc9e903 in 2354ms
2026-09-26T20:10:43.3189687Z Received 264801627 of 264801627 (100.0%), 102.0 MBs/sec
2026-09-26T20:10:43.3190811Z Cache Size: ~253 MB (264801627 B)
2026-09-26T20:10:43.3261283Z [command]/usr/bin/tar -xf /home/runner/work/_temp/e2783547-5c67-4931-b0b3-74a22ae0e9af/cache.tzst -P -C /home/runner/work/argentum-batshit-test/argentum-batshit-test --use-compress-program unzstd
2026-09-26T20:10:43.5818576Z Cache restored successfully
2026-09-26T20:10:43.5906962Z Restored cache entry with key gradle-dependencies-v2-c31afde829c33f835a1f29cbcfae9ddc in 3023ms
2026-09-26T20:10:43.6491115Z ##[endgroup]
2026-09-26T20:10:43.8787408Z ##[group]All Gradle Wrapper jars are valid
2026-09-26T20:10:43.8789282Z ✓ Found known Gradle Wrapper JAR files:
2026-09-26T20:10:43.8790413Z   497c8c2a7e5031f6aa847f88104aa80a93532ec32ee17bdb8d1d2f67a194a9c7 gradle/wrapper/gradle-wrapper.jar
2026-09-26T20:10:43.8791569Z ##[endgroup]
2026-09-26T20:10:43.9813326Z ##[group]Run python - <<'PY'
2026-09-26T20:10:43.9813975Z [36;1mpython - <<'PY'[0m
2026-09-26T20:10:43.9814415Z [36;1mimport hashlib, json, os, pathlib, re, subprocess[0m
2026-09-26T20:10:43.9814876Z [36;1mroot = pathlib.Path('.')[0m
2026-09-26T20:10:43.9815356Z [36;1mout = root / 'build/reports/pest-postboard-support-batch-b'[0m
2026-09-26T20:10:43.9815857Z [36;1mout.mkdir(parents=True, exist_ok=True)[0m
2026-09-26T20:10:43.9816447Z [36;1mmanifest_path = root / 'docs/experiments/pest-control/tier-one-postboard-support-batch-b-sources.json'[0m
2026-09-26T20:10:43.9817107Z [36;1mmanifest = json.loads(manifest_path.read_bytes())[0m
2026-09-26T20:10:43.9817656Z [36;1mhead = subprocess.check_output(['git', 'rev-parse', 'HEAD'], text=True).strip()[0m
2026-09-26T20:10:43.9818319Z [36;1massert head == os.environ['EXPECTED_HEAD'][0m
2026-09-26T20:10:43.9819029Z [36;1msubprocess.check_call(['git', 'merge-base', '--is-ancestor', manifest['integrated_postboard_a_commit'], head])[0m
2026-09-26T20:10:43.9819644Z [36;1mfor path, expected in manifest['source_files_sha256'].items():[0m
2026-09-26T20:10:43.9820270Z [36;1m    assert hashlib.sha256((root / path).read_bytes()).hexdigest() == expected, path[0m
2026-09-26T20:10:43.9820742Z [36;1mdef blocks(raw):[0m
2026-09-26T20:10:43.9821098Z [36;1m    result = {}[0m
2026-09-26T20:10:43.9821533Z [36;1m    for block in re.split(r'(?m)^// ', raw)[1:]:[0m
2026-09-26T20:10:43.9821955Z [36;1m        name, body = block.split('\n', 1)[0m
2026-09-26T20:10:43.9822374Z [36;1m        assert name not in result, name[0m
2026-09-26T20:10:43.9822757Z [36;1m        json.loads(body)[0m
2026-09-26T20:10:43.9823215Z [36;1m        result[name] = body.rstrip('\n')[0m
2026-09-26T20:10:43.9823599Z [36;1m    return result[0m
2026-09-26T20:10:43.9823958Z [36;1mpreservation = {}[0m
2026-09-26T20:10:43.9824363Z [36;1mfor code, names in manifest['snapshot_additions'].items():[0m
2026-09-26T20:10:43.9824936Z [36;1m    path = f'mtg-sets/src/test/resources/snapshots/cards/{code}.json'[0m
2026-09-26T20:10:43.9825525Z [36;1m    before_raw = subprocess.check_output(['git', 'show', manifest['base_commit'] + ':' + path], text=True)[0m
2026-09-26T20:10:43.9826104Z [36;1m    after_raw = (root / path).read_text()[0m
2026-09-26T20:10:43.9826551Z [36;1m    before, after = blocks(before_raw), blocks(after_raw)[0m
2026-09-26T20:10:43.9827118Z [36;1m    assert all(after.get(name) == body for name, body in before.items()), code[0m
2026-09-26T20:10:43.9827660Z [36;1m    if manifest['snapshot_review_status'] == 'PENDING_COMPILED_OUTPUT':[0m
2026-09-26T20:10:43.9828235Z [36;1m        assert after_raw == before_raw, code[0m
2026-09-26T20:10:43.9828695Z [36;1m    else:[0m
2026-09-26T20:10:43.9829124Z [36;1m        assert manifest['snapshot_review_status'] == 'REVIEWED_EXACT_ADDITIONS'[0m
2026-09-26T20:10:43.9829649Z [36;1m        assert set(after) - set(before) == set(names), code[0m
2026-09-26T20:10:43.9830209Z [36;1m    preservation[code] = {'existing_blocks_preserved': len(before), 'prospective_additions': names}[0m
2026-09-26T20:10:43.9830782Z [36;1mprovenance = {[0m
2026-09-26T20:10:43.9831204Z [36;1m    'schema': 'pest-postboard-support-batch-b-provenance-v1',[0m
2026-09-26T20:10:43.9831724Z [36;1m    'source_head': head, 'base_commit': manifest['base_commit'],[0m
2026-09-26T20:10:43.9832273Z [36;1m    'integrated_postboard_a_commit': manifest['integrated_postboard_a_commit'],[0m
2026-09-26T20:10:43.9832900Z [36;1m    'run_id': os.environ['GITHUB_RUN_ID'], 'run_attempt': os.environ['GITHUB_RUN_ATTEMPT'],[0m
2026-09-26T20:10:43.9833643Z [36;1m    'source_manifest_sha256': hashlib.sha256(manifest_path.read_bytes()).hexdigest(),[0m
2026-09-26T20:10:43.9834222Z [36;1m    'snapshot_review_status': manifest['snapshot_review_status'],[0m
2026-09-26T20:10:43.9834740Z [36;1m    'snapshot_preservation': preservation,[0m
2026-09-26T20:10:43.9835207Z [36;1m    'scope': 'DETERMINISTIC_CARD_AND_COVERAGE_VALIDATION_ONLY',[0m
2026-09-26T20:10:43.9835816Z [36;1m    'official_seeds_generated': 0, 'official_games_initialized': 0,[0m
2026-09-26T20:10:43.9836366Z [36;1m    'official_actions_submitted': 0, 'outcome_exposure': 0,[0m
2026-09-26T20:10:43.9836779Z [36;1m}[0m
2026-09-26T20:10:43.9837213Z [36;1m(out / 'source-provenance.json').write_text(json.dumps(provenance, indent=2) + '\n')[0m
2026-09-26T20:10:43.9837788Z [36;1m(out / 'card-sources.json').write_bytes(manifest_path.read_bytes())[0m
2026-09-26T20:10:43.9838485Z [36;1mprint(json.dumps(provenance, indent=2))[0m
2026-09-26T20:10:43.9838893Z [36;1mPY[0m
2026-09-26T20:10:43.9988404Z shell: /usr/bin/bash -e {0}
2026-09-26T20:10:43.9988806Z env:
2026-09-26T20:10:43.9989393Z   JAVA_HOME: /opt/hostedtoolcache/Java_Temurin-Hotspot_jdk/21.0.12-1/x64
2026-09-26T20:10:43.9990040Z   JAVA_HOME_21_X64: /opt/hostedtoolcache/Java_Temurin-Hotspot_jdk/21.0.12-1/x64
2026-09-26T20:10:43.9990568Z   MAVEN_ARGS: -ntp
2026-09-26T20:10:43.9991017Z   GRADLE_ACTION_ID: gradle/actions/setup-gradle
2026-09-26T20:10:43.9991480Z   GRADLE_USER_HOME: /home/runner/.gradle
2026-09-26T20:10:43.9991912Z   GRADLE_BUILD_ACTION_SETUP_COMPLETED: true
2026-09-26T20:10:43.9992502Z   DEVELOCITY_INJECTION_INIT_SCRIPT_NAME: gradle-actions.inject-develocity.init.gradle
2026-09-26T20:10:43.9993191Z   DEVELOCITY_INJECTION_CUSTOM_VALUE: gradle-actions
2026-09-26T20:10:43.9993648Z   GITHUB_DEPENDENCY_GRAPH_ENABLED: false
2026-09-26T20:10:43.9994120Z   EXPECTED_HEAD: 3a4f99a7653839506e96d19e6639f58d9e8c5ced
2026-09-26T20:10:43.9994558Z ##[endgroup]
2026-09-26T20:10:44.0951307Z Traceback (most recent call last):
2026-09-26T20:10:44.0951892Z   File "<stdin>", line 11, in <module>
2026-09-26T20:10:44.0952875Z AssertionError: rules-engine/src/main/kotlin/com/wingedsheep/engine/mechanics/stack/StackResolver.kt
2026-09-26T20:10:44.1086750Z ##[error]Process completed with exit code 1.
2026-09-26T20:10:44.1184621Z ##[group]Run actions/upload-artifact@v7
2026-09-26T20:10:44.1185011Z with:
2026-09-26T20:10:44.1185397Z   name: pest-control-tier-one-postboard-support-batch-b
2026-09-26T20:10:44.1186120Z   path: build/reports/pest-postboard-support-batch-b/
mtg-sets/build/snapshots-actual/
docs/experiments/pest-control/card-sources/postboard-b/

2026-09-26T20:10:44.1186805Z   if-no-files-found: error
2026-09-26T20:10:44.1187145Z   retention-days: 90
2026-09-26T20:10:44.1187512Z   compression-level: 6
2026-09-26T20:10:44.1187833Z   overwrite: false
2026-09-26T20:10:44.1188329Z   include-hidden-files: false
2026-09-26T20:10:44.1188679Z   archive: true
2026-09-26T20:10:44.1189041Z env:
2026-09-26T20:10:44.1189418Z   JAVA_HOME: /opt/hostedtoolcache/Java_Temurin-Hotspot_jdk/21.0.12-1/x64
2026-09-26T20:10:44.1190008Z   JAVA_HOME_21_X64: /opt/hostedtoolcache/Java_Temurin-Hotspot_jdk/21.0.12-1/x64
2026-09-26T20:10:44.1190452Z   MAVEN_ARGS: -ntp
2026-09-26T20:10:44.1190911Z   GRADLE_ACTION_ID: gradle/actions/setup-gradle
2026-09-26T20:10:44.1191315Z   GRADLE_USER_HOME: /home/runner/.gradle
2026-09-26T20:10:44.1191693Z   GRADLE_BUILD_ACTION_SETUP_COMPLETED: true
2026-09-26T20:10:44.1192252Z   DEVELOCITY_INJECTION_INIT_SCRIPT_NAME: gradle-actions.inject-develocity.init.gradle
2026-09-26T20:10:44.1192757Z   DEVELOCITY_INJECTION_CUSTOM_VALUE: gradle-actions
2026-09-26T20:10:44.1193189Z   GITHUB_DEPENDENCY_GRAPH_ENABLED: false
2026-09-26T20:10:44.1193537Z ##[endgroup]
2026-09-26T20:10:44.2364922Z Multiple search paths detected. Calculating the least common ancestor of all paths
2026-09-26T20:10:44.2367585Z The least common ancestor is /home/runner/work/argentum-batshit-test/argentum-batshit-test. This will be the root directory of the artifact
2026-09-26T20:10:44.2369338Z With the provided path, there will be 9 files uploaded
2026-09-26T20:10:44.2370373Z Artifact name is valid!
2026-09-26T20:10:44.2370937Z Root directory input is valid!
2026-09-26T20:10:44.4937343Z Uploading artifact: pest-control-tier-one-postboard-support-batch-b.zip
2026-09-26T20:10:44.5016197Z Beginning upload of artifact content to blob storage
2026-09-26T20:10:44.7210823Z Uploaded bytes 23883
2026-09-26T20:10:44.7608799Z Finished uploading artifact content to blob storage!
2026-09-26T20:10:44.7610149Z SHA256 digest of uploaded artifact is 16f0cb2c196a8206818f3fbf27ceac390f60904e519e517eeac335a44eb63eec
2026-09-26T20:10:44.7611259Z Finalizing artifact upload
2026-09-26T20:10:45.0802728Z Artifact pest-control-tier-one-postboard-support-batch-b successfully finalized. Artifact ID 10914667557
2026-09-26T20:10:45.0804174Z Artifact pest-control-tier-one-postboard-support-batch-b has been successfully uploaded! Final size is 23883 bytes. Artifact ID is 10914667557
2026-09-26T20:10:45.1824164Z Artifact download URL: https://github.com/GodaPupa/argentum-batshit-test/actions/runs/36268324422/artifacts/10914667557
2026-09-26T20:10:45.2007655Z Post job cleanup.
2026-09-26T20:10:45.4182979Z In post-action step
2026-09-26T20:10:45.4186513Z Enhanced Caching: This build is using the proprietary 'gradle-actions-caching' provider for optimized caching support. See https://github.com/gradle/actions/blob/main/DISTRIBUTION.md for terms of use and opt-out instructions.
2026-09-26T20:10:45.4822970Z Cache is read-only: will not save state for use in subsequent builds.
2026-09-26T20:10:45.4826283Z ##[group]Generating Job Summary
2026-09-26T20:10:45.4829463Z 
2026-09-26T20:10:45.4829790Z <b>No Gradle build results detected.</b>
2026-09-26T20:10:45.4830460Z ============================
2026-09-26T20:10:45.4831326Z <h4>Gradle State Caching - ⚡ Enhanced (read-only)</h4>
2026-09-26T20:10:45.4831729Z 
2026-09-26T20:10:45.4833160Z **[Enhanced Caching](https://github.com/gradle/actions/blob/main/docs/setup-gradle.md#enhanced-caching)** uses the proprietary `gradle-actions-caching` provider. See [DISTRIBUTION.md](https://github.com/gradle/actions/blob/main/DISTRIBUTION.md) for terms of use and opt-out instructions.
2026-09-26T20:10:45.4834648Z 
2026-09-26T20:10:45.4834840Z <details>
2026-09-26T20:10:45.4835446Z <summary>Entries: 8 restored (538Mb), 0 saved (0Mb) - Expand for more details</summary>
2026-09-26T20:10:45.4835886Z 
2026-09-26T20:10:45.4836834Z [Cache was read-only](https://github.com/gradle/actions/blob/main/docs/setup-gradle.md#using-the-cache-read-only) — by default, the action only writes to the cache for jobs running on the default branch.
2026-09-26T20:10:45.4837802Z 
2026-09-26T20:10:45.4838018Z <table>
2026-09-26T20:10:45.4838780Z     <tr><td></td><th>Count</th><th>Total Size (Mb)</th><th>Total Time (ms)</th></tr>
2026-09-26T20:10:45.4839452Z     <tr><td>Entries Restored</td>
2026-09-26T20:10:45.4839959Z         <td>8</td>
2026-09-26T20:10:45.4840405Z         <td>538</td>
2026-09-26T20:10:45.4840730Z         <td>11535</td>
2026-09-26T20:10:45.4841089Z     </tr>
2026-09-26T20:10:45.4841386Z     <tr><td>Entries Saved</td>
2026-09-26T20:10:45.4841822Z         <td>0</td>
2026-09-26T20:10:45.4842139Z         <td>0</td>
2026-09-26T20:10:45.4842463Z         <td>0</td>
2026-09-26T20:10:45.4842836Z     </tr>
2026-09-26T20:10:45.4843128Z </table>
2026-09-26T20:10:45.4843276Z 
2026-09-26T20:10:45.4843441Z <pre>
2026-09-26T20:10:45.4843806Z Entry: Gradle User Home
2026-09-26T20:10:45.4844386Z     Requested Key : gradle-home-v2|Linux-X64|qualify[bcaf7988e06b006ba76f33df3e75c9fb]-9cdbee73b8b024d4d1eaf71abd5ac790d6a44913
2026-09-26T20:10:45.4845187Z     Restored  Key : gradle-home-v2|Linux-X64|test[a7652eeb27038373de7edb820b63f121]-9ca83110f5907e66a0c289f8205ed1e24575535c
2026-09-26T20:10:45.4845776Z               Size: 1 MB (645374 B)
2026-09-26T20:10:45.4846149Z               Time: 813 ms
2026-09-26T20:10:45.4846577Z               (Entry restored: partial match found)
2026-09-26T20:10:45.4847359Z     Saved     Key : 
2026-09-26T20:10:45.4847870Z               Size: 
2026-09-26T20:10:45.4848428Z               Time: 
2026-09-26T20:10:45.4848921Z               (Entry not saved: cache is read-only)
2026-09-26T20:10:45.4849501Z ---
2026-09-26T20:10:45.4850063Z Entry: caches/9.6.1/generated-gradle-jars/gradle-api-9.6.1.jar
2026-09-26T20:10:45.4850984Z     Requested Key : gradle-generated-gradle-jars-v2-aab574994eb421acff6809687eadd5de
2026-09-26T20:10:45.4851934Z     Restored  Key : gradle-generated-gradle-jars-v2-aab574994eb421acff6809687eadd5de
2026-09-26T20:10:45.4852756Z               Size: 40 MB (42158673 B)
2026-09-26T20:10:45.4853333Z               Time: 1560 ms
2026-09-26T20:10:45.4853895Z               (Entry restored: exact match found)
2026-09-26T20:10:45.4854536Z     Saved     Key : 
2026-09-26T20:10:45.4855026Z               Size: 
2026-09-26T20:10:45.4855496Z               Time: 
2026-09-26T20:10:45.4856029Z               (Entry not saved: cache is read-only)
2026-09-26T20:10:45.4856602Z ---
2026-09-26T20:10:45.4857125Z Entry: wrapper/dists/gradle-9.6.1-bin/4ticwg1pgcbps2hj28r8so764
2026-09-26T20:10:45.4858642Z     Requested Key : gradle-wrapper-zips-v2-852daf033b54d6f5dd2552660ef7de60
2026-09-26T20:10:45.4859519Z     Restored  Key : gradle-wrapper-zips-v2-852daf033b54d6f5dd2552660ef7de60
2026-09-26T20:10:45.4860182Z               Size: 133 MB (139934591 B)
2026-09-26T20:10:45.4860560Z               Time: 2088 ms
2026-09-26T20:10:45.4860939Z               (Entry restored: exact match found)
2026-09-26T20:10:45.4861378Z     Saved     Key : 
2026-09-26T20:10:45.4861701Z               Size: 
2026-09-26T20:10:45.4862054Z               Time: 
2026-09-26T20:10:45.4862424Z               (Entry not saved: cache is read-only)
2026-09-26T20:10:45.4862862Z ---
2026-09-26T20:10:45.4863152Z Entry: dependencies
2026-09-26T20:10:45.4863610Z     Requested Key : gradle-dependencies-v2-c31afde829c33f835a1f29cbcfae9ddc
2026-09-26T20:10:45.4864349Z     Restored  Key : gradle-dependencies-v2-c31afde829c33f835a1f29cbcfae9ddc
2026-09-26T20:10:45.4864990Z               Size: 253 MB (264801627 B)
2026-09-26T20:10:45.4865527Z               Time: 3023 ms
2026-09-26T20:10:45.4865964Z               (Entry restored: exact match found)
2026-09-26T20:10:45.4866476Z     Saved     Key : 
2026-09-26T20:10:45.4866906Z               Size: 
2026-09-26T20:10:45.4867353Z               Time: 
2026-09-26T20:10:45.4867845Z               (Entry not saved: cache is read-only)
2026-09-26T20:10:45.4868523Z ---
2026-09-26T20:10:45.4868929Z Entry: instrumented-jars
2026-09-26T20:10:45.4869665Z     Requested Key : gradle-instrumented-jars-v2-bb910fcacf708cb42c10c2b5b22b5d19
2026-09-26T20:10:45.4870614Z     Restored  Key : gradle-instrumented-jars-v2-bb910fcacf708cb42c10c2b5b22b5d19
2026-09-26T20:10:45.4871349Z               Size: 0 MB (60281 B)
2026-09-26T20:10:45.4871992Z               Time: 544 ms
2026-09-26T20:10:45.4872629Z               (Entry restored: exact match found)
2026-09-26T20:10:45.4873372Z     Saved     Key : 
2026-09-26T20:10:45.4874295Z               Size: 
2026-09-26T20:10:45.4875261Z               Time: 
2026-09-26T20:10:45.4875837Z               (Entry not saved: cache is read-only)
2026-09-26T20:10:45.4876419Z ---
2026-09-26T20:10:45.4876875Z Entry: kotlin-dsl
2026-09-26T20:10:45.4877717Z     Requested Key : gradle-kotlin-dsl-v2-47bb15ab9d1d244419f88a8f7d95ae8a
2026-09-26T20:10:45.4878620Z     Restored  Key : gradle-kotlin-dsl-v2-47bb15ab9d1d244419f88a8f7d95ae8a
2026-09-26T20:10:45.4879301Z               Size: 0 MB (338388 B)
2026-09-26T20:10:45.4879840Z               Time: 756 ms
2026-09-26T20:10:45.4880362Z               (Entry restored: exact match found)
2026-09-26T20:10:45.4880960Z     Saved     Key : 
2026-09-26T20:10:45.4881383Z               Size: 
2026-09-26T20:10:45.4882392Z               Time: 
2026-09-26T20:10:45.4882998Z               (Entry not saved: cache is read-only)
2026-09-26T20:10:45.4883528Z ---
2026-09-26T20:10:45.4883982Z Entry: groovy-dsl
2026-09-26T20:10:45.4884602Z     Requested Key : gradle-groovy-dsl-v2-f899aff15c2d37ebc18315a6bfe61114
2026-09-26T20:10:45.4886133Z     Restored  Key : gradle-groovy-dsl-v2-f899aff15c2d37ebc18315a6bfe61114
2026-09-26T20:10:45.4886986Z               Size: 0 MB (101824 B)
2026-09-26T20:10:45.4887611Z               Time: 397 ms
2026-09-26T20:10:45.4888311Z               (Entry restored: exact match found)
2026-09-26T20:10:45.4889003Z     Saved     Key : 
2026-09-26T20:10:45.4889667Z               Size: 
2026-09-26T20:10:45.4890277Z               Time: 
2026-09-26T20:10:45.4890787Z               (Entry not saved: cache is read-only)
2026-09-26T20:10:45.4891447Z ---
2026-09-26T20:10:45.4891940Z Entry: transforms
2026-09-26T20:10:45.4892588Z     Requested Key : gradle-transforms-v2-ce64cf56aee45f6401b975af0bc9e903
2026-09-26T20:10:45.4893501Z     Restored  Key : gradle-transforms-v2-ce64cf56aee45f6401b975af0bc9e903
2026-09-26T20:10:45.4894192Z               Size: 111 MB (116480350 B)
2026-09-26T20:10:45.4894860Z               Time: 2354 ms
2026-09-26T20:10:45.4895537Z               (Entry restored: exact match found)
2026-09-26T20:10:45.4896147Z     Saved     Key : 
2026-09-26T20:10:45.4896695Z               Size: 
2026-09-26T20:10:45.4897582Z               Time: 
2026-09-26T20:10:45.4898440Z               (Entry not saved: cache is read-only)
2026-09-26T20:10:45.4899051Z </pre>
2026-09-26T20:10:45.4899557Z </details>
2026-09-26T20:10:45.4899869Z 
2026-09-26T20:10:45.4900492Z ##[endgroup]
2026-09-26T20:10:45.4901031Z Completed post-action step
2026-09-26T20:10:45.5089374Z Post job cleanup.
2026-09-26T20:10:45.6395791Z Post job cleanup.
2026-09-26T20:10:45.7167236Z [command]/usr/bin/git version
2026-09-26T20:10:45.7218247Z git version 2.55.0
2026-09-26T20:10:45.7233977Z Temporarily overriding HOME='/home/runner/work/_temp/0c5713b3-54b3-44ac-9abf-bfcda7107bde' before making global git config changes
2026-09-26T20:10:45.7235360Z Adding repository directory to the temporary git global config as a safe directory
2026-09-26T20:10:45.7239467Z [command]/usr/bin/git config --global --add safe.directory /home/runner/work/argentum-batshit-test/argentum-batshit-test
2026-09-26T20:10:45.7271113Z Removing SSH command configuration
2026-09-26T20:10:45.7277556Z [command]/usr/bin/git config --local --name-only --get-regexp core\.sshCommand
2026-09-26T20:10:45.7305514Z [command]/usr/bin/git submodule foreach --recursive sh -c "git config --local --name-only --get-regexp 'core\.sshCommand' && git config --local --unset-all 'core.sshCommand' || :"
2026-09-26T20:10:45.7513539Z Removing HTTP extra header
2026-09-26T20:10:45.7518712Z [command]/usr/bin/git config --local --name-only --get-regexp http\.https\:\/\/github\.com\/\.extraheader
2026-09-26T20:10:45.7544029Z [command]/usr/bin/git submodule foreach --recursive sh -c "git config --local --name-only --get-regexp 'http\.https\:\/\/github\.com\/\.extraheader' && git config --local --unset-all 'http.https://github.com/.extraheader' || :"
2026-09-26T20:10:45.7750210Z Removing includeIf entries pointing to credentials config files
2026-09-26T20:10:45.7754506Z [command]/usr/bin/git config --local --name-only --get-regexp ^includeIf\.gitdir:
2026-09-26T20:10:45.7784276Z includeif.gitdir:/home/runner/work/argentum-batshit-test/argentum-batshit-test/.git.path
2026-09-26T20:10:45.7785523Z includeif.gitdir:/home/runner/work/argentum-batshit-test/argentum-batshit-test/.git/worktrees/*.path
2026-09-26T20:10:45.7786412Z includeif.gitdir:/github/workspace/.git.path
2026-09-26T20:10:45.7787119Z includeif.gitdir:/github/workspace/.git/worktrees/*.path
2026-09-26T20:10:45.7793161Z [command]/usr/bin/git config --local --get-all includeif.gitdir:/home/runner/work/argentum-batshit-test/argentum-batshit-test/.git.path
2026-09-26T20:10:45.7818270Z /home/runner/work/_temp/git-credentials-1266f7ca-1e25-4852-ac90-8bac40f6a20c.config
2026-09-26T20:10:45.7846743Z [command]/usr/bin/git config --local --unset includeif.gitdir:/home/runner/work/argentum-batshit-test/argentum-batshit-test/.git.path /home/runner/work/_temp/git-credentials-1266f7ca-1e25-4852-ac90-8bac40f6a20c.config
2026-09-26T20:10:45.7895812Z [command]/usr/bin/git config --local --get-all includeif.gitdir:/home/runner/work/argentum-batshit-test/argentum-batshit-test/.git/worktrees/*.path
2026-09-26T20:10:45.7924324Z /home/runner/work/_temp/git-credentials-1266f7ca-1e25-4852-ac90-8bac40f6a20c.config
2026-09-26T20:10:45.7941997Z [command]/usr/bin/git config --local --unset includeif.gitdir:/home/runner/work/argentum-batshit-test/argentum-batshit-test/.git/worktrees/*.path /home/runner/work/_temp/git-credentials-1266f7ca-1e25-4852-ac90-8bac40f6a20c.config
2026-09-26T20:10:45.8095087Z [command]/usr/bin/git config --local --get-all includeif.gitdir:/github/workspace/.git.path
2026-09-26T20:10:45.8132287Z /github/runner_temp/git-credentials-1266f7ca-1e25-4852-ac90-8bac40f6a20c.config
2026-09-26T20:10:45.8140213Z [command]/usr/bin/git config --local --unset includeif.gitdir:/github/workspace/.git.path /github/runner_temp/git-credentials-1266f7ca-1e25-4852-ac90-8bac40f6a20c.config
2026-09-26T20:10:45.8212368Z [command]/usr/bin/git config --local --get-all includeif.gitdir:/github/workspace/.git/worktrees/*.path
2026-09-26T20:10:45.8241932Z /github/runner_temp/git-credentials-1266f7ca-1e25-4852-ac90-8bac40f6a20c.config
2026-09-26T20:10:45.8247800Z [command]/usr/bin/git config --local --unset includeif.gitdir:/github/workspace/.git/worktrees/*.path /github/runner_temp/git-credentials-1266f7ca-1e25-4852-ac90-8bac40f6a20c.config
2026-09-26T20:10:45.8289117Z [command]/usr/bin/git submodule foreach --recursive git config --local --show-origin --name-only --get-regexp remote.origin.url
2026-09-26T20:10:45.8493072Z Removing credentials config '/home/runner/work/_temp/git-credentials-1266f7ca-1e25-4852-ac90-8bac40f6a20c.config'
2026-09-26T20:10:45.8624030Z Cleaning up orphan processes
