Get:1 file:/etc/apt/apt-mirrors.txt Mirrorlist [144 B]
Get:2 http://azure.archive.ubuntu.com/ubuntu noble InRelease [256 kB]
Get:3 http://azure.archive.ubuntu.com/ubuntu noble-updates InRelease [126 kB]
Get:4 http://azure.archive.ubuntu.com/ubuntu noble-backports InRelease [126 kB]
Get:6 https://packages.microsoft.com/ubuntu/24.04/prod noble InRelease [3600 B]
Get:5 http://azure.archive.ubuntu.com/ubuntu noble-security InRelease [126 kB]
Get:7 http://azure.archive.ubuntu.com/ubuntu noble/main amd64 Packages [1401 kB]
Get:8 http://azure.archive.ubuntu.com/ubuntu noble/main Translation-en [513 kB]
Get:9 http://azure.archive.ubuntu.com/ubuntu noble/main amd64 Components [464 kB]
Get:10 http://azure.archive.ubuntu.com/ubuntu noble/main amd64 c-n-f Metadata [30.5 kB]
Get:11 http://azure.archive.ubuntu.com/ubuntu noble/universe amd64 Packages [15.0 MB]
Get:38 https://packages.microsoft.com/ubuntu/24.04/prod noble/main arm64 Packages [446 kB]
Get:12 http://azure.archive.ubuntu.com/ubuntu noble/universe Translation-en [5982 kB]
Get:39 https://packages.microsoft.com/ubuntu/24.04/prod noble/main amd64 Packages [498 kB]
Get:40 https://packages.microsoft.com/ubuntu/24.04/prod noble/main all Packages [643 B]
Get:55 https://packages.microsoft.com/ubuntu/24.04/prod noble/main armhf Packages [12.5 kB]
Get:13 http://azure.archive.ubuntu.com/ubuntu noble/universe amd64 Components [3871 kB]
Get:14 http://azure.archive.ubuntu.com/ubuntu noble/universe amd64 c-n-f Metadata [301 kB]
Get:15 http://azure.archive.ubuntu.com/ubuntu noble/restricted amd64 Packages [93.9 kB]
Get:16 http://azure.archive.ubuntu.com/ubuntu noble/restricted Translation-en [18.7 kB]
Get:17 http://azure.archive.ubuntu.com/ubuntu noble/restricted amd64 c-n-f Metadata [416 B]
Get:18 http://azure.archive.ubuntu.com/ubuntu noble/multiverse amd64 Packages [269 kB]
Get:19 http://azure.archive.ubuntu.com/ubuntu noble/multiverse Translation-en [118 kB]
Get:20 http://azure.archive.ubuntu.com/ubuntu noble/multiverse amd64 Components [35.0 kB]
Get:21 http://azure.archive.ubuntu.com/ubuntu noble/multiverse amd64 c-n-f Metadata [8328 B]
Get:22 http://azure.archive.ubuntu.com/ubuntu noble-updates/main amd64 Packages [1319 kB]
Get:23 http://azure.archive.ubuntu.com/ubuntu noble-updates/main Translation-en [299 kB]
Get:24 http://azure.archive.ubuntu.com/ubuntu noble-updates/main amd64 Components [181 kB]
Get:25 http://azure.archive.ubuntu.com/ubuntu noble-updates/main amd64 c-n-f Metadata [17.7 kB]
Get:26 http://azure.archive.ubuntu.com/ubuntu noble-updates/universe amd64 Packages [1697 kB]
Get:27 http://azure.archive.ubuntu.com/ubuntu noble-updates/universe Translation-en [340 kB]
Get:28 http://azure.archive.ubuntu.com/ubuntu noble-updates/universe amd64 Components [388 kB]
Get:29 http://azure.archive.ubuntu.com/ubuntu noble-updates/universe amd64 c-n-f Metadata [34.9 kB]
Get:30 http://azure.archive.ubuntu.com/ubuntu noble-updates/restricted amd64 Packages [1654 kB]
Get:31 http://azure.archive.ubuntu.com/ubuntu noble-updates/restricted Translation-en [377 kB]
Get:32 http://azure.archive.ubuntu.com/ubuntu noble-updates/restricted amd64 Components [212 B]
Get:33 http://azure.archive.ubuntu.com/ubuntu noble-updates/restricted amd64 c-n-f Metadata [456 B]
Get:34 http://azure.archive.ubuntu.com/ubuntu noble-updates/multiverse amd64 Packages [45.7 kB]
Get:35 http://azure.archive.ubuntu.com/ubuntu noble-updates/multiverse Translation-en [13.1 kB]
Get:36 http://azure.archive.ubuntu.com/ubuntu noble-updates/multiverse amd64 Components [940 B]
Get:37 http://azure.archive.ubuntu.com/ubuntu noble-updates/multiverse amd64 c-n-f Metadata [656 B]
Get:41 http://azure.archive.ubuntu.com/ubuntu noble-backports/main amd64 Packages [40.6 kB]
Get:42 http://azure.archive.ubuntu.com/ubuntu noble-backports/main Translation-en [9172 B]
Get:43 http://azure.archive.ubuntu.com/ubuntu noble-backports/main amd64 Components [5760 B]
Get:44 http://azure.archive.ubuntu.com/ubuntu noble-backports/main amd64 c-n-f Metadata [368 B]
Get:45 http://azure.archive.ubuntu.com/ubuntu noble-backports/universe amd64 Packages [31.0 kB]
Get:46 http://azure.archive.ubuntu.com/ubuntu noble-backports/universe Translation-en [18.6 kB]
Get:47 http://azure.archive.ubuntu.com/ubuntu noble-backports/universe amd64 Components [12.6 kB]
Get:48 http://azure.archive.ubuntu.com/ubuntu noble-backports/universe amd64 c-n-f Metadata [1588 B]
Get:49 http://azure.archive.ubuntu.com/ubuntu noble-backports/restricted amd64 Components [212 B]
Get:50 http://azure.archive.ubuntu.com/ubuntu noble-backports/restricted amd64 c-n-f Metadata [116 B]
Get:51 http://azure.archive.ubuntu.com/ubuntu noble-backports/multiverse amd64 Packages [748 B]
Get:52 http://azure.archive.ubuntu.com/ubuntu noble-backports/multiverse Translation-en [340 B]
Get:53 http://azure.archive.ubuntu.com/ubuntu noble-backports/multiverse amd64 Components [212 B]
Get:54 http://azure.archive.ubuntu.com/ubuntu noble-backports/multiverse amd64 c-n-f Metadata [116 B]
Get:56 http://azure.archive.ubuntu.com/ubuntu noble-security/main amd64 Packages [1053 kB]
Get:57 http://azure.archive.ubuntu.com/ubuntu noble-security/main Translation-en [219 kB]
Get:58 http://azure.archive.ubuntu.com/ubuntu noble-security/main amd64 Components [46.5 kB]
Get:59 http://azure.archive.ubuntu.com/ubuntu noble-security/main amd64 c-n-f Metadata [11.9 kB]
Get:60 http://azure.archive.ubuntu.com/ubuntu noble-security/universe amd64 Packages [1220 kB]
Get:61 http://azure.archive.ubuntu.com/ubuntu noble-security/universe Translation-en [245 kB]
Get:62 http://azure.archive.ubuntu.com/ubuntu noble-security/universe amd64 Components [76.3 kB]
Get:63 http://azure.archive.ubuntu.com/ubuntu noble-security/universe amd64 c-n-f Metadata [24.2 kB]
Get:64 http://azure.archive.ubuntu.com/ubuntu noble-security/restricted amd64 Packages [1535 kB]
Get:65 http://azure.archive.ubuntu.com/ubuntu noble-security/restricted Translation-en [353 kB]
Get:66 http://azure.archive.ubuntu.com/ubuntu noble-security/restricted amd64 Components [212 B]
Get:67 http://azure.archive.ubuntu.com/ubuntu noble-security/restricted amd64 c-n-f Metadata [444 B]
Get:68 http://azure.archive.ubuntu.com/ubuntu noble-security/multiverse amd64 Packages [40.3 kB]
Get:69 http://azure.archive.ubuntu.com/ubuntu noble-security/multiverse Translation-en [11.3 kB]
Get:70 http://azure.archive.ubuntu.com/ubuntu noble-security/multiverse amd64 Components [208 B]
Get:71 http://azure.archive.ubuntu.com/ubuntu noble-security/multiverse amd64 c-n-f Metadata [468 B]
Fetched 41.1 MB in 5s (9070 kB/s)
Reading package lists...
