Package: inn2-inews
Architecture: amd64
Version: 2.7.2~20240212-1build3
Priority: extra
Section: universe/news
Source: inn2
Origin: Ubuntu
Maintainer: Ubuntu Developers <ubuntu-devel-discuss@lists.ubuntu.com>
Original-Maintainer: Marco d'Itri <md@linux.it>
Bugs: https://bugs.launchpad.net/ubuntu/+filebug
Installed-Size: 336
Provides: inews
Depends: libc6 (>= 2.38)
Filename: pool/universe/i/inn2/inn2-inews_2.7.2~20240212-1build3_amd64.deb
Size: 131052
MD5sum: e09abbc444dec6fb82d718bb3b4eeb21
SHA1: d6c834ad5a17159d3aa783c301004b3b125462c5
SHA256: a60a54dbdf3267eb5225e2b6a4b3a53f3cbe5ee4befd358fe748e0a070cf5391
SHA512: 59e6d99655ef95d230101b25c2ff7d6e86fe8f8e174c8d9f91df810a25e91540079b4a07342c51c470b412b8e1984dd598eb89d97da9c4704759272b4873b66a
Homepage: https://www.eyrie.org/~eagle/software/inn/
Description-en: NNTP client news injector, from InterNetNews (INN)
 'inews' is the program that newsreaders call when the user wishes to
 post an article; it does a few elementary checks and passes the article
 on to the news server for posting.
 .
 This version is the one from Rich Salz's InterNetNews news transport
 system (which is also available as a Debian package).
Description-md5: a5db9d905d5a55d55a233c52b39dad00

