scripts/test-class "IndustrialWasteV2AllocationRunnerTest" --offline --no-daemon --max-workers=1 --console=plain -Pkotlin.compiler.execution.strategy=in-process -PkotlinCompileParallelism=1 -Dorg.gradle.jvmargs=-Xmx4g
test-class: IndustrialWasteV2AllocationRunnerTest -> :ai
gradle-locked: 'shlock' not found; running ./gradlew unlocked
To honour the JVM settings for this build a single-use Daemon process will be forked. For more on this, please refer to https://docs.gradle.org/9.6.1/userguide/gradle_daemon.html#sec:disabling_the_daemon in the Gradle documentation.
Daemon will be stopped at the end of the build 
Calculating task graph as no cached configuration is available for tasks: :ai:test --tests IndustrialWasteV2AllocationRunnerTest
> Task :buildSrc:checkKotlinGradlePluginConfigurationErrors SKIPPED
> Task :buildSrc:generateExternalPluginSpecBuilders UP-TO-DATE
> Task :buildSrc:extractPrecompiledScriptPluginPlugins UP-TO-DATE
> Task :buildSrc:compilePluginsBlocks UP-TO-DATE
> Task :buildSrc:generatePrecompiledScriptPluginAccessors UP-TO-DATE
> Task :buildSrc:generateScriptPluginAdapters UP-TO-DATE
> Task :buildSrc:compileKotlin UP-TO-DATE
> Task :buildSrc:compileJava NO-SOURCE
> Task :buildSrc:compileGroovy NO-SOURCE
> Task :buildSrc:pluginDescriptors UP-TO-DATE
> Task :buildSrc:processResources UP-TO-DATE
> Task :buildSrc:classes UP-TO-DATE
> Task :buildSrc:jar UP-TO-DATE
> Task :ai:checkKotlinGradlePluginConfigurationErrors SKIPPED
> Task :mtg-sdk:checkKotlinGradlePluginConfigurationErrors SKIPPED
> Task :mtg-sdk:compileKotlin UP-TO-DATE
> Task :mtg-sdk:compileJava NO-SOURCE
> Task :rules-engine:checkKotlinGradlePluginConfigurationErrors SKIPPED
> Task :rules-engine:compileKotlin UP-TO-DATE
> Task :rules-engine:compileJava NO-SOURCE
> Task :ai:compileKotlin UP-TO-DATE
> Task :ai:compileJava NO-SOURCE
> Task :ai:processResources UP-TO-DATE
> Task :ai:classes UP-TO-DATE
> Task :ai:jar UP-TO-DATE
> Task :mtg-sets:checkKotlinGradlePluginConfigurationErrors SKIPPED
> Task :mtg-sets:1993-1999:checkKotlinGradlePluginConfigurationErrors SKIPPED
> Task :mtg-sets:core:checkKotlinGradlePluginConfigurationErrors SKIPPED
> Task :mtg-sets:core:compileKotlin UP-TO-DATE
> Task :mtg-sets:core:compileJava NO-SOURCE
> Task :mtg-sets:1993-1999:compileKotlin UP-TO-DATE
> Task :mtg-sets:1993-1999:compileJava NO-SOURCE
> Task :mtg-sets:2000-2002:checkKotlinGradlePluginConfigurationErrors SKIPPED
> Task :mtg-sets:2000-2002:compileKotlin UP-TO-DATE
> Task :mtg-sets:2000-2002:compileJava NO-SOURCE
> Task :mtg-sets:2003-2007:checkKotlinGradlePluginConfigurationErrors SKIPPED
> Task :mtg-sets:2003-2007:compileKotlin UP-TO-DATE
> Task :mtg-sets:2003-2007:compileJava NO-SOURCE
> Task :mtg-sets:2008-2016:checkKotlinGradlePluginConfigurationErrors SKIPPED
> Task :mtg-sets:2008-2016:compileKotlin UP-TO-DATE
> Task :mtg-sets:2008-2016:compileJava NO-SOURCE
> Task :mtg-sets:2017-2022:checkKotlinGradlePluginConfigurationErrors SKIPPED
> Task :mtg-sets:2017-2022:compileKotlin UP-TO-DATE
> Task :mtg-sets:2017-2022:compileJava NO-SOURCE
> Task :mtg-sets:2023:checkKotlinGradlePluginConfigurationErrors SKIPPED
> Task :mtg-sets:2023:compileKotlin UP-TO-DATE
> Task :mtg-sets:2023:compileJava NO-SOURCE
> Task :mtg-sets:2024:checkKotlinGradlePluginConfigurationErrors SKIPPED
> Task :mtg-sets:2024:compileKotlin UP-TO-DATE
> Task :mtg-sets:2024:compileJava NO-SOURCE
> Task :mtg-sets:2025:checkKotlinGradlePluginConfigurationErrors SKIPPED
> Task :mtg-sets:2025:compileKotlin UP-TO-DATE
> Task :mtg-sets:2025:compileJava NO-SOURCE
> Task :mtg-sets:2026:checkKotlinGradlePluginConfigurationErrors SKIPPED
> Task :mtg-sets:2026:compileKotlin UP-TO-DATE
> Task :mtg-sets:2026:compileJava NO-SOURCE
> Task :mtg-sets:compileKotlin UP-TO-DATE
> Task :mtg-sets:compileJava NO-SOURCE
> Task :rules-engine:processResources UP-TO-DATE
> Task :rules-engine:classes UP-TO-DATE
> Task :rules-engine:jar UP-TO-DATE
> Task :rules-engine:compileTestFixturesKotlin UP-TO-DATE
> Task :rules-engine:compileTestFixturesJava NO-SOURCE
> Task :ai:compileTestKotlin UP-TO-DATE
> Task :ai:compileTestJava NO-SOURCE
> Task :ai:processTestResources UP-TO-DATE
> Task :ai:testClasses UP-TO-DATE
> Task :mtg-sdk:processResources NO-SOURCE
> Task :mtg-sdk:classes UP-TO-DATE
> Task :mtg-sdk:jar UP-TO-DATE
> Task :mtg-sets:processResources UP-TO-DATE
> Task :mtg-sets:classes UP-TO-DATE
> Task :mtg-sets:jar UP-TO-DATE
> Task :rules-engine:processTestFixturesResources NO-SOURCE
> Task :rules-engine:testFixturesClasses UP-TO-DATE
> Task :rules-engine:testFixturesJar UP-TO-DATE
> Task :mtg-sets:1993-1999:processResources NO-SOURCE
> Task :mtg-sets:1993-1999:classes UP-TO-DATE
> Task :mtg-sets:1993-1999:jar UP-TO-DATE
> Task :mtg-sets:2000-2002:processResources NO-SOURCE
> Task :mtg-sets:2000-2002:classes UP-TO-DATE
> Task :mtg-sets:2000-2002:jar UP-TO-DATE
> Task :mtg-sets:2003-2007:processResources NO-SOURCE
> Task :mtg-sets:2003-2007:classes UP-TO-DATE
> Task :mtg-sets:2003-2007:jar UP-TO-DATE
> Task :mtg-sets:2008-2016:processResources NO-SOURCE
> Task :mtg-sets:2008-2016:classes UP-TO-DATE
> Task :mtg-sets:2008-2016:jar UP-TO-DATE
> Task :mtg-sets:2017-2022:processResources NO-SOURCE
> Task :mtg-sets:2017-2022:classes UP-TO-DATE
> Task :mtg-sets:2017-2022:jar UP-TO-DATE
> Task :mtg-sets:2023:processResources NO-SOURCE
> Task :mtg-sets:2023:classes UP-TO-DATE
> Task :mtg-sets:2023:jar UP-TO-DATE
> Task :mtg-sets:2024:processResources NO-SOURCE
> Task :mtg-sets:2024:classes UP-TO-DATE
> Task :mtg-sets:2024:jar UP-TO-DATE
> Task :mtg-sets:2025:processResources NO-SOURCE
> Task :mtg-sets:2025:classes UP-TO-DATE
> Task :mtg-sets:2025:jar UP-TO-DATE
> Task :mtg-sets:2026:processResources NO-SOURCE
> Task :mtg-sets:2026:classes UP-TO-DATE
> Task :mtg-sets:2026:jar UP-TO-DATE
> Task :mtg-sets:core:processResources UP-TO-DATE
> Task :mtg-sets:core:classes UP-TO-DATE
> Task :mtg-sets:core:jar UP-TO-DATE

> Task :ai:test

IndustrialWasteV2AllocationRunnerTest > complete excluded allocation preserves exact actions events checkpoints and replay PASSED

IndustrialWasteV2AllocationRunnerTest > allocation directory is create-once and a second invocation cannot replace evidence SKIPPED

IndustrialWasteV2AllocationRunnerTest > frozen Compact Loop spell-bearing fixture composes the public pilot typed metrics and snapshot replay SKIPPED

IndustrialWasteV2AllocationRunnerTest > official namespace or official allocation id is rejected before any filesystem mutation SKIPPED
Kotlin build report is written to file:///workspace/scratch/dea6a31b4c71/industrial/build/reports/kotlin-build/argentum-engine-build-2026-09-27-00-26-45-0.txt

[Incubating] Problems report is available at: file:///workspace/scratch/dea6a31b4c71/industrial/build/reports/problems/problems-report.html

Deprecated Gradle features were used in this build, making it incompatible with Gradle 10.

You can use '--warning-mode all' to show the individual deprecation warnings and determine if they come from your own scripts or plugins.

For more on this, please refer to https://docs.gradle.org/9.6.1/userguide/command_line_interface.html#sec:command_line_warnings in the Gradle documentation.

BUILD SUCCESSFUL in 41s
46 actionable tasks: 1 executed, 45 up-to-date
Configuration cache entry stored.
