2026-09-26T06:51:18.1092466Z Current runner version: '2.337.0'
2026-09-26T06:51:18.1118028Z ##[group]Runner Image Provisioner
2026-09-26T06:51:18.1118917Z Hosted Compute Agent
2026-09-26T06:51:18.1119613Z Version: 20260828.587
2026-09-26T06:51:18.1120268Z Commit: abac92662cab4cc7352de4f9f9d2e2419aad9c29
2026-09-26T06:51:18.1121082Z Build Date: 2026-08-28T16:44:25Z
2026-09-26T06:51:18.1121827Z Worker ID: {1f1457dc-09e0-4572-9ac2-39c23b011b1c}
2026-09-26T06:51:18.1122584Z Azure Region: eastus2
2026-09-26T06:51:18.1123539Z ##[endgroup]
2026-09-26T06:51:18.1125100Z ##[group]Operating System
2026-09-26T06:51:18.1125829Z Ubuntu
2026-09-26T06:51:18.1126418Z 24.04.5
2026-09-26T06:51:18.1126934Z LTS
2026-09-26T06:51:18.1127730Z ##[endgroup]
2026-09-26T06:51:18.1128297Z ##[group]Runner Image
2026-09-26T06:51:18.1129248Z Image: ubuntu-24.04
2026-09-26T06:51:18.1130344Z Version: 20260920.314.1
2026-09-26T06:51:18.1132328Z Included Software: https://github.com/actions/runner-images/blob/ubuntu24/20260920.314/images/ubuntu/Ubuntu2404-Readme.md
2026-09-26T06:51:18.1134463Z Image Release: https://github.com/actions/runner-images/releases/tag/ubuntu24%2F20260920.314
2026-09-26T06:51:18.1135447Z ##[endgroup]
2026-09-26T06:51:18.1136677Z ##[group]GITHUB_TOKEN Permissions
2026-09-26T06:51:18.1139044Z Contents: read
2026-09-26T06:51:18.1139771Z Metadata: read
2026-09-26T06:51:18.1140379Z ##[endgroup]
2026-09-26T06:51:18.1142581Z Secret source: Actions
2026-09-26T06:51:18.1143533Z Cache mode: write
2026-09-26T06:51:18.1144557Z Prepare workflow directory
2026-09-26T06:51:18.1470796Z Prepare all required actions
2026-09-26T06:51:18.1519781Z Getting action download info
2026-09-26T06:51:18.4020326Z Download action repository 'actions/checkout@v6' (SHA:d23441a48e516b6c34aea4fa41551a30e30af803)
2026-09-26T06:51:18.4967778Z Download action repository 'actions/setup-java@v5' (SHA:b6effb05e454b25005698d916606bdc6ffcbf961)
2026-09-26T06:51:18.7720667Z Download action repository 'gradle/actions@v6' (SHA:9c971963bec38e04b3d30dcc455b5382be2fdbfb)
2026-09-26T06:51:19.4134719Z Download action repository 'actions/upload-artifact@v7' (SHA:043fb46d1a93c77aae656e7c1c64a875d1fc6a0a)
2026-09-26T06:51:19.8381136Z Complete job name: deterministic
2026-09-26T06:51:19.9173397Z ##[group]Run actions/checkout@v6
2026-09-26T06:51:19.9174589Z with:
2026-09-26T06:51:19.9175147Z   ref: 901729f259d044dfa157f745b8d764cb454922ef
2026-09-26T06:51:19.9175682Z   fetch-depth: 0
2026-09-26T06:51:19.9176147Z   repository: GodaPupa/argentum-batshit-test
2026-09-26T06:51:19.9179372Z   token: ***
2026-09-26T06:51:19.9179830Z   ssh-strict: true
2026-09-26T06:51:19.9180335Z   ssh-user: git
2026-09-26T06:51:19.9180773Z   persist-credentials: true
2026-09-26T06:51:19.9181218Z   clean: true
2026-09-26T06:51:19.9181784Z   sparse-checkout-cone-mode: true
2026-09-26T06:51:19.9182268Z   fetch-tags: false
2026-09-26T06:51:19.9182791Z   show-progress: true
2026-09-26T06:51:19.9183244Z   lfs: false
2026-09-26T06:51:19.9183642Z   submodules: false
2026-09-26T06:51:19.9184182Z   set-safe-directory: true
2026-09-26T06:51:19.9184685Z   allow-unsafe-pr-checkout: false
2026-09-26T06:51:19.9185561Z ##[endgroup]
2026-09-26T06:51:20.0286366Z Syncing repository: GodaPupa/argentum-batshit-test
2026-09-26T06:51:20.0289064Z ##[group]Getting Git version info
2026-09-26T06:51:20.0290134Z Working directory is '/home/runner/work/argentum-batshit-test/argentum-batshit-test'
2026-09-26T06:51:20.0291589Z [command]/usr/bin/git version
2026-09-26T06:51:20.0398555Z git version 2.55.0
2026-09-26T06:51:20.0425309Z ##[endgroup]
2026-09-26T06:51:20.0432907Z Temporarily overriding HOME='/home/runner/work/_temp/363d165e-b24b-4b12-b2b4-6d30a3962d27' before making global git config changes
2026-09-26T06:51:20.0434501Z Adding repository directory to the temporary git global config as a safe directory
2026-09-26T06:51:20.0439983Z [command]/usr/bin/git config --global --add safe.directory /home/runner/work/argentum-batshit-test/argentum-batshit-test
2026-09-26T06:51:20.0496584Z Deleting the contents of '/home/runner/work/argentum-batshit-test/argentum-batshit-test'
2026-09-26T06:51:20.0503060Z ##[group]Determining repository object format
2026-09-26T06:51:20.0506418Z ##[endgroup]
2026-09-26T06:51:20.0507868Z ##[group]Initializing the repository
2026-09-26T06:51:20.0512267Z [command]/usr/bin/git init /home/runner/work/argentum-batshit-test/argentum-batshit-test
2026-09-26T06:51:20.0686049Z hint: Using 'master' as the name for the initial branch. This default branch name
2026-09-26T06:51:20.0688266Z hint: will change to "main" in Git 3.0. To configure the initial branch name
2026-09-26T06:51:20.0689862Z hint: to use in all of your new repositories, which will suppress this warning,
2026-09-26T06:51:20.0691003Z hint: call:
2026-09-26T06:51:20.0691719Z hint:
2026-09-26T06:51:20.0692643Z hint: 	git config --global init.defaultBranch <name>
2026-09-26T06:51:20.0695123Z hint:
2026-09-26T06:51:20.0696099Z hint: Names commonly chosen instead of 'master' are 'main', 'trunk' and
2026-09-26T06:51:20.0697648Z hint: 'development'. The just-created branch can be renamed via this command:
2026-09-26T06:51:20.0699018Z hint:
2026-09-26T06:51:20.0701508Z hint: 	git branch -m <name>
2026-09-26T06:51:20.0702397Z hint:
2026-09-26T06:51:20.0703655Z hint: Disable this message with "git config set advice.defaultBranchName false"
2026-09-26T06:51:20.0705465Z Initialized empty Git repository in /home/runner/work/argentum-batshit-test/argentum-batshit-test/.git/
2026-09-26T06:51:20.0709330Z [command]/usr/bin/git remote add origin https://github.com/GodaPupa/argentum-batshit-test
2026-09-26T06:51:20.0829085Z ##[endgroup]
2026-09-26T06:51:20.0831008Z ##[group]Disabling automatic garbage collection
2026-09-26T06:51:20.0858544Z [command]/usr/bin/git config --local gc.auto 0
2026-09-26T06:51:20.0896205Z ##[endgroup]
2026-09-26T06:51:20.0897955Z ##[group]Setting up auth
2026-09-26T06:51:20.0898522Z Removing SSH command configuration
2026-09-26T06:51:20.0899117Z [command]/usr/bin/git config --local --name-only --get-regexp core\.sshCommand
2026-09-26T06:51:20.0958801Z [command]/usr/bin/git submodule foreach --recursive sh -c "git config --local --name-only --get-regexp 'core\.sshCommand' && git config --local --unset-all 'core.sshCommand' || :"
2026-09-26T06:51:20.1383531Z Removing HTTP extra header
2026-09-26T06:51:20.1391057Z [command]/usr/bin/git config --local --name-only --get-regexp http\.https\:\/\/github\.com\/\.extraheader
2026-09-26T06:51:20.1430477Z [command]/usr/bin/git submodule foreach --recursive sh -c "git config --local --name-only --get-regexp 'http\.https\:\/\/github\.com\/\.extraheader' && git config --local --unset-all 'http.https://github.com/.extraheader' || :"
2026-09-26T06:51:20.1676917Z Removing includeIf entries pointing to credentials config files
2026-09-26T06:51:20.1686905Z [command]/usr/bin/git config --local --name-only --get-regexp ^includeIf\.gitdir:
2026-09-26T06:51:20.1731349Z [command]/usr/bin/git submodule foreach --recursive git config --local --show-origin --name-only --get-regexp remote.origin.url
2026-09-26T06:51:20.1983847Z [command]/usr/bin/git config --file /home/runner/work/_temp/git-credentials-82217f62-944c-4c43-87bf-ed42b06d65db.config http.https://github.com/.extraheader AUTHORIZATION: basic ***
2026-09-26T06:51:20.2025670Z [command]/usr/bin/git config --local includeIf.gitdir:/home/runner/work/argentum-batshit-test/argentum-batshit-test/.git.path /home/runner/work/_temp/git-credentials-82217f62-944c-4c43-87bf-ed42b06d65db.config
2026-09-26T06:51:20.2061709Z [command]/usr/bin/git config --local includeIf.gitdir:/home/runner/work/argentum-batshit-test/argentum-batshit-test/.git/worktrees/*.path /home/runner/work/_temp/git-credentials-82217f62-944c-4c43-87bf-ed42b06d65db.config
2026-09-26T06:51:20.2102194Z [command]/usr/bin/git config --local includeIf.gitdir:/github/workspace/.git.path /github/runner_temp/git-credentials-82217f62-944c-4c43-87bf-ed42b06d65db.config
2026-09-26T06:51:20.2141408Z [command]/usr/bin/git config --local includeIf.gitdir:/github/workspace/.git/worktrees/*.path /github/runner_temp/git-credentials-82217f62-944c-4c43-87bf-ed42b06d65db.config
2026-09-26T06:51:20.2171911Z ##[endgroup]
2026-09-26T06:51:20.2172526Z ##[group]Fetching the repository
2026-09-26T06:51:20.2180509Z [command]/usr/bin/git -c protocol.version=2 fetch --no-tags --prune --no-recurse-submodules origin +refs/heads/*:refs/remotes/origin/* +refs/tags/*:refs/tags/*
2026-09-26T06:51:34.0062230Z From https://github.com/GodaPupa/argentum-batshit-test
2026-09-26T06:51:34.0063442Z  * [new branch]            affinity/grixis-policy-regression -> origin/affinity/grixis-policy-regression
2026-09-26T06:51:34.0064750Z  * [new branch]            affinity/grixis-preboard-sample-1 -> origin/affinity/grixis-preboard-sample-1
2026-09-26T06:51:34.0065922Z  * [new branch]            affinity/grixis-readiness -> origin/affinity/grixis-readiness
2026-09-26T06:51:34.0067025Z  * [new branch]            affinity/grixis-smoke-10 -> origin/affinity/grixis-smoke-10
2026-09-26T06:51:34.0068790Z  * [new branch]            engine/ojer-pakpatiq-lethal-fixture -> origin/engine/ojer-pakpatiq-lethal-fixture
2026-09-26T06:51:34.0070081Z  * [new branch]            engine/post-cast-sba -> origin/engine/post-cast-sba
2026-09-26T06:51:34.0071255Z  * [new branch]            engine/priority-after-resolution -> origin/engine/priority-after-resolution
2026-09-26T06:51:34.0072541Z  * [new branch]            experiment/optimization-a-preflight -> origin/experiment/optimization-a-preflight
2026-09-26T06:51:34.0074097Z  * [new branch]            experiment/paired-counterfactual-framework -> origin/experiment/paired-counterfactual-framework
2026-09-26T06:51:34.0075593Z  * [new branch]            experiment/preboard-100-v1 -> origin/experiment/preboard-100-v1
2026-09-26T06:51:34.0076746Z  * [new branch]            experiment/preboard-100-v2 -> origin/experiment/preboard-100-v2
2026-09-26T06:51:34.0078146Z  * [new branch]            face-value-edh/r1-reconstruction -> origin/face-value-edh/r1-reconstruction
2026-09-26T06:51:34.0079228Z  * [new branch]            face-value/lab       -> origin/face-value/lab
2026-09-26T06:51:34.0080516Z  * [new branch]            ferocity-recycling/archetype-research -> origin/ferocity-recycling/archetype-research
2026-09-26T06:51:34.0082300Z  * [new branch]            fix/bats-rescue-readiness -> origin/fix/bats-rescue-readiness
2026-09-26T06:51:34.0083466Z  * [new branch]            fix/tapped-land-sequencing -> origin/fix/tapped-land-sequencing
2026-09-26T06:51:34.0084565Z  * [new branch]            fix/trace-format-assertion -> origin/fix/trace-format-assertion
2026-09-26T06:51:34.0085789Z  * [new branch]            industrial-waste/gate-10-elves-readiness -> origin/industrial-waste/gate-10-elves-readiness
2026-09-26T06:51:34.0087500Z  * [new branch]            industrial-waste/gate-11-spy-combo-readiness -> origin/industrial-waste/gate-11-spy-combo-readiness
2026-09-26T06:51:34.0089088Z  * [new branch]            industrial-waste/gate-9-monster-tron-readiness -> origin/industrial-waste/gate-9-monster-tron-readiness
2026-09-26T06:51:34.0090314Z  * [new branch]            industrial-waste/lab -> origin/industrial-waste/lab
2026-09-26T06:51:34.0091607Z  * [new branch]            industrial-waste/v2-reality-fracture-challengers -> origin/industrial-waste/v2-reality-fracture-challengers
2026-09-26T06:51:34.0093258Z  * [new branch]            industrial-waste/v2-structural-redesign -> origin/industrial-waste/v2-structural-redesign
2026-09-26T06:51:34.0094121Z  * [new branch]            izzet-science/twinned-vision-challenger -> origin/izzet-science/twinned-vision-challenger
2026-09-26T06:51:34.0094779Z  * [new branch]            lilysplash/lab       -> origin/lilysplash/lab
2026-09-26T06:51:34.0095274Z  * [new branch]            main                 -> origin/main
2026-09-26T06:51:34.0096082Z  * [new branch]            manual-transmission/emrakul-exigent-doom-challenger -> origin/manual-transmission/emrakul-exigent-doom-challenger
2026-09-26T06:51:34.0096947Z  * [new branch]            manual-transmission/phase2-cedh -> origin/manual-transmission/phase2-cedh
2026-09-26T06:51:34.0098110Z  * [new branch]            manual-transmission/qualification -> origin/manual-transmission/qualification
2026-09-26T06:51:34.0099369Z  * [new branch]            mayhem/izzet-baseline-bestow-diagnostic -> origin/mayhem/izzet-baseline-bestow-diagnostic
2026-09-26T06:51:34.0100206Z  * [new branch]            mayhem/izzet-baseline-control-diagnostic -> origin/mayhem/izzet-baseline-control-diagnostic
2026-09-26T06:51:34.0101026Z  * [new branch]            mayhem/izzet-bestow-integration -> origin/mayhem/izzet-bestow-integration
2026-09-26T06:51:34.0102116Z  * [new branch]            mayhem/izzet-science -> origin/mayhem/izzet-science
2026-09-26T06:51:34.0103343Z  * [new branch]            mayhem/izzet-science-v07-twinned-vision -> origin/mayhem/izzet-science-v07-twinned-vision
2026-09-26T06:51:34.0104167Z  * [new branch]            mayhem/project-x     -> origin/mayhem/project-x
2026-09-26T06:51:34.0104727Z  * [new branch]            optimization/experiment-a -> origin/optimization/experiment-a
2026-09-26T06:51:34.0105320Z  * [new branch]            optimization/experiment-b -> origin/optimization/experiment-b
2026-09-26T06:51:34.0105921Z  * [new branch]            optimization/experiment-c -> origin/optimization/experiment-c
2026-09-26T06:51:34.0106607Z  * [new branch]            optimization/experiment-c-replication -> origin/optimization/experiment-c-replication
2026-09-26T06:51:34.0107601Z  * [new branch]            optimization/experiment-d -> origin/optimization/experiment-d
2026-09-26T06:51:34.0108249Z  * [new branch]            optimization/experiment-e -> origin/optimization/experiment-e
2026-09-26T06:51:34.0108973Z  * [new branch]            optimization/experiment-e-results -> origin/optimization/experiment-e-results
2026-09-26T06:51:34.0109845Z  * [new branch]            optimization/greedy-freebooter-readiness -> origin/optimization/greedy-freebooter-readiness
2026-09-26T06:51:34.0110729Z  * [new branch]            pest-control/gate3-validation-bridge -> origin/pest-control/gate3-validation-bridge
2026-09-26T06:51:34.0111703Z  * [new branch]            pest-control/gate4-sideboard-validation-bridge -> origin/pest-control/gate4-sideboard-validation-bridge
2026-09-26T06:51:34.0113556Z  * [new branch]            pest-control/gate4-validation-bridge -> origin/pest-control/gate4-validation-bridge
2026-09-26T06:51:34.0115055Z  * [new branch]            pest-control/gate5-block-a-validation-bridge -> origin/pest-control/gate5-block-a-validation-bridge
2026-09-26T06:51:34.0116197Z  * [new branch]            pest-control/gate6-block-a-execution -> origin/pest-control/gate6-block-a-execution
2026-09-26T06:51:34.0117417Z  * [new branch]            pest-control/gate6-readiness-validation-bridge -> origin/pest-control/gate6-readiness-validation-bridge
2026-09-26T06:51:34.0118505Z  * [new branch]            pest-control/lab     -> origin/pest-control/lab
2026-09-26T06:51:34.0119891Z  * [new branch]            pest-control/official-attempts/monster-tron-smoke-v1 -> origin/pest-control/official-attempts/monster-tron-smoke-v1
2026-09-26T06:51:34.0121472Z  * [new branch]            pest-control/pass-terminal-validation-bridge -> origin/pest-control/pass-terminal-validation-bridge
2026-09-26T06:51:34.0122683Z  * [new branch]            pest-control/reality-fracture-challengers -> origin/pest-control/reality-fracture-challengers
2026-09-26T06:51:34.0123811Z  * [new branch]            pest-control/reality-fracture-medics-kitesail -> origin/pest-control/reality-fracture-medics-kitesail
2026-09-26T06:51:34.0125037Z  * [new branch]            pest-control/tier-one-grixis-execution-authorization -> origin/pest-control/tier-one-grixis-execution-authorization
2026-09-26T06:51:34.0126948Z  * [new branch]            pest-control/tier-one-grixis-execution-coordinator -> origin/pest-control/tier-one-grixis-execution-coordinator
2026-09-26T06:51:34.0128478Z  * [new branch]            pest-control/tier-one-grixis-execution-implementation -> origin/pest-control/tier-one-grixis-execution-implementation
2026-09-26T06:51:34.0129624Z  * [new branch]            pest-control/tier-one-grixis-execution-preflight-fix -> origin/pest-control/tier-one-grixis-execution-preflight-fix
2026-09-26T06:51:34.0130961Z  * [new branch]            pest-control/tier-one-grixis-execution-preflight-v3 -> origin/pest-control/tier-one-grixis-execution-preflight-v3
2026-09-26T06:51:34.0132057Z  * [new branch]            pest-control/tier-one-grixis-execution-preflight-v4 -> origin/pest-control/tier-one-grixis-execution-preflight-v4
2026-09-26T06:51:34.0133137Z  * [new branch]            pest-control/tier-one-grixis-execution-preflight-v5 -> origin/pest-control/tier-one-grixis-execution-preflight-v5
2026-09-26T06:51:34.0134362Z  * [new branch]            pest-control/tier-one-grixis-execution-preflight-v6 -> origin/pest-control/tier-one-grixis-execution-preflight-v6
2026-09-26T06:51:34.0135753Z  * [new branch]            pest-control/tier-one-grixis-final-composed-validation -> origin/pest-control/tier-one-grixis-final-composed-validation
2026-09-26T06:51:34.0137059Z  * [new branch]            pest-control/tier-one-grixis-official-integration -> origin/pest-control/tier-one-grixis-official-integration
2026-09-26T06:51:34.0138614Z  * [new branch]            pest-control/tier-one-grixis-one-shot-execution -> origin/pest-control/tier-one-grixis-one-shot-execution
2026-09-26T06:51:34.0139885Z  * [new branch]            pest-control/tier-one-grixis-production-driver -> origin/pest-control/tier-one-grixis-production-driver
2026-09-26T06:51:34.0141201Z  * [new branch]            pest-control/tier-one-grixis-replication-artifact-validation -> origin/pest-control/tier-one-grixis-replication-artifact-validation
2026-09-26T06:51:34.0142644Z  * [new branch]            pest-control/tier-one-grixis-replication-continuation-methodology -> origin/pest-control/tier-one-grixis-replication-continuation-methodology
2026-09-26T06:51:34.0144093Z  * [new branch]            pest-control/tier-one-grixis-replication-execution-harness -> origin/pest-control/tier-one-grixis-replication-execution-harness
2026-09-26T06:51:34.0145502Z  * [new branch]            pest-control/tier-one-grixis-replication-freeze-gate -> origin/pest-control/tier-one-grixis-replication-freeze-gate
2026-09-26T06:51:34.0147212Z  * [new branch]            pest-control/tier-one-grixis-replication-freeze-provenance -> origin/pest-control/tier-one-grixis-replication-freeze-provenance
2026-09-26T06:51:34.0148664Z  * [new branch]            pest-control/tier-one-grixis-replication-game1-incident -> origin/pest-control/tier-one-grixis-replication-game1-incident
2026-09-26T06:51:34.0150014Z  * [new branch]            pest-control/tier-one-grixis-replication-initializer-fix -> origin/pest-control/tier-one-grixis-replication-initializer-fix
2026-09-26T06:51:34.0151492Z  * [new branch]            pest-control/tier-one-grixis-replication-official-execution -> origin/pest-control/tier-one-grixis-replication-official-execution
2026-09-26T06:51:34.0152899Z  * [new branch]            pest-control/tier-one-grixis-replication-production-freeze -> origin/pest-control/tier-one-grixis-replication-production-freeze
2026-09-26T06:51:34.0154242Z  * [new branch]            pest-control/tier-one-grixis-salvage-11-artifact-validation -> origin/pest-control/tier-one-grixis-salvage-11-artifact-validation
2026-09-26T06:51:34.0155495Z  * [new branch]            pest-control/tier-one-grixis-salvage-11-harness -> origin/pest-control/tier-one-grixis-salvage-11-harness
2026-09-26T06:51:34.0156749Z  * [new branch]            pest-control/tier-one-grixis-salvage-11-official-execution -> origin/pest-control/tier-one-grixis-salvage-11-official-execution
2026-09-26T06:51:34.0158148Z  * [new branch]            pest-control/tier-one-grixis-salvage-11-result -> origin/pest-control/tier-one-grixis-salvage-11-result
2026-09-26T06:51:34.0159254Z  * [new branch]            pest-control/tier-one-grixis-smoke-result -> origin/pest-control/tier-one-grixis-smoke-result
2026-09-26T06:51:34.0160360Z  * [new branch]            pest-control/tier1-grixis-adapter-contract -> origin/pest-control/tier1-grixis-adapter-contract
2026-09-26T06:51:34.0161657Z  * [new branch]            pest-control/tier1-grixis-artifact-envelope -> origin/pest-control/tier1-grixis-artifact-envelope
2026-09-26T06:51:34.0162794Z  * [new branch]            pest-control/tier1-grixis-construction-closure -> origin/pest-control/tier1-grixis-construction-closure
2026-09-26T06:51:34.0164072Z  * [new branch]            pest-control/tier1-grixis-coordinator-ledger -> origin/pest-control/tier1-grixis-coordinator-ledger
2026-09-26T06:51:34.0165592Z  * [new branch]            pest-control/tier1-grixis-disabled-assignment-schema -> origin/pest-control/tier1-grixis-disabled-assignment-schema
2026-09-26T06:51:34.0166781Z  * [new branch]            pest-control/tier1-grixis-disabled-durability -> origin/pest-control/tier1-grixis-disabled-durability
2026-09-26T06:51:34.0168084Z  * [new branch]            pest-control/tier1-grixis-disabled-four-cell-plan -> origin/pest-control/tier1-grixis-disabled-four-cell-plan
2026-09-26T06:51:34.0169315Z  * [new branch]            pest-control/tier1-grixis-disabled-official-initializer -> origin/pest-control/tier1-grixis-disabled-official-initializer
2026-09-26T06:51:34.0170589Z  * [new branch]            pest-control/tier1-grixis-disabled-preexecution-manifest -> origin/pest-control/tier1-grixis-disabled-preexecution-manifest
2026-09-26T06:51:34.0171769Z  * [new branch]            pest-control/tier1-grixis-disabled-runner -> origin/pest-control/tier1-grixis-disabled-runner
2026-09-26T06:51:34.0172836Z  * [new branch]            pest-control/tier1-grixis-disabled-single-game -> origin/pest-control/tier1-grixis-disabled-single-game
2026-09-26T06:51:34.0174070Z  * [new branch]            pest-control/tier1-grixis-disabled-synthetic-provenance -> origin/pest-control/tier1-grixis-disabled-synthetic-provenance
2026-09-26T06:51:34.0175289Z  * [new branch]            pest-control/tier1-grixis-execution-admission -> origin/pest-control/tier1-grixis-execution-admission
2026-09-26T06:51:34.0176280Z  * [new branch]            pest-control/tier1-grixis-execution-contract -> origin/pest-control/tier1-grixis-execution-contract
2026-09-26T06:51:34.0177632Z  * [new branch]            pest-control/tier1-grixis-final-readiness -> origin/pest-control/tier1-grixis-final-readiness
2026-09-26T06:51:34.0178664Z  * [new branch]            pest-control/tier1-grixis-frozen-vector-binding -> origin/pest-control/tier1-grixis-frozen-vector-binding
2026-09-26T06:51:34.0179685Z  * [new branch]            pest-control/tier1-grixis-initializer-contract -> origin/pest-control/tier1-grixis-initializer-contract
2026-09-26T06:51:34.0180723Z  * [new branch]            pest-control/tier1-grixis-official-init-boundary -> origin/pest-control/tier1-grixis-official-init-boundary
2026-09-26T06:51:34.0181848Z  * [new branch]            pest-control/tier1-grixis-official-loader -> origin/pest-control/tier1-grixis-official-loader
2026-09-26T06:51:34.0182880Z  * [new branch]            pest-control/tier1-grixis-official-loader-provenance -> origin/pest-control/tier1-grixis-official-loader-provenance
2026-09-26T06:51:34.0183959Z  * [new branch]            pest-control/tier1-grixis-opaque-execution-plan -> origin/pest-control/tier1-grixis-opaque-execution-plan
2026-09-26T06:51:34.0184916Z  * [new branch]            pest-control/tier1-grixis-private-parser -> origin/pest-control/tier1-grixis-private-parser
2026-09-26T06:51:34.0185781Z  * [new branch]            pest-control/tier1-grixis-readiness -> origin/pest-control/tier1-grixis-readiness
2026-09-26T06:51:34.0186756Z  * [new branch]            pest-control/tier1-grixis-runner-surface-preflight -> origin/pest-control/tier1-grixis-runner-surface-preflight
2026-09-26T06:51:34.0187967Z  * [new branch]            pest-control/tier1-grixis-smoke-harness -> origin/pest-control/tier1-grixis-smoke-harness
2026-09-26T06:51:34.0189030Z  * [new branch]            pest-control/tier1-grixis-turn-zero-preflight -> origin/pest-control/tier1-grixis-turn-zero-preflight
2026-09-26T06:51:34.0189961Z  * [new branch]            pest-control/tier1-grixis-vector-freeze -> origin/pest-control/tier1-grixis-vector-freeze
2026-09-26T06:51:34.0191035Z  * [new branch]            pest-control/tier1-grixis-vector-provenance -> origin/pest-control/tier1-grixis-vector-provenance
2026-09-26T06:51:34.0192388Z  * [new branch]            pest-control/tier1-mono-blue-terror-ack-normalization -> origin/pest-control/tier1-mono-blue-terror-ack-normalization
2026-09-26T06:51:34.0193831Z  * [new branch]            pest-control/tier1-mono-blue-terror-adapter-contract -> origin/pest-control/tier1-mono-blue-terror-adapter-contract
2026-09-26T06:51:34.0194971Z  * [new branch]            pest-control/tier1-mono-blue-terror-assignment-journal -> origin/pest-control/tier1-mono-blue-terror-assignment-journal
2026-09-26T06:51:34.0196239Z  * [new branch]            pest-control/tier1-mono-blue-terror-authorized-initializer -> origin/pest-control/tier1-mono-blue-terror-authorized-initializer
2026-09-26T06:51:34.0197759Z  * [new branch]            pest-control/tier1-mono-blue-terror-auto-execution -> origin/pest-control/tier1-mono-blue-terror-auto-execution
2026-09-26T06:51:34.0198875Z  * [new branch]            pest-control/tier1-mono-blue-terror-automatic-freeze -> origin/pest-control/tier1-mono-blue-terror-automatic-freeze
2026-09-26T06:51:34.0199968Z  * [new branch]            pest-control/tier1-mono-blue-terror-card-support-a -> origin/pest-control/tier1-mono-blue-terror-card-support-a
2026-09-26T06:51:34.0201090Z  * [new branch]            pest-control/tier1-mono-blue-terror-composed-validation -> origin/pest-control/tier1-mono-blue-terror-composed-validation
2026-09-26T06:51:34.0202394Z  * [new branch]            pest-control/tier1-mono-blue-terror-construction-closure -> origin/pest-control/tier1-mono-blue-terror-construction-closure
2026-09-26T06:51:34.0203784Z  * [new branch]            pest-control/tier1-mono-blue-terror-coordinator-ledger -> origin/pest-control/tier1-mono-blue-terror-coordinator-ledger
2026-09-26T06:51:34.0205015Z  * [new branch]            pest-control/tier1-mono-blue-terror-disabled-assignment-schema -> origin/pest-control/tier1-mono-blue-terror-disabled-assignment-schema
2026-09-26T06:51:34.0206461Z  * [new branch]            pest-control/tier1-mono-blue-terror-disabled-four-cell-plan -> origin/pest-control/tier1-mono-blue-terror-disabled-four-cell-plan
2026-09-26T06:51:34.0207993Z  * [new branch]            pest-control/tier1-mono-blue-terror-disabled-official-initializer -> origin/pest-control/tier1-mono-blue-terror-disabled-official-initializer
2026-09-26T06:51:34.0209378Z  * [new branch]            pest-control/tier1-mono-blue-terror-disabled-preexecution-manifest -> origin/pest-control/tier1-mono-blue-terror-disabled-preexecution-manifest
2026-09-26T06:51:34.0210651Z  * [new branch]            pest-control/tier1-mono-blue-terror-disabled-single-game -> origin/pest-control/tier1-mono-blue-terror-disabled-single-game
2026-09-26T06:51:34.0211934Z  * [new branch]            pest-control/tier1-mono-blue-terror-disabled-synthetic-provenance -> origin/pest-control/tier1-mono-blue-terror-disabled-synthetic-provenance
2026-09-26T06:51:34.0213285Z  * [new branch]            pest-control/tier1-mono-blue-terror-dispatch-guard-v2 -> origin/pest-control/tier1-mono-blue-terror-dispatch-guard-v2
2026-09-26T06:51:34.0215346Z  * [new branch]            pest-control/tier1-mono-blue-terror-dispatch-order-fix -> origin/pest-control/tier1-mono-blue-terror-dispatch-order-fix
2026-09-26T06:51:34.0216737Z  * [new branch]            pest-control/tier1-mono-blue-terror-engine-evidence-rehearsal -> origin/pest-control/tier1-mono-blue-terror-engine-evidence-rehearsal
2026-09-26T06:51:34.0218217Z  * [new branch]            pest-control/tier1-mono-blue-terror-escape-support -> origin/pest-control/tier1-mono-blue-terror-escape-support
2026-09-26T06:51:34.0219400Z  * [new branch]            pest-control/tier1-mono-blue-terror-execution-authorization -> origin/pest-control/tier1-mono-blue-terror-execution-authorization
2026-09-26T06:51:34.0220602Z  * [new branch]            pest-control/tier1-mono-blue-terror-execution-contract -> origin/pest-control/tier1-mono-blue-terror-execution-contract
2026-09-26T06:51:34.0221977Z  * [new branch]            pest-control/tier1-mono-blue-terror-execution-coordinator -> origin/pest-control/tier1-mono-blue-terror-execution-coordinator
2026-09-26T06:51:34.0223141Z  * [new branch]            pest-control/tier1-mono-blue-terror-freeze-guard-fix -> origin/pest-control/tier1-mono-blue-terror-freeze-guard-fix
2026-09-26T06:51:34.0224324Z  * [new branch]            pest-control/tier1-mono-blue-terror-frozen-artifact-binding -> origin/pest-control/tier1-mono-blue-terror-frozen-artifact-binding
2026-09-26T06:51:34.0225542Z  * [new branch]            pest-control/tier1-mono-blue-terror-initializer-contract -> origin/pest-control/tier1-mono-blue-terror-initializer-contract
2026-09-26T06:51:34.0226748Z  * [new branch]            pest-control/tier1-mono-blue-terror-official-init-boundary -> origin/pest-control/tier1-mono-blue-terror-official-init-boundary
2026-09-26T06:51:34.0228358Z  * [new branch]            pest-control/tier1-mono-blue-terror-policy-calibration -> origin/pest-control/tier1-mono-blue-terror-policy-calibration
2026-09-26T06:51:34.0229950Z  * [new branch]            pest-control/tier1-mono-blue-terror-production-driver -> origin/pest-control/tier1-mono-blue-terror-production-driver
2026-09-26T06:51:34.0231830Z  * [new branch]            pest-control/tier1-mono-blue-terror-readiness -> origin/pest-control/tier1-mono-blue-terror-readiness
2026-09-26T06:51:34.0233706Z  * [new branch]            pest-control/tier1-mono-blue-terror-replication-auto-execution -> origin/pest-control/tier1-mono-blue-terror-replication-auto-execution
2026-09-26T06:51:34.0235510Z  * [new branch]            pest-control/tier1-mono-blue-terror-replication-auto-freeze -> origin/pest-control/tier1-mono-blue-terror-replication-auto-freeze
2026-09-26T06:51:34.0236898Z  * [new branch]            pest-control/tier1-mono-blue-terror-replication-execution-authorization -> origin/pest-control/tier1-mono-blue-terror-replication-execution-authorization
2026-09-26T06:51:34.0238711Z  * [new branch]            pest-control/tier1-mono-blue-terror-replication-execution-stack -> origin/pest-control/tier1-mono-blue-terror-replication-execution-stack
2026-09-26T06:51:34.0240037Z  * [new branch]            pest-control/tier1-mono-blue-terror-replication-freeze-gate -> origin/pest-control/tier1-mono-blue-terror-replication-freeze-gate
2026-09-26T06:51:34.0241589Z  * [new branch]            pest-control/tier1-mono-blue-terror-replication-freeze-provenance -> origin/pest-control/tier1-mono-blue-terror-replication-freeze-provenance
2026-09-26T06:51:34.0242987Z  * [new branch]            pest-control/tier1-mono-blue-terror-replication-harness-validation -> origin/pest-control/tier1-mono-blue-terror-replication-harness-validation
2026-09-26T06:51:34.0244271Z  * [new branch]            pest-control/tier1-mono-blue-terror-replication-result -> origin/pest-control/tier1-mono-blue-terror-replication-result
2026-09-26T06:51:34.0245501Z  * [new branch]            pest-control/tier1-mono-blue-terror-runner-surface-preflight -> origin/pest-control/tier1-mono-blue-terror-runner-surface-preflight
2026-09-26T06:51:34.0246722Z  * [new branch]            pest-control/tier1-mono-blue-terror-smoke-harness -> origin/pest-control/tier1-mono-blue-terror-smoke-harness
2026-09-26T06:51:34.0248086Z  * [new branch]            pest-control/tier1-mono-blue-terror-smoke-result -> origin/pest-control/tier1-mono-blue-terror-smoke-result
2026-09-26T06:51:34.0249219Z  * [new branch]            pest-control/tier1-mono-blue-terror-turn-zero-preflight -> origin/pest-control/tier1-mono-blue-terror-turn-zero-preflight
2026-09-26T06:51:34.0250338Z  * [new branch]            pest-control/tier1-mono-blue-terror-vector-freeze -> origin/pest-control/tier1-mono-blue-terror-vector-freeze
2026-09-26T06:51:34.0251445Z  * [new branch]            pest-control/tier1-mono-blue-terror-vector-provenance -> origin/pest-control/tier1-mono-blue-terror-vector-provenance
2026-09-26T06:51:34.0252624Z  * [new branch]            pest-control/tier1-monster-tron-admission -> origin/pest-control/tier1-monster-tron-admission
2026-09-26T06:51:34.0253543Z  * [new branch]            pest-control/tier1-monster-tron-cascade -> origin/pest-control/tier1-monster-tron-cascade
2026-09-26T06:51:34.0254535Z  * [new branch]            pest-control/tier1-monster-tron-cascade-readiness -> origin/pest-control/tier1-monster-tron-cascade-readiness
2026-09-26T06:51:34.0255573Z  * [new branch]            pest-control/tier1-monster-tron-command-repair -> origin/pest-control/tier1-monster-tron-command-repair
2026-09-26T06:51:34.0256683Z  * [new branch]            pest-control/tier1-monster-tron-execution-authorization -> origin/pest-control/tier1-monster-tron-execution-authorization
2026-09-26T06:51:34.0258029Z  * [new branch]            pest-control/tier1-monster-tron-official-smoke -> origin/pest-control/tier1-monster-tron-official-smoke
2026-09-26T06:51:34.0259113Z  * [new branch]            pest-control/tier1-monster-tron-one-shot-construction -> origin/pest-control/tier1-monster-tron-one-shot-construction
2026-09-26T06:51:34.0260972Z  * [new branch]            pest-control/tier1-monster-tron-operational-stack -> origin/pest-control/tier1-monster-tron-operational-stack
2026-09-26T06:51:34.0262112Z  * [new branch]            pest-control/tier1-monster-tron-policy -> origin/pest-control/tier1-monster-tron-policy
2026-09-26T06:51:34.0263032Z  * [new branch]            pest-control/tier1-monster-tron-prototype -> origin/pest-control/tier1-monster-tron-prototype
2026-09-26T06:51:34.0263958Z  * [new branch]            pest-control/tier1-monster-tron-readiness -> origin/pest-control/tier1-monster-tron-readiness
2026-09-26T06:51:34.0264981Z  * [new branch]            pest-control/tier1-monster-tron-runner-construction -> origin/pest-control/tier1-monster-tron-runner-construction
2026-09-26T06:51:34.0266058Z  * [new branch]            pest-control/tier1-monster-tron-runner-preflight -> origin/pest-control/tier1-monster-tron-runner-preflight
2026-09-26T06:51:34.0267470Z  * [new branch]            pest-control/tier1-monster-tron-smoke-freeze -> origin/pest-control/tier1-monster-tron-smoke-freeze
2026-09-26T06:51:34.0268644Z  * [new branch]            pest-control/tier1-monster-tron-smoke-production-freeze -> origin/pest-control/tier1-monster-tron-smoke-production-freeze
2026-09-26T06:51:34.0269679Z  * [new branch]            pest-control/tier1-monster-tron-support -> origin/pest-control/tier1-monster-tron-support
2026-09-26T06:51:34.0270607Z  * [new branch]            pest-control/tier1-postboard-support-audit -> origin/pest-control/tier1-postboard-support-audit
2026-09-26T06:51:34.0271581Z  * [new branch]            pest-control/tier1-postboard-support-batch-a -> origin/pest-control/tier1-postboard-support-batch-a
2026-09-26T06:51:34.0272578Z  * [new branch]            pest-control/tier1-postboard-support-batch-b -> origin/pest-control/tier1-postboard-support-batch-b
2026-09-26T06:51:34.0273617Z  * [new branch]            pest-control/tier1-postboard-support-flaring-pain -> origin/pest-control/tier1-postboard-support-flaring-pain
2026-09-26T06:51:34.0274642Z  * [new branch]            pest-control/tier1-postboard-support-relic -> origin/pest-control/tier1-postboard-support-relic
2026-09-26T06:51:34.0275685Z  * [new branch]            pest-control/tier1-postboard-support-spreading-seas -> origin/pest-control/tier1-postboard-support-spreading-seas
2026-09-26T06:51:34.0276709Z  * [new branch]            pest-control/tier1-priority-evidence-audit -> origin/pest-control/tier1-priority-evidence-audit
2026-09-26T06:51:34.0277865Z  * [new branch]            pest-control/tier1-spy-admission -> origin/pest-control/tier1-spy-admission
2026-09-26T06:51:34.0278635Z  * [new branch]            pest-control/tier1-spy-policy -> origin/pest-control/tier1-spy-policy
2026-09-26T06:51:34.0279465Z  * [new branch]            pest-control/tier1-spy-support-batch-a -> origin/pest-control/tier1-spy-support-batch-a
2026-09-26T06:51:34.0280346Z  * [new branch]            pest-control/tier1-spy-support-batch-b -> origin/pest-control/tier1-spy-support-batch-b
2026-09-26T06:51:34.0281385Z  * [new branch]            pest-control/tier1-spy-support-batch-c -> origin/pest-control/tier1-spy-support-batch-c
2026-09-26T06:51:34.0282321Z  * [new branch]            pest-control/tier1-terror-simple-card-support -> origin/pest-control/tier1-terror-simple-card-support
2026-09-26T06:51:34.0283190Z  * [new branch]            pest-control/v2-acceptance-audit -> origin/pest-control/v2-acceptance-audit
2026-09-26T06:51:34.0283913Z  * [new branch]            pest-control/v2-calibration -> origin/pest-control/v2-calibration
2026-09-26T06:51:34.0284643Z  * [new branch]            pest-control/v2-official-results -> origin/pest-control/v2-official-results
2026-09-26T06:51:34.0285483Z  * [new branch]            pest-control/v2-qualification-acceptance -> origin/pest-control/v2-qualification-acceptance
2026-09-26T06:51:34.0286422Z  * [new branch]            pest-control/v2-qualification-authorization -> origin/pest-control/v2-qualification-authorization
2026-09-26T06:51:34.0287585Z  * [new branch]            pest-control/v2-qualification-coordinator -> origin/pest-control/v2-qualification-coordinator
2026-09-26T06:51:34.0288713Z  * [new branch]            pest-control/v2-qualification-execution-harness -> origin/pest-control/v2-qualification-execution-harness
2026-09-26T06:51:34.0289777Z  * [new branch]            pest-control/v2-qualification-freeze -> origin/pest-control/v2-qualification-freeze
2026-09-26T06:51:34.0290905Z  * [new branch]            pest-control/v2-qualification-freeze-provenance -> origin/pest-control/v2-qualification-freeze-provenance
2026-09-26T06:51:34.0292011Z  * [new branch]            pest-control/v2-qualification-harness -> origin/pest-control/v2-qualification-harness
2026-09-26T06:51:34.0292940Z  * [new branch]            pest-control/v2-qualification-runner -> origin/pest-control/v2-qualification-runner
2026-09-26T06:51:34.0293897Z  * [new branch]            smoke/experimental-preboard-100-v1 -> origin/smoke/experimental-preboard-100-v1
2026-09-26T06:51:34.0295052Z  * [new branch]            smoke/experimental-preboard-100-v2 -> origin/smoke/experimental-preboard-100-v2
2026-09-26T06:51:34.0296040Z  * [new branch]            smoke/fresh-preboard-10-20260909 -> origin/smoke/fresh-preboard-10-20260909
2026-09-26T06:51:34.0297065Z  * [new branch]            smoke/frozen-ten-damage-trigger-replay-20260909 -> origin/smoke/frozen-ten-damage-trigger-replay-20260909
2026-09-26T06:51:34.0298459Z  * [new branch]            smoke/frozen-ten-telemetry-replay-20260909 -> origin/smoke/frozen-ten-telemetry-replay-20260909
2026-09-26T06:51:34.0299497Z  * [new branch]            sphinx-approach/reconstruction-stage-e -> origin/sphinx-approach/reconstruction-stage-e
2026-09-26T06:51:34.0301452Z [command]/usr/bin/git rev-parse --verify --quiet 901729f259d044dfa157f745b8d764cb454922ef^{object}
2026-09-26T06:51:34.0302196Z 901729f259d044dfa157f745b8d764cb454922ef
2026-09-26T06:51:34.0303308Z ##[endgroup]
2026-09-26T06:51:34.0303822Z ##[group]Determining the checkout info
2026-09-26T06:51:34.0304479Z ##[endgroup]
2026-09-26T06:51:34.0304821Z [command]/usr/bin/git sparse-checkout disable
2026-09-26T06:51:34.0305889Z [command]/usr/bin/git config --local --unset-all extensions.worktreeConfig
2026-09-26T06:51:34.0307314Z ##[group]Checking out the ref
2026-09-26T06:51:34.0308016Z [command]/usr/bin/git checkout --progress --force 901729f259d044dfa157f745b8d764cb454922ef
2026-09-26T06:51:35.0612508Z Updating files:  64% (18222/28270)
2026-09-26T06:51:35.0777803Z Updating files:  65% (18376/28270)
2026-09-26T06:51:35.0949691Z Updating files:  66% (18659/28270)
2026-09-26T06:51:35.1096227Z Updating files:  67% (18941/28270)
2026-09-26T06:51:35.1219537Z Updating files:  68% (19224/28270)
2026-09-26T06:51:35.1353577Z Updating files:  69% (19507/28270)
2026-09-26T06:51:35.1476488Z Updating files:  70% (19789/28270)
2026-09-26T06:51:35.1608176Z Updating files:  71% (20072/28270)
2026-09-26T06:51:35.1754267Z Updating files:  72% (20355/28270)
2026-09-26T06:51:35.1912608Z Updating files:  73% (20638/28270)
2026-09-26T06:51:35.2085589Z Updating files:  74% (20920/28270)
2026-09-26T06:51:35.2249805Z Updating files:  75% (21203/28270)
2026-09-26T06:51:35.2394112Z Updating files:  76% (21486/28270)
2026-09-26T06:51:35.2531372Z Updating files:  77% (21768/28270)
2026-09-26T06:51:35.2673192Z Updating files:  78% (22051/28270)
2026-09-26T06:51:35.2785390Z Updating files:  79% (22334/28270)
2026-09-26T06:51:35.2918651Z Updating files:  80% (22616/28270)
2026-09-26T06:51:35.3055702Z Updating files:  81% (22899/28270)
2026-09-26T06:51:35.3200272Z Updating files:  82% (23182/28270)
2026-09-26T06:51:35.3369323Z Updating files:  83% (23465/28270)
2026-09-26T06:51:35.3536322Z Updating files:  84% (23747/28270)
2026-09-26T06:51:35.3674258Z Updating files:  85% (24030/28270)
2026-09-26T06:51:35.3812274Z Updating files:  86% (24313/28270)
2026-09-26T06:51:35.3957313Z Updating files:  87% (24595/28270)
2026-09-26T06:51:35.4098502Z Updating files:  88% (24878/28270)
2026-09-26T06:51:35.4264860Z Updating files:  89% (25161/28270)
2026-09-26T06:51:35.4470017Z Updating files:  90% (25443/28270)
2026-09-26T06:51:35.5832034Z Updating files:  91% (25726/28270)
2026-09-26T06:51:35.6526776Z Updating files:  92% (26009/28270)
2026-09-26T06:51:35.6737485Z Updating files:  93% (26292/28270)
2026-09-26T06:51:35.6985058Z Updating files:  94% (26574/28270)
2026-09-26T06:51:35.7203332Z Updating files:  95% (26857/28270)
2026-09-26T06:51:35.7412115Z Updating files:  96% (27140/28270)
2026-09-26T06:51:35.7605570Z Updating files:  97% (27422/28270)
2026-09-26T06:51:35.8408008Z Updating files:  98% (27705/28270)
2026-09-26T06:51:35.8642852Z Updating files:  99% (27988/28270)
2026-09-26T06:51:35.8643353Z Updating files: 100% (28270/28270)
2026-09-26T06:51:35.8643710Z Updating files: 100% (28270/28270), done.
2026-09-26T06:51:35.8969013Z Note: switching to '901729f259d044dfa157f745b8d764cb454922ef'.
2026-09-26T06:51:35.8969436Z 
2026-09-26T06:51:35.8969694Z You are in 'detached HEAD' state. You can look around, make experimental
2026-09-26T06:51:35.8970579Z changes and commit them, and you can discard any commits you make in this
2026-09-26T06:51:35.8971192Z state without impacting any branches by switching back to a branch.
2026-09-26T06:51:35.8971539Z 
2026-09-26T06:51:35.8971773Z If you want to create a new branch to retain commits you create, you may
2026-09-26T06:51:35.8972323Z do so (now or later) by using -c with the switch command. Example:
2026-09-26T06:51:35.8972636Z 
2026-09-26T06:51:35.8972773Z   git switch -c <new-branch-name>
2026-09-26T06:51:35.8972990Z 
2026-09-26T06:51:35.8973108Z Or undo this operation with:
2026-09-26T06:51:35.8973306Z 
2026-09-26T06:51:35.8973406Z   git switch -
2026-09-26T06:51:35.8973561Z 
2026-09-26T06:51:35.8973821Z Turn off this advice by setting config variable advice.detachedHead to false
2026-09-26T06:51:35.8974215Z 
2026-09-26T06:51:35.8974612Z HEAD is now at 901729f259 Continue Ferocity Recycling with frozen search and preserved real-engine baseline
2026-09-26T06:51:35.9063791Z ##[endgroup]
2026-09-26T06:51:35.9131402Z [command]/usr/bin/git log -1 --format=%H
2026-09-26T06:51:35.9163617Z 901729f259d044dfa157f745b8d764cb454922ef
2026-09-26T06:51:35.9370835Z ##[group]Run python - <<'PY'
2026-09-26T06:51:35.9371174Z [36;1mpython - <<'PY'[0m
2026-09-26T06:51:35.9371502Z [36;1mimport datetime, json, os, pathlib, subprocess[0m
2026-09-26T06:51:35.9371921Z [36;1mout = pathlib.Path('build/reports/ferocity-recycling')[0m
2026-09-26T06:51:35.9372294Z [36;1mout.mkdir(parents=True)[0m
2026-09-26T06:51:35.9372542Z [36;1mrecord = {[0m
2026-09-26T06:51:35.9372815Z [36;1m    'schema': 'ferocity-recycling-ci-setup-v1',[0m
2026-09-26T06:51:35.9373316Z [36;1m    'source_head': subprocess.check_output(['git', 'rev-parse', 'HEAD'], text=True).strip(),[0m
2026-09-26T06:51:35.9373796Z [36;1m    'run_id': os.environ['GITHUB_RUN_ID'],[0m
2026-09-26T06:51:35.9374133Z [36;1m    'run_attempt': os.environ['GITHUB_RUN_ATTEMPT'],[0m
2026-09-26T06:51:35.9374659Z [36;1m    'event': os.environ['GITHUB_EVENT_NAME'],[0m
2026-09-26T06:51:35.9374995Z [36;1m    'runner_image_os': os.environ.get('ImageOS'),[0m
2026-09-26T06:51:35.9375437Z [36;1m    'runner_image_version': os.environ.get('ImageVersion'),[0m
2026-09-26T06:51:35.9375828Z [36;1m    'runner_arch': os.environ.get('RUNNER_ARCH'),[0m
2026-09-26T06:51:35.9376269Z [36;1m    'started_at_utc': datetime.datetime.now(datetime.timezone.utc).isoformat(),[0m
2026-09-26T06:51:35.9376730Z [36;1m    'scope': 'DETERMINISTIC_QUALIFICATION_ONLY',[0m
2026-09-26T06:51:35.9377507Z [36;1m    'interactive_development_games': 0, 'evaluation_games': 0, 'confirmation_games': 0,[0m
2026-09-26T06:51:35.9377943Z [36;1m}[0m
2026-09-26T06:51:35.9378292Z [36;1m(out / 'setup-provenance.json').write_text(json.dumps(record, indent=2) + '\n')[0m
2026-09-26T06:51:35.9378697Z [36;1mPY[0m
2026-09-26T06:51:35.9679343Z shell: /usr/bin/bash -e {0}
2026-09-26T06:51:35.9679612Z ##[endgroup]
2026-09-26T06:51:36.0262665Z ##[group]Run actions/setup-java@v5
2026-09-26T06:51:36.0262951Z with:
2026-09-26T06:51:36.0263158Z   distribution: temurin
2026-09-26T06:51:36.0263383Z   java-version: 21.0.12.1+1
2026-09-26T06:51:36.0263609Z   java-package: jdk
2026-09-26T06:51:36.0263810Z   check-latest: false
2026-09-26T06:51:36.0264012Z   set-default: true
2026-09-26T06:51:36.0264209Z   verify-signature: false
2026-09-26T06:51:36.0264429Z   server-id: github
2026-09-26T06:51:36.0264638Z   server-username: GITHUB_ACTOR
2026-09-26T06:51:36.0264883Z   server-password: GITHUB_TOKEN
2026-09-26T06:51:36.0265115Z   overwrite-settings: true
2026-09-26T06:51:36.0265332Z   job-status: success
2026-09-26T06:51:36.0268080Z   token: ***
2026-09-26T06:51:36.0268344Z   show-download-progress: false
2026-09-26T06:51:36.0268596Z ##[endgroup]
2026-09-26T06:51:36.1772575Z ##[group]Installed distributions
2026-09-26T06:51:36.1824363Z ##[error]The string '21.0.12.1+1' is not valid SemVer notation for a Java version. Please check README file for code snippets and more detailed information
2026-09-26T06:51:36.1987610Z ##[group]Run actions/upload-artifact@v7
2026-09-26T06:51:36.1987934Z with:
2026-09-26T06:51:36.1988206Z   name: ferocity-recycling-deterministic-36224994898-1
2026-09-26T06:51:36.1988557Z   path: build/reports/ferocity-recycling/
2026-09-26T06:51:36.1988846Z   if-no-files-found: error
2026-09-26T06:51:36.1989077Z   retention-days: 90
2026-09-26T06:51:36.1989293Z   compression-level: 6
2026-09-26T06:51:36.1989510Z   overwrite: false
2026-09-26T06:51:36.1989724Z   include-hidden-files: false
2026-09-26T06:51:36.1989963Z   archive: true
2026-09-26T06:51:36.1990158Z ##[endgroup]
2026-09-26T06:51:36.3428816Z With the provided path, there will be 1 file uploaded
2026-09-26T06:51:36.3434201Z Artifact name is valid!
2026-09-26T06:51:36.3435034Z Root directory input is valid!
2026-09-26T06:51:36.5502868Z Uploading artifact: ferocity-recycling-deterministic-36224994898-1.zip
2026-09-26T06:51:36.5548136Z Beginning upload of artifact content to blob storage
2026-09-26T06:51:36.6084786Z Uploaded bytes 461
2026-09-26T06:51:36.6200660Z Finished uploading artifact content to blob storage!
2026-09-26T06:51:36.6201798Z SHA256 digest of uploaded artifact is 8bf0ef151cd6f46590bf2ef44ed0ea6b272bd70246cb22fbc11de934e7a9e690
2026-09-26T06:51:36.6202878Z Finalizing artifact upload
2026-09-26T06:51:36.8680643Z Artifact ferocity-recycling-deterministic-36224994898-1 successfully finalized. Artifact ID 10900043975
2026-09-26T06:51:36.8682400Z Artifact ferocity-recycling-deterministic-36224994898-1 has been successfully uploaded! Final size is 461 bytes. Artifact ID is 10900043975
2026-09-26T06:51:36.8684709Z Artifact download URL: https://github.com/GodaPupa/argentum-batshit-test/actions/runs/36224994898/artifacts/10900043975
2026-09-26T06:51:36.8864605Z Post job cleanup.
2026-09-26T06:51:37.0336778Z Post job cleanup.
2026-09-26T06:51:37.1281814Z [command]/usr/bin/git version
2026-09-26T06:51:37.1334422Z git version 2.55.0
2026-09-26T06:51:37.1386737Z Temporarily overriding HOME='/home/runner/work/_temp/980a1dc5-6b25-4c48-a4c8-e013ec539426' before making global git config changes
2026-09-26T06:51:37.1401266Z Adding repository directory to the temporary git global config as a safe directory
2026-09-26T06:51:37.1402994Z [command]/usr/bin/git config --global --add safe.directory /home/runner/work/argentum-batshit-test/argentum-batshit-test
2026-09-26T06:51:37.1431248Z Removing SSH command configuration
2026-09-26T06:51:37.1440353Z [command]/usr/bin/git config --local --name-only --get-regexp core\.sshCommand
2026-09-26T06:51:37.1485304Z [command]/usr/bin/git submodule foreach --recursive sh -c "git config --local --name-only --get-regexp 'core\.sshCommand' && git config --local --unset-all 'core.sshCommand' || :"
2026-09-26T06:51:37.1828282Z Removing HTTP extra header
2026-09-26T06:51:37.1829218Z [command]/usr/bin/git config --local --name-only --get-regexp http\.https\:\/\/github\.com\/\.extraheader
2026-09-26T06:51:37.1877030Z [command]/usr/bin/git submodule foreach --recursive sh -c "git config --local --name-only --get-regexp 'http\.https\:\/\/github\.com\/\.extraheader' && git config --local --unset-all 'http.https://github.com/.extraheader' || :"
2026-09-26T06:51:37.2139795Z Removing includeIf entries pointing to credentials config files
2026-09-26T06:51:37.2152479Z [command]/usr/bin/git config --local --name-only --get-regexp ^includeIf\.gitdir:
2026-09-26T06:51:37.2176680Z includeif.gitdir:/home/runner/work/argentum-batshit-test/argentum-batshit-test/.git.path
2026-09-26T06:51:37.2178590Z includeif.gitdir:/home/runner/work/argentum-batshit-test/argentum-batshit-test/.git/worktrees/*.path
2026-09-26T06:51:37.2179985Z includeif.gitdir:/github/workspace/.git.path
2026-09-26T06:51:37.2180926Z includeif.gitdir:/github/workspace/.git/worktrees/*.path
2026-09-26T06:51:37.2193417Z [command]/usr/bin/git config --local --get-all includeif.gitdir:/home/runner/work/argentum-batshit-test/argentum-batshit-test/.git.path
2026-09-26T06:51:37.2219078Z /home/runner/work/_temp/git-credentials-82217f62-944c-4c43-87bf-ed42b06d65db.config
2026-09-26T06:51:37.2234958Z [command]/usr/bin/git config --local --unset includeif.gitdir:/home/runner/work/argentum-batshit-test/argentum-batshit-test/.git.path /home/runner/work/_temp/git-credentials-82217f62-944c-4c43-87bf-ed42b06d65db.config
2026-09-26T06:51:37.2281813Z [command]/usr/bin/git config --local --get-all includeif.gitdir:/home/runner/work/argentum-batshit-test/argentum-batshit-test/.git/worktrees/*.path
2026-09-26T06:51:37.2307467Z /home/runner/work/_temp/git-credentials-82217f62-944c-4c43-87bf-ed42b06d65db.config
2026-09-26T06:51:37.2326598Z [command]/usr/bin/git config --local --unset includeif.gitdir:/home/runner/work/argentum-batshit-test/argentum-batshit-test/.git/worktrees/*.path /home/runner/work/_temp/git-credentials-82217f62-944c-4c43-87bf-ed42b06d65db.config
2026-09-26T06:51:37.2360527Z [command]/usr/bin/git config --local --get-all includeif.gitdir:/github/workspace/.git.path
2026-09-26T06:51:37.2388417Z /github/runner_temp/git-credentials-82217f62-944c-4c43-87bf-ed42b06d65db.config
2026-09-26T06:51:37.2406866Z [command]/usr/bin/git config --local --unset includeif.gitdir:/github/workspace/.git.path /github/runner_temp/git-credentials-82217f62-944c-4c43-87bf-ed42b06d65db.config
2026-09-26T06:51:37.2449081Z [command]/usr/bin/git config --local --get-all includeif.gitdir:/github/workspace/.git/worktrees/*.path
2026-09-26T06:51:37.2466363Z /github/runner_temp/git-credentials-82217f62-944c-4c43-87bf-ed42b06d65db.config
2026-09-26T06:51:37.2479947Z [command]/usr/bin/git config --local --unset includeif.gitdir:/github/workspace/.git/worktrees/*.path /github/runner_temp/git-credentials-82217f62-944c-4c43-87bf-ed42b06d65db.config
2026-09-26T06:51:37.2519469Z [command]/usr/bin/git submodule foreach --recursive git config --local --show-origin --name-only --get-regexp remote.origin.url
2026-09-26T06:51:37.2826148Z Removing credentials config '/home/runner/work/_temp/git-credentials-82217f62-944c-4c43-87bf-ed42b06d65db.config'
2026-09-26T06:51:37.2979961Z Cleaning up orphan processes
