2026-09-26T06:51:14.1417190Z Current runner version: '2.337.0'
2026-09-26T06:51:14.1442202Z ##[group]Runner Image Provisioner
2026-09-26T06:51:14.1443098Z Hosted Compute Agent
2026-09-26T06:51:14.1443803Z Version: 20260828.587
2026-09-26T06:51:14.1444441Z Commit: abac92662cab4cc7352de4f9f9d2e2419aad9c29
2026-09-26T06:51:14.1445204Z Build Date: 2026-08-28T16:44:25Z
2026-09-26T06:51:14.1445957Z Worker ID: {c8b2880b-4a69-4c3f-bf99-b7ba7d2e2e4b}
2026-09-26T06:51:14.1446716Z Azure Region: northcentralus
2026-09-26T06:51:14.1447374Z ##[endgroup]
2026-09-26T06:51:14.1449546Z ##[group]Operating System
2026-09-26T06:51:14.1450233Z Ubuntu
2026-09-26T06:51:14.1450892Z 24.04.5
2026-09-26T06:51:14.1451485Z LTS
2026-09-26T06:51:14.1452428Z ##[endgroup]
2026-09-26T06:51:14.1452997Z ##[group]Runner Image
2026-09-26T06:51:14.1453588Z Image: ubuntu-24.04
2026-09-26T06:51:14.1454272Z Version: 20260920.314.1
2026-09-26T06:51:14.1455545Z Included Software: https://github.com/actions/runner-images/blob/ubuntu24/20260920.314/images/ubuntu/Ubuntu2404-Readme.md
2026-09-26T06:51:14.1457153Z Image Release: https://github.com/actions/runner-images/releases/tag/ubuntu24%2F20260920.314
2026-09-26T06:51:14.1458125Z ##[endgroup]
2026-09-26T06:51:14.1459813Z ##[group]GITHUB_TOKEN Permissions
2026-09-26T06:51:14.1461727Z Contents: read
2026-09-26T06:51:14.1462442Z Metadata: read
2026-09-26T06:51:14.1462998Z ##[endgroup]
2026-09-26T06:51:14.1465525Z Secret source: Actions
2026-09-26T06:51:14.1466562Z Cache mode: write
2026-09-26T06:51:14.1467529Z Prepare workflow directory
2026-09-26T06:51:14.1817043Z Prepare all required actions
2026-09-26T06:51:14.1865894Z Getting action download info
2026-09-26T06:51:14.4216809Z Download action repository 'actions/checkout@v6' (SHA:d23441a48e516b6c34aea4fa41551a30e30af803)
2026-09-26T06:51:14.5066556Z Download action repository 'actions/setup-java@v5' (SHA:b6effb05e454b25005698d916606bdc6ffcbf961)
2026-09-26T06:51:14.9981643Z Download action repository 'gradle/actions@v6' (SHA:9c971963bec38e04b3d30dcc455b5382be2fdbfb)
2026-09-26T06:51:15.8996438Z Download action repository 'actions/upload-artifact@v7' (SHA:043fb46d1a93c77aae656e7c1c64a875d1fc6a0a)
2026-09-26T06:51:16.1295908Z Complete job name: deterministic
2026-09-26T06:51:16.2264479Z ##[group]Run actions/checkout@v6
2026-09-26T06:51:16.2265954Z with:
2026-09-26T06:51:16.2266914Z   ref: 901729f259d044dfa157f745b8d764cb454922ef
2026-09-26T06:51:16.2268128Z   fetch-depth: 0
2026-09-26T06:51:16.2269567Z   repository: GodaPupa/argentum-batshit-test
2026-09-26T06:51:16.2278004Z   token: ***
2026-09-26T06:51:16.2279185Z   ssh-strict: true
2026-09-26T06:51:16.2280104Z   ssh-user: git
2026-09-26T06:51:16.2281022Z   persist-credentials: true
2026-09-26T06:51:16.2282026Z   clean: true
2026-09-26T06:51:16.2282955Z   sparse-checkout-cone-mode: true
2026-09-26T06:51:16.2284027Z   fetch-tags: false
2026-09-26T06:51:16.2284962Z   show-progress: true
2026-09-26T06:51:16.2285899Z   lfs: false
2026-09-26T06:51:16.2286748Z   submodules: false
2026-09-26T06:51:16.2287683Z   set-safe-directory: true
2026-09-26T06:51:16.2288988Z   allow-unsafe-pr-checkout: false
2026-09-26T06:51:16.2290405Z ##[endgroup]
2026-09-26T06:51:16.3318738Z Syncing repository: GodaPupa/argentum-batshit-test
2026-09-26T06:51:16.3323517Z ##[group]Getting Git version info
2026-09-26T06:51:16.3326314Z Working directory is '/home/runner/work/argentum-batshit-test/argentum-batshit-test'
2026-09-26T06:51:16.3330852Z [command]/usr/bin/git version
2026-09-26T06:51:16.3367837Z git version 2.55.0
2026-09-26T06:51:16.3392606Z ##[endgroup]
2026-09-26T06:51:16.3407584Z Temporarily overriding HOME='/home/runner/work/_temp/fd8af12c-380c-4497-a408-0311995d4fde' before making global git config changes
2026-09-26T06:51:16.3412618Z Adding repository directory to the temporary git global config as a safe directory
2026-09-26T06:51:16.3417090Z [command]/usr/bin/git config --global --add safe.directory /home/runner/work/argentum-batshit-test/argentum-batshit-test
2026-09-26T06:51:16.3478028Z Deleting the contents of '/home/runner/work/argentum-batshit-test/argentum-batshit-test'
2026-09-26T06:51:16.3483163Z ##[group]Determining repository object format
2026-09-26T06:51:16.3486219Z ##[endgroup]
2026-09-26T06:51:16.3575867Z ##[group]Initializing the repository
2026-09-26T06:51:16.3579476Z [command]/usr/bin/git init /home/runner/work/argentum-batshit-test/argentum-batshit-test
2026-09-26T06:51:16.3602086Z hint: Using 'master' as the name for the initial branch. This default branch name
2026-09-26T06:51:16.3605737Z hint: will change to "main" in Git 3.0. To configure the initial branch name
2026-09-26T06:51:16.3609192Z hint: to use in all of your new repositories, which will suppress this warning,
2026-09-26T06:51:16.3611747Z hint: call:
2026-09-26T06:51:16.3613081Z hint:
2026-09-26T06:51:16.3614714Z hint: 	git config --global init.defaultBranch <name>
2026-09-26T06:51:16.3616785Z hint:
2026-09-26T06:51:16.3618887Z hint: Names commonly chosen instead of 'master' are 'main', 'trunk' and
2026-09-26T06:51:16.3622100Z hint: 'development'. The just-created branch can be renamed via this command:
2026-09-26T06:51:16.3624689Z hint:
2026-09-26T06:51:16.3626226Z hint: 	git branch -m <name>
2026-09-26T06:51:16.3627894Z hint:
2026-09-26T06:51:16.3630312Z hint: Disable this message with "git config set advice.defaultBranchName false"
2026-09-26T06:51:16.3634571Z Initialized empty Git repository in /home/runner/work/argentum-batshit-test/argentum-batshit-test/.git/
2026-09-26T06:51:16.3641084Z [command]/usr/bin/git remote add origin https://github.com/GodaPupa/argentum-batshit-test
2026-09-26T06:51:16.3673293Z ##[endgroup]
2026-09-26T06:51:16.3675961Z ##[group]Disabling automatic garbage collection
2026-09-26T06:51:16.3678532Z [command]/usr/bin/git config --local gc.auto 0
2026-09-26T06:51:16.3711245Z ##[endgroup]
2026-09-26T06:51:16.3713651Z ##[group]Setting up auth
2026-09-26T06:51:16.3715425Z Removing SSH command configuration
2026-09-26T06:51:16.3718678Z [command]/usr/bin/git config --local --name-only --get-regexp core\.sshCommand
2026-09-26T06:51:16.3756162Z [command]/usr/bin/git submodule foreach --recursive sh -c "git config --local --name-only --get-regexp 'core\.sshCommand' && git config --local --unset-all 'core.sshCommand' || :"
2026-09-26T06:51:16.4120185Z Removing HTTP extra header
2026-09-26T06:51:16.4126811Z [command]/usr/bin/git config --local --name-only --get-regexp http\.https\:\/\/github\.com\/\.extraheader
2026-09-26T06:51:16.4169161Z [command]/usr/bin/git submodule foreach --recursive sh -c "git config --local --name-only --get-regexp 'http\.https\:\/\/github\.com\/\.extraheader' && git config --local --unset-all 'http.https://github.com/.extraheader' || :"
2026-09-26T06:51:16.4394242Z Removing includeIf entries pointing to credentials config files
2026-09-26T06:51:16.4401073Z [command]/usr/bin/git config --local --name-only --get-regexp ^includeIf\.gitdir:
2026-09-26T06:51:16.4437804Z [command]/usr/bin/git submodule foreach --recursive git config --local --show-origin --name-only --get-regexp remote.origin.url
2026-09-26T06:51:16.4665168Z [command]/usr/bin/git config --file /home/runner/work/_temp/git-credentials-51db7c63-bf0d-48a1-9ff2-294789c34de8.config http.https://github.com/.extraheader AUTHORIZATION: basic ***
2026-09-26T06:51:16.4707145Z [command]/usr/bin/git config --local includeIf.gitdir:/home/runner/work/argentum-batshit-test/argentum-batshit-test/.git.path /home/runner/work/_temp/git-credentials-51db7c63-bf0d-48a1-9ff2-294789c34de8.config
2026-09-26T06:51:16.4742427Z [command]/usr/bin/git config --local includeIf.gitdir:/home/runner/work/argentum-batshit-test/argentum-batshit-test/.git/worktrees/*.path /home/runner/work/_temp/git-credentials-51db7c63-bf0d-48a1-9ff2-294789c34de8.config
2026-09-26T06:51:16.4781104Z [command]/usr/bin/git config --local includeIf.gitdir:/github/workspace/.git.path /github/runner_temp/git-credentials-51db7c63-bf0d-48a1-9ff2-294789c34de8.config
2026-09-26T06:51:16.4816950Z [command]/usr/bin/git config --local includeIf.gitdir:/github/workspace/.git/worktrees/*.path /github/runner_temp/git-credentials-51db7c63-bf0d-48a1-9ff2-294789c34de8.config
2026-09-26T06:51:16.4875198Z ##[endgroup]
2026-09-26T06:51:16.4876882Z ##[group]Fetching the repository
2026-09-26T06:51:16.4882784Z [command]/usr/bin/git -c protocol.version=2 fetch --no-tags --prune --no-recurse-submodules origin +refs/heads/*:refs/remotes/origin/* +refs/tags/*:refs/tags/*
2026-09-26T06:51:31.1260934Z From https://github.com/GodaPupa/argentum-batshit-test
2026-09-26T06:51:31.1262274Z  * [new branch]            affinity/grixis-policy-regression -> origin/affinity/grixis-policy-regression
2026-09-26T06:51:31.1263250Z  * [new branch]            affinity/grixis-preboard-sample-1 -> origin/affinity/grixis-preboard-sample-1
2026-09-26T06:51:31.1264095Z  * [new branch]            affinity/grixis-readiness -> origin/affinity/grixis-readiness
2026-09-26T06:51:31.1264871Z  * [new branch]            affinity/grixis-smoke-10 -> origin/affinity/grixis-smoke-10
2026-09-26T06:51:31.1265783Z  * [new branch]            engine/ojer-pakpatiq-lethal-fixture -> origin/engine/ojer-pakpatiq-lethal-fixture
2026-09-26T06:51:31.1266663Z  * [new branch]            engine/post-cast-sba -> origin/engine/post-cast-sba
2026-09-26T06:51:31.1267449Z  * [new branch]            engine/priority-after-resolution -> origin/engine/priority-after-resolution
2026-09-26T06:51:31.1268944Z  * [new branch]            experiment/optimization-a-preflight -> origin/experiment/optimization-a-preflight
2026-09-26T06:51:31.1270049Z  * [new branch]            experiment/paired-counterfactual-framework -> origin/experiment/paired-counterfactual-framework
2026-09-26T06:51:31.1270964Z  * [new branch]            experiment/preboard-100-v1 -> origin/experiment/preboard-100-v1
2026-09-26T06:51:31.1271702Z  * [new branch]            experiment/preboard-100-v2 -> origin/experiment/preboard-100-v2
2026-09-26T06:51:31.1272501Z  * [new branch]            face-value-edh/r1-reconstruction -> origin/face-value-edh/r1-reconstruction
2026-09-26T06:51:31.1273241Z  * [new branch]            face-value/lab       -> origin/face-value/lab
2026-09-26T06:51:31.1274077Z  * [new branch]            ferocity-recycling/archetype-research -> origin/ferocity-recycling/archetype-research
2026-09-26T06:51:31.1275177Z  * [new branch]            fix/bats-rescue-readiness -> origin/fix/bats-rescue-readiness
2026-09-26T06:51:31.1275927Z  * [new branch]            fix/tapped-land-sequencing -> origin/fix/tapped-land-sequencing
2026-09-26T06:51:31.1276664Z  * [new branch]            fix/trace-format-assertion -> origin/fix/trace-format-assertion
2026-09-26T06:51:31.1277550Z  * [new branch]            industrial-waste/gate-10-elves-readiness -> origin/industrial-waste/gate-10-elves-readiness
2026-09-26T06:51:31.1278748Z  * [new branch]            industrial-waste/gate-11-spy-combo-readiness -> origin/industrial-waste/gate-11-spy-combo-readiness
2026-09-26T06:51:31.1279747Z  * [new branch]            industrial-waste/gate-9-monster-tron-readiness -> origin/industrial-waste/gate-9-monster-tron-readiness
2026-09-26T06:51:31.1280498Z  * [new branch]            industrial-waste/lab -> origin/industrial-waste/lab
2026-09-26T06:51:31.1281568Z  * [new branch]            industrial-waste/v2-reality-fracture-challengers -> origin/industrial-waste/v2-reality-fracture-challengers
2026-09-26T06:51:31.1282532Z  * [new branch]            industrial-waste/v2-structural-redesign -> origin/industrial-waste/v2-structural-redesign
2026-09-26T06:51:31.1283579Z  * [new branch]            izzet-science/twinned-vision-challenger -> origin/izzet-science/twinned-vision-challenger
2026-09-26T06:51:31.1285277Z  * [new branch]            lilysplash/lab       -> origin/lilysplash/lab
2026-09-26T06:51:31.1286205Z  * [new branch]            main                 -> origin/main
2026-09-26T06:51:31.1287468Z  * [new branch]            manual-transmission/emrakul-exigent-doom-challenger -> origin/manual-transmission/emrakul-exigent-doom-challenger
2026-09-26T06:51:31.1289147Z  * [new branch]            manual-transmission/phase2-cedh -> origin/manual-transmission/phase2-cedh
2026-09-26T06:51:31.1290396Z  * [new branch]            manual-transmission/qualification -> origin/manual-transmission/qualification
2026-09-26T06:51:31.1291929Z  * [new branch]            mayhem/izzet-baseline-bestow-diagnostic -> origin/mayhem/izzet-baseline-bestow-diagnostic
2026-09-26T06:51:31.1293201Z  * [new branch]            mayhem/izzet-baseline-control-diagnostic -> origin/mayhem/izzet-baseline-control-diagnostic
2026-09-26T06:51:31.1294733Z  * [new branch]            mayhem/izzet-bestow-integration -> origin/mayhem/izzet-bestow-integration
2026-09-26T06:51:31.1296176Z  * [new branch]            mayhem/izzet-science -> origin/mayhem/izzet-science
2026-09-26T06:51:31.1297450Z  * [new branch]            mayhem/izzet-science-v07-twinned-vision -> origin/mayhem/izzet-science-v07-twinned-vision
2026-09-26T06:51:31.1299225Z  * [new branch]            mayhem/project-x     -> origin/mayhem/project-x
2026-09-26T06:51:31.1300374Z  * [new branch]            optimization/experiment-a -> origin/optimization/experiment-a
2026-09-26T06:51:31.1301619Z  * [new branch]            optimization/experiment-b -> origin/optimization/experiment-b
2026-09-26T06:51:31.1302906Z  * [new branch]            optimization/experiment-c -> origin/optimization/experiment-c
2026-09-26T06:51:31.1304420Z  * [new branch]            optimization/experiment-c-replication -> origin/optimization/experiment-c-replication
2026-09-26T06:51:31.1305877Z  * [new branch]            optimization/experiment-d -> origin/optimization/experiment-d
2026-09-26T06:51:31.1307393Z  * [new branch]            optimization/experiment-e -> origin/optimization/experiment-e
2026-09-26T06:51:31.1309139Z  * [new branch]            optimization/experiment-e-results -> origin/optimization/experiment-e-results
2026-09-26T06:51:31.1311009Z  * [new branch]            optimization/greedy-freebooter-readiness -> origin/optimization/greedy-freebooter-readiness
2026-09-26T06:51:31.1312774Z  * [new branch]            pest-control/gate3-validation-bridge -> origin/pest-control/gate3-validation-bridge
2026-09-26T06:51:31.1314456Z  * [new branch]            pest-control/gate4-sideboard-validation-bridge -> origin/pest-control/gate4-sideboard-validation-bridge
2026-09-26T06:51:31.1316282Z  * [new branch]            pest-control/gate4-validation-bridge -> origin/pest-control/gate4-validation-bridge
2026-09-26T06:51:31.1317881Z  * [new branch]            pest-control/gate5-block-a-validation-bridge -> origin/pest-control/gate5-block-a-validation-bridge
2026-09-26T06:51:31.1319985Z  * [new branch]            pest-control/gate6-block-a-execution -> origin/pest-control/gate6-block-a-execution
2026-09-26T06:51:31.1321628Z  * [new branch]            pest-control/gate6-readiness-validation-bridge -> origin/pest-control/gate6-readiness-validation-bridge
2026-09-26T06:51:31.1322948Z  * [new branch]            pest-control/lab     -> origin/pest-control/lab
2026-09-26T06:51:31.1324390Z  * [new branch]            pest-control/official-attempts/monster-tron-smoke-v1 -> origin/pest-control/official-attempts/monster-tron-smoke-v1
2026-09-26T06:51:31.1326500Z  * [new branch]            pest-control/pass-terminal-validation-bridge -> origin/pest-control/pass-terminal-validation-bridge
2026-09-26T06:51:31.1328198Z  * [new branch]            pest-control/reality-fracture-challengers -> origin/pest-control/reality-fracture-challengers
2026-09-26T06:51:31.1330159Z  * [new branch]            pest-control/reality-fracture-medics-kitesail -> origin/pest-control/reality-fracture-medics-kitesail
2026-09-26T06:51:31.1332046Z  * [new branch]            pest-control/tier-one-grixis-execution-authorization -> origin/pest-control/tier-one-grixis-execution-authorization
2026-09-26T06:51:31.1333938Z  * [new branch]            pest-control/tier-one-grixis-execution-coordinator -> origin/pest-control/tier-one-grixis-execution-coordinator
2026-09-26T06:51:31.1335938Z  * [new branch]            pest-control/tier-one-grixis-execution-implementation -> origin/pest-control/tier-one-grixis-execution-implementation
2026-09-26T06:51:31.1337909Z  * [new branch]            pest-control/tier-one-grixis-execution-preflight-fix -> origin/pest-control/tier-one-grixis-execution-preflight-fix
2026-09-26T06:51:31.1340481Z  * [new branch]            pest-control/tier-one-grixis-execution-preflight-v3 -> origin/pest-control/tier-one-grixis-execution-preflight-v3
2026-09-26T06:51:31.1342459Z  * [new branch]            pest-control/tier-one-grixis-execution-preflight-v4 -> origin/pest-control/tier-one-grixis-execution-preflight-v4
2026-09-26T06:51:31.1344426Z  * [new branch]            pest-control/tier-one-grixis-execution-preflight-v5 -> origin/pest-control/tier-one-grixis-execution-preflight-v5
2026-09-26T06:51:31.1346615Z  * [new branch]            pest-control/tier-one-grixis-execution-preflight-v6 -> origin/pest-control/tier-one-grixis-execution-preflight-v6
2026-09-26T06:51:31.1348992Z  * [new branch]            pest-control/tier-one-grixis-final-composed-validation -> origin/pest-control/tier-one-grixis-final-composed-validation
2026-09-26T06:51:31.1350907Z  * [new branch]            pest-control/tier-one-grixis-official-integration -> origin/pest-control/tier-one-grixis-official-integration
2026-09-26T06:51:31.1352732Z  * [new branch]            pest-control/tier-one-grixis-one-shot-execution -> origin/pest-control/tier-one-grixis-one-shot-execution
2026-09-26T06:51:31.1354451Z  * [new branch]            pest-control/tier-one-grixis-production-driver -> origin/pest-control/tier-one-grixis-production-driver
2026-09-26T06:51:31.1356374Z  * [new branch]            pest-control/tier-one-grixis-replication-artifact-validation -> origin/pest-control/tier-one-grixis-replication-artifact-validation
2026-09-26T06:51:31.1358880Z  * [new branch]            pest-control/tier-one-grixis-replication-continuation-methodology -> origin/pest-control/tier-one-grixis-replication-continuation-methodology
2026-09-26T06:51:31.1361090Z  * [new branch]            pest-control/tier-one-grixis-replication-execution-harness -> origin/pest-control/tier-one-grixis-replication-execution-harness
2026-09-26T06:51:31.1363077Z  * [new branch]            pest-control/tier-one-grixis-replication-freeze-gate -> origin/pest-control/tier-one-grixis-replication-freeze-gate
2026-09-26T06:51:31.1365312Z  * [new branch]            pest-control/tier-one-grixis-replication-freeze-provenance -> origin/pest-control/tier-one-grixis-replication-freeze-provenance
2026-09-26T06:51:31.1367374Z  * [new branch]            pest-control/tier-one-grixis-replication-game1-incident -> origin/pest-control/tier-one-grixis-replication-game1-incident
2026-09-26T06:51:31.1369641Z  * [new branch]            pest-control/tier-one-grixis-replication-initializer-fix -> origin/pest-control/tier-one-grixis-replication-initializer-fix
2026-09-26T06:51:31.1371783Z  * [new branch]            pest-control/tier-one-grixis-replication-official-execution -> origin/pest-control/tier-one-grixis-replication-official-execution
2026-09-26T06:51:31.1373942Z  * [new branch]            pest-control/tier-one-grixis-replication-production-freeze -> origin/pest-control/tier-one-grixis-replication-production-freeze
2026-09-26T06:51:31.1376114Z  * [new branch]            pest-control/tier-one-grixis-salvage-11-artifact-validation -> origin/pest-control/tier-one-grixis-salvage-11-artifact-validation
2026-09-26T06:51:31.1378080Z  * [new branch]            pest-control/tier-one-grixis-salvage-11-harness -> origin/pest-control/tier-one-grixis-salvage-11-harness
2026-09-26T06:51:31.1380314Z  * [new branch]            pest-control/tier-one-grixis-salvage-11-official-execution -> origin/pest-control/tier-one-grixis-salvage-11-official-execution
2026-09-26T06:51:31.1382231Z  * [new branch]            pest-control/tier-one-grixis-salvage-11-result -> origin/pest-control/tier-one-grixis-salvage-11-result
2026-09-26T06:51:31.1383892Z  * [new branch]            pest-control/tier-one-grixis-smoke-result -> origin/pest-control/tier-one-grixis-smoke-result
2026-09-26T06:51:31.1385394Z  * [new branch]            pest-control/tier1-grixis-adapter-contract -> origin/pest-control/tier1-grixis-adapter-contract
2026-09-26T06:51:31.1387211Z  * [new branch]            pest-control/tier1-grixis-artifact-envelope -> origin/pest-control/tier1-grixis-artifact-envelope
2026-09-26T06:51:31.1389128Z  * [new branch]            pest-control/tier1-grixis-construction-closure -> origin/pest-control/tier1-grixis-construction-closure
2026-09-26T06:51:31.1390800Z  * [new branch]            pest-control/tier1-grixis-coordinator-ledger -> origin/pest-control/tier1-grixis-coordinator-ledger
2026-09-26T06:51:31.1392428Z  * [new branch]            pest-control/tier1-grixis-disabled-assignment-schema -> origin/pest-control/tier1-grixis-disabled-assignment-schema
2026-09-26T06:51:31.1393463Z  * [new branch]            pest-control/tier1-grixis-disabled-durability -> origin/pest-control/tier1-grixis-disabled-durability
2026-09-26T06:51:31.1394453Z  * [new branch]            pest-control/tier1-grixis-disabled-four-cell-plan -> origin/pest-control/tier1-grixis-disabled-four-cell-plan
2026-09-26T06:51:31.1395532Z  * [new branch]            pest-control/tier1-grixis-disabled-official-initializer -> origin/pest-control/tier1-grixis-disabled-official-initializer
2026-09-26T06:51:31.1396670Z  * [new branch]            pest-control/tier1-grixis-disabled-preexecution-manifest -> origin/pest-control/tier1-grixis-disabled-preexecution-manifest
2026-09-26T06:51:31.1397753Z  * [new branch]            pest-control/tier1-grixis-disabled-runner -> origin/pest-control/tier1-grixis-disabled-runner
2026-09-26T06:51:31.1399093Z  * [new branch]            pest-control/tier1-grixis-disabled-single-game -> origin/pest-control/tier1-grixis-disabled-single-game
2026-09-26T06:51:31.1400149Z  * [new branch]            pest-control/tier1-grixis-disabled-synthetic-provenance -> origin/pest-control/tier1-grixis-disabled-synthetic-provenance
2026-09-26T06:51:31.1401177Z  * [new branch]            pest-control/tier1-grixis-execution-admission -> origin/pest-control/tier1-grixis-execution-admission
2026-09-26T06:51:31.1402105Z  * [new branch]            pest-control/tier1-grixis-execution-contract -> origin/pest-control/tier1-grixis-execution-contract
2026-09-26T06:51:31.1403168Z  * [new branch]            pest-control/tier1-grixis-final-readiness -> origin/pest-control/tier1-grixis-final-readiness
2026-09-26T06:51:31.1404098Z  * [new branch]            pest-control/tier1-grixis-frozen-vector-binding -> origin/pest-control/tier1-grixis-frozen-vector-binding
2026-09-26T06:51:31.1405050Z  * [new branch]            pest-control/tier1-grixis-initializer-contract -> origin/pest-control/tier1-grixis-initializer-contract
2026-09-26T06:51:31.1406010Z  * [new branch]            pest-control/tier1-grixis-official-init-boundary -> origin/pest-control/tier1-grixis-official-init-boundary
2026-09-26T06:51:31.1406942Z  * [new branch]            pest-control/tier1-grixis-official-loader -> origin/pest-control/tier1-grixis-official-loader
2026-09-26T06:51:31.1408015Z  * [new branch]            pest-control/tier1-grixis-official-loader-provenance -> origin/pest-control/tier1-grixis-official-loader-provenance
2026-09-26T06:51:31.1409955Z  * [new branch]            pest-control/tier1-grixis-opaque-execution-plan -> origin/pest-control/tier1-grixis-opaque-execution-plan
2026-09-26T06:51:31.1411151Z  * [new branch]            pest-control/tier1-grixis-private-parser -> origin/pest-control/tier1-grixis-private-parser
2026-09-26T06:51:31.1411982Z  * [new branch]            pest-control/tier1-grixis-readiness -> origin/pest-control/tier1-grixis-readiness
2026-09-26T06:51:31.1412893Z  * [new branch]            pest-control/tier1-grixis-runner-surface-preflight -> origin/pest-control/tier1-grixis-runner-surface-preflight
2026-09-26T06:51:31.1413827Z  * [new branch]            pest-control/tier1-grixis-smoke-harness -> origin/pest-control/tier1-grixis-smoke-harness
2026-09-26T06:51:31.1414715Z  * [new branch]            pest-control/tier1-grixis-turn-zero-preflight -> origin/pest-control/tier1-grixis-turn-zero-preflight
2026-09-26T06:51:31.1415595Z  * [new branch]            pest-control/tier1-grixis-vector-freeze -> origin/pest-control/tier1-grixis-vector-freeze
2026-09-26T06:51:31.1416713Z  * [new branch]            pest-control/tier1-grixis-vector-provenance -> origin/pest-control/tier1-grixis-vector-provenance
2026-09-26T06:51:31.1417961Z  * [new branch]            pest-control/tier1-mono-blue-terror-ack-normalization -> origin/pest-control/tier1-mono-blue-terror-ack-normalization
2026-09-26T06:51:31.1419361Z  * [new branch]            pest-control/tier1-mono-blue-terror-adapter-contract -> origin/pest-control/tier1-mono-blue-terror-adapter-contract
2026-09-26T06:51:31.1420470Z  * [new branch]            pest-control/tier1-mono-blue-terror-assignment-journal -> origin/pest-control/tier1-mono-blue-terror-assignment-journal
2026-09-26T06:51:31.1421608Z  * [new branch]            pest-control/tier1-mono-blue-terror-authorized-initializer -> origin/pest-control/tier1-mono-blue-terror-authorized-initializer
2026-09-26T06:51:31.1422778Z  * [new branch]            pest-control/tier1-mono-blue-terror-auto-execution -> origin/pest-control/tier1-mono-blue-terror-auto-execution
2026-09-26T06:51:31.1424315Z  * [new branch]            pest-control/tier1-mono-blue-terror-automatic-freeze -> origin/pest-control/tier1-mono-blue-terror-automatic-freeze
2026-09-26T06:51:31.1425375Z  * [new branch]            pest-control/tier1-mono-blue-terror-card-support-a -> origin/pest-control/tier1-mono-blue-terror-card-support-a
2026-09-26T06:51:31.1426452Z  * [new branch]            pest-control/tier1-mono-blue-terror-composed-validation -> origin/pest-control/tier1-mono-blue-terror-composed-validation
2026-09-26T06:51:31.1428030Z  * [new branch]            pest-control/tier1-mono-blue-terror-construction-closure -> origin/pest-control/tier1-mono-blue-terror-construction-closure
2026-09-26T06:51:31.1429518Z  * [new branch]            pest-control/tier1-mono-blue-terror-coordinator-ledger -> origin/pest-control/tier1-mono-blue-terror-coordinator-ledger
2026-09-26T06:51:31.1430712Z  * [new branch]            pest-control/tier1-mono-blue-terror-disabled-assignment-schema -> origin/pest-control/tier1-mono-blue-terror-disabled-assignment-schema
2026-09-26T06:51:31.1432128Z  * [new branch]            pest-control/tier1-mono-blue-terror-disabled-four-cell-plan -> origin/pest-control/tier1-mono-blue-terror-disabled-four-cell-plan
2026-09-26T06:51:31.1433415Z  * [new branch]            pest-control/tier1-mono-blue-terror-disabled-official-initializer -> origin/pest-control/tier1-mono-blue-terror-disabled-official-initializer
2026-09-26T06:51:31.1434935Z  * [new branch]            pest-control/tier1-mono-blue-terror-disabled-preexecution-manifest -> origin/pest-control/tier1-mono-blue-terror-disabled-preexecution-manifest
2026-09-26T06:51:31.1436198Z  * [new branch]            pest-control/tier1-mono-blue-terror-disabled-single-game -> origin/pest-control/tier1-mono-blue-terror-disabled-single-game
2026-09-26T06:51:31.1437436Z  * [new branch]            pest-control/tier1-mono-blue-terror-disabled-synthetic-provenance -> origin/pest-control/tier1-mono-blue-terror-disabled-synthetic-provenance
2026-09-26T06:51:31.1438907Z  * [new branch]            pest-control/tier1-mono-blue-terror-dispatch-guard-v2 -> origin/pest-control/tier1-mono-blue-terror-dispatch-guard-v2
2026-09-26T06:51:31.1439999Z  * [new branch]            pest-control/tier1-mono-blue-terror-dispatch-order-fix -> origin/pest-control/tier1-mono-blue-terror-dispatch-order-fix
2026-09-26T06:51:31.1441160Z  * [new branch]            pest-control/tier1-mono-blue-terror-engine-evidence-rehearsal -> origin/pest-control/tier1-mono-blue-terror-engine-evidence-rehearsal
2026-09-26T06:51:31.1442288Z  * [new branch]            pest-control/tier1-mono-blue-terror-escape-support -> origin/pest-control/tier1-mono-blue-terror-escape-support
2026-09-26T06:51:31.1443395Z  * [new branch]            pest-control/tier1-mono-blue-terror-execution-authorization -> origin/pest-control/tier1-mono-blue-terror-execution-authorization
2026-09-26T06:51:31.1444530Z  * [new branch]            pest-control/tier1-mono-blue-terror-execution-contract -> origin/pest-control/tier1-mono-blue-terror-execution-contract
2026-09-26T06:51:31.1445803Z  * [new branch]            pest-control/tier1-mono-blue-terror-execution-coordinator -> origin/pest-control/tier1-mono-blue-terror-execution-coordinator
2026-09-26T06:51:31.1446903Z  * [new branch]            pest-control/tier1-mono-blue-terror-freeze-guard-fix -> origin/pest-control/tier1-mono-blue-terror-freeze-guard-fix
2026-09-26T06:51:31.1448040Z  * [new branch]            pest-control/tier1-mono-blue-terror-frozen-artifact-binding -> origin/pest-control/tier1-mono-blue-terror-frozen-artifact-binding
2026-09-26T06:51:31.1449361Z  * [new branch]            pest-control/tier1-mono-blue-terror-initializer-contract -> origin/pest-control/tier1-mono-blue-terror-initializer-contract
2026-09-26T06:51:31.1450507Z  * [new branch]            pest-control/tier1-mono-blue-terror-official-init-boundary -> origin/pest-control/tier1-mono-blue-terror-official-init-boundary
2026-09-26T06:51:31.1451637Z  * [new branch]            pest-control/tier1-mono-blue-terror-policy-calibration -> origin/pest-control/tier1-mono-blue-terror-policy-calibration
2026-09-26T06:51:31.1452726Z  * [new branch]            pest-control/tier1-mono-blue-terror-production-driver -> origin/pest-control/tier1-mono-blue-terror-production-driver
2026-09-26T06:51:31.1454314Z  * [new branch]            pest-control/tier1-mono-blue-terror-readiness -> origin/pest-control/tier1-mono-blue-terror-readiness
2026-09-26T06:51:31.1455701Z  * [new branch]            pest-control/tier1-mono-blue-terror-replication-auto-execution -> origin/pest-control/tier1-mono-blue-terror-replication-auto-execution
2026-09-26T06:51:31.1456919Z  * [new branch]            pest-control/tier1-mono-blue-terror-replication-auto-freeze -> origin/pest-control/tier1-mono-blue-terror-replication-auto-freeze
2026-09-26T06:51:31.1458540Z  * [new branch]            pest-control/tier1-mono-blue-terror-replication-execution-authorization -> origin/pest-control/tier1-mono-blue-terror-replication-execution-authorization
2026-09-26T06:51:31.1460212Z  * [new branch]            pest-control/tier1-mono-blue-terror-replication-execution-stack -> origin/pest-control/tier1-mono-blue-terror-replication-execution-stack
2026-09-26T06:51:31.1461463Z  * [new branch]            pest-control/tier1-mono-blue-terror-replication-freeze-gate -> origin/pest-control/tier1-mono-blue-terror-replication-freeze-gate
2026-09-26T06:51:31.1462731Z  * [new branch]            pest-control/tier1-mono-blue-terror-replication-freeze-provenance -> origin/pest-control/tier1-mono-blue-terror-replication-freeze-provenance
2026-09-26T06:51:31.1464058Z  * [new branch]            pest-control/tier1-mono-blue-terror-replication-harness-validation -> origin/pest-control/tier1-mono-blue-terror-replication-harness-validation
2026-09-26T06:51:31.1465259Z  * [new branch]            pest-control/tier1-mono-blue-terror-replication-result -> origin/pest-control/tier1-mono-blue-terror-replication-result
2026-09-26T06:51:31.1466428Z  * [new branch]            pest-control/tier1-mono-blue-terror-runner-surface-preflight -> origin/pest-control/tier1-mono-blue-terror-runner-surface-preflight
2026-09-26T06:51:31.1467766Z  * [new branch]            pest-control/tier1-mono-blue-terror-smoke-harness -> origin/pest-control/tier1-mono-blue-terror-smoke-harness
2026-09-26T06:51:31.1468899Z  * [new branch]            pest-control/tier1-mono-blue-terror-smoke-result -> origin/pest-control/tier1-mono-blue-terror-smoke-result
2026-09-26T06:51:31.1469957Z  * [new branch]            pest-control/tier1-mono-blue-terror-turn-zero-preflight -> origin/pest-control/tier1-mono-blue-terror-turn-zero-preflight
2026-09-26T06:51:31.1471003Z  * [new branch]            pest-control/tier1-mono-blue-terror-vector-freeze -> origin/pest-control/tier1-mono-blue-terror-vector-freeze
2026-09-26T06:51:31.1472044Z  * [new branch]            pest-control/tier1-mono-blue-terror-vector-provenance -> origin/pest-control/tier1-mono-blue-terror-vector-provenance
2026-09-26T06:51:31.1473147Z  * [new branch]            pest-control/tier1-monster-tron-admission -> origin/pest-control/tier1-monster-tron-admission
2026-09-26T06:51:31.1473995Z  * [new branch]            pest-control/tier1-monster-tron-cascade -> origin/pest-control/tier1-monster-tron-cascade
2026-09-26T06:51:31.1474921Z  * [new branch]            pest-control/tier1-monster-tron-cascade-readiness -> origin/pest-control/tier1-monster-tron-cascade-readiness
2026-09-26T06:51:31.1475895Z  * [new branch]            pest-control/tier1-monster-tron-command-repair -> origin/pest-control/tier1-monster-tron-command-repair
2026-09-26T06:51:31.1476927Z  * [new branch]            pest-control/tier1-monster-tron-execution-authorization -> origin/pest-control/tier1-monster-tron-execution-authorization
2026-09-26T06:51:31.1477946Z  * [new branch]            pest-control/tier1-monster-tron-official-smoke -> origin/pest-control/tier1-monster-tron-official-smoke
2026-09-26T06:51:31.1479197Z  * [new branch]            pest-control/tier1-monster-tron-one-shot-construction -> origin/pest-control/tier1-monster-tron-one-shot-construction
2026-09-26T06:51:31.1480240Z  * [new branch]            pest-control/tier1-monster-tron-operational-stack -> origin/pest-control/tier1-monster-tron-operational-stack
2026-09-26T06:51:31.1481146Z  * [new branch]            pest-control/tier1-monster-tron-policy -> origin/pest-control/tier1-monster-tron-policy
2026-09-26T06:51:31.1481981Z  * [new branch]            pest-control/tier1-monster-tron-prototype -> origin/pest-control/tier1-monster-tron-prototype
2026-09-26T06:51:31.1482836Z  * [new branch]            pest-control/tier1-monster-tron-readiness -> origin/pest-control/tier1-monster-tron-readiness
2026-09-26T06:51:31.1483787Z  * [new branch]            pest-control/tier1-monster-tron-runner-construction -> origin/pest-control/tier1-monster-tron-runner-construction
2026-09-26T06:51:31.1484797Z  * [new branch]            pest-control/tier1-monster-tron-runner-preflight -> origin/pest-control/tier1-monster-tron-runner-preflight
2026-09-26T06:51:31.1485877Z  * [new branch]            pest-control/tier1-monster-tron-smoke-freeze -> origin/pest-control/tier1-monster-tron-smoke-freeze
2026-09-26T06:51:31.1486905Z  * [new branch]            pest-control/tier1-monster-tron-smoke-production-freeze -> origin/pest-control/tier1-monster-tron-smoke-production-freeze
2026-09-26T06:51:31.1487873Z  * [new branch]            pest-control/tier1-monster-tron-support -> origin/pest-control/tier1-monster-tron-support
2026-09-26T06:51:31.1489009Z  * [new branch]            pest-control/tier1-postboard-support-audit -> origin/pest-control/tier1-postboard-support-audit
2026-09-26T06:51:31.1489938Z  * [new branch]            pest-control/tier1-postboard-support-batch-a -> origin/pest-control/tier1-postboard-support-batch-a
2026-09-26T06:51:31.1490846Z  * [new branch]            pest-control/tier1-postboard-support-batch-b -> origin/pest-control/tier1-postboard-support-batch-b
2026-09-26T06:51:31.1491813Z  * [new branch]            pest-control/tier1-postboard-support-flaring-pain -> origin/pest-control/tier1-postboard-support-flaring-pain
2026-09-26T06:51:31.1492771Z  * [new branch]            pest-control/tier1-postboard-support-relic -> origin/pest-control/tier1-postboard-support-relic
2026-09-26T06:51:31.1493737Z  * [new branch]            pest-control/tier1-postboard-support-spreading-seas -> origin/pest-control/tier1-postboard-support-spreading-seas
2026-09-26T06:51:31.1494706Z  * [new branch]            pest-control/tier1-priority-evidence-audit -> origin/pest-control/tier1-priority-evidence-audit
2026-09-26T06:51:31.1495495Z  * [new branch]            pest-control/tier1-spy-admission -> origin/pest-control/tier1-spy-admission
2026-09-26T06:51:31.1496175Z  * [new branch]            pest-control/tier1-spy-policy -> origin/pest-control/tier1-spy-policy
2026-09-26T06:51:31.1496926Z  * [new branch]            pest-control/tier1-spy-support-batch-a -> origin/pest-control/tier1-spy-support-batch-a
2026-09-26T06:51:31.1497740Z  * [new branch]            pest-control/tier1-spy-support-batch-b -> origin/pest-control/tier1-spy-support-batch-b
2026-09-26T06:51:31.1499032Z  * [new branch]            pest-control/tier1-spy-support-batch-c -> origin/pest-control/tier1-spy-support-batch-c
2026-09-26T06:51:31.1500115Z  * [new branch]            pest-control/tier1-terror-simple-card-support -> origin/pest-control/tier1-terror-simple-card-support
2026-09-26T06:51:31.1501105Z  * [new branch]            pest-control/v2-acceptance-audit -> origin/pest-control/v2-acceptance-audit
2026-09-26T06:51:31.1501923Z  * [new branch]            pest-control/v2-calibration -> origin/pest-control/v2-calibration
2026-09-26T06:51:31.1502599Z  * [new branch]            pest-control/v2-official-results -> origin/pest-control/v2-official-results
2026-09-26T06:51:31.1503561Z  * [new branch]            pest-control/v2-qualification-acceptance -> origin/pest-control/v2-qualification-acceptance
2026-09-26T06:51:31.1504552Z  * [new branch]            pest-control/v2-qualification-authorization -> origin/pest-control/v2-qualification-authorization
2026-09-26T06:51:31.1505598Z  * [new branch]            pest-control/v2-qualification-coordinator -> origin/pest-control/v2-qualification-coordinator
2026-09-26T06:51:31.1506667Z  * [new branch]            pest-control/v2-qualification-execution-harness -> origin/pest-control/v2-qualification-execution-harness
2026-09-26T06:51:31.1507713Z  * [new branch]            pest-control/v2-qualification-freeze -> origin/pest-control/v2-qualification-freeze
2026-09-26T06:51:31.1508747Z  * [new branch]            pest-control/v2-qualification-freeze-provenance -> origin/pest-control/v2-qualification-freeze-provenance
2026-09-26T06:51:31.1509615Z  * [new branch]            pest-control/v2-qualification-harness -> origin/pest-control/v2-qualification-harness
2026-09-26T06:51:31.1510397Z  * [new branch]            pest-control/v2-qualification-runner -> origin/pest-control/v2-qualification-runner
2026-09-26T06:51:31.1511192Z  * [new branch]            smoke/experimental-preboard-100-v1 -> origin/smoke/experimental-preboard-100-v1
2026-09-26T06:51:31.1512110Z  * [new branch]            smoke/experimental-preboard-100-v2 -> origin/smoke/experimental-preboard-100-v2
2026-09-26T06:51:31.1512838Z  * [new branch]            smoke/fresh-preboard-10-20260909 -> origin/smoke/fresh-preboard-10-20260909
2026-09-26T06:51:31.1513682Z  * [new branch]            smoke/frozen-ten-damage-trigger-replay-20260909 -> origin/smoke/frozen-ten-damage-trigger-replay-20260909
2026-09-26T06:51:31.1514608Z  * [new branch]            smoke/frozen-ten-telemetry-replay-20260909 -> origin/smoke/frozen-ten-telemetry-replay-20260909
2026-09-26T06:51:31.1515460Z  * [new branch]            sphinx-approach/reconstruction-stage-e -> origin/sphinx-approach/reconstruction-stage-e
2026-09-26T06:51:31.1517050Z [command]/usr/bin/git rev-parse --verify --quiet 901729f259d044dfa157f745b8d764cb454922ef^{object}
2026-09-26T06:51:31.1517607Z 901729f259d044dfa157f745b8d764cb454922ef
2026-09-26T06:51:31.1518703Z ##[endgroup]
2026-09-26T06:51:31.1519103Z ##[group]Determining the checkout info
2026-09-26T06:51:31.1519516Z ##[endgroup]
2026-09-26T06:51:31.1519787Z [command]/usr/bin/git sparse-checkout disable
2026-09-26T06:51:31.1520555Z [command]/usr/bin/git config --local --unset-all extensions.worktreeConfig
2026-09-26T06:51:31.1521418Z ##[group]Checking out the ref
2026-09-26T06:51:31.1521898Z [command]/usr/bin/git checkout --progress --force 901729f259d044dfa157f745b8d764cb454922ef
2026-09-26T06:51:32.1759490Z Updating files:  61% (17501/28270)
2026-09-26T06:51:32.1918215Z Updating files:  62% (17528/28270)
2026-09-26T06:51:32.2069413Z Updating files:  63% (17811/28270)
2026-09-26T06:51:32.2209439Z Updating files:  64% (18093/28270)
2026-09-26T06:51:32.2381742Z Updating files:  65% (18376/28270)
2026-09-26T06:51:32.2559588Z Updating files:  66% (18659/28270)
2026-09-26T06:51:32.2715399Z Updating files:  67% (18941/28270)
2026-09-26T06:51:32.2847527Z Updating files:  68% (19224/28270)
2026-09-26T06:51:32.2988453Z Updating files:  69% (19507/28270)
2026-09-26T06:51:32.3115489Z Updating files:  70% (19789/28270)
2026-09-26T06:51:32.3252778Z Updating files:  71% (20072/28270)
2026-09-26T06:51:32.3404957Z Updating files:  72% (20355/28270)
2026-09-26T06:51:32.3567402Z Updating files:  73% (20638/28270)
2026-09-26T06:51:32.3746481Z Updating files:  74% (20920/28270)
2026-09-26T06:51:32.3955897Z Updating files:  75% (21203/28270)
2026-09-26T06:51:32.4125797Z Updating files:  76% (21486/28270)
2026-09-26T06:51:32.4273253Z Updating files:  77% (21768/28270)
2026-09-26T06:51:32.4422789Z Updating files:  78% (22051/28270)
2026-09-26T06:51:32.4541077Z Updating files:  79% (22334/28270)
2026-09-26T06:51:32.4682063Z Updating files:  80% (22616/28270)
2026-09-26T06:51:32.4825888Z Updating files:  81% (22899/28270)
2026-09-26T06:51:32.4978040Z Updating files:  82% (23182/28270)
2026-09-26T06:51:32.5158933Z Updating files:  83% (23465/28270)
2026-09-26T06:51:32.5332968Z Updating files:  84% (23747/28270)
2026-09-26T06:51:32.5478470Z Updating files:  85% (24030/28270)
2026-09-26T06:51:32.5621094Z Updating files:  86% (24313/28270)
2026-09-26T06:51:32.5773243Z Updating files:  87% (24595/28270)
2026-09-26T06:51:32.5915214Z Updating files:  88% (24878/28270)
2026-09-26T06:51:32.6087296Z Updating files:  89% (25161/28270)
2026-09-26T06:51:32.6300363Z Updating files:  90% (25443/28270)
2026-09-26T06:51:32.7730162Z Updating files:  91% (25726/28270)
2026-09-26T06:51:32.8426192Z Updating files:  92% (26009/28270)
2026-09-26T06:51:32.8642588Z Updating files:  93% (26292/28270)
2026-09-26T06:51:32.8897158Z Updating files:  94% (26574/28270)
2026-09-26T06:51:32.9125153Z Updating files:  95% (26857/28270)
2026-09-26T06:51:32.9341577Z Updating files:  96% (27140/28270)
2026-09-26T06:51:32.9542565Z Updating files:  97% (27422/28270)
2026-09-26T06:51:33.0361864Z Updating files:  98% (27705/28270)
2026-09-26T06:51:33.0605099Z Updating files:  99% (27988/28270)
2026-09-26T06:51:33.0605610Z Updating files: 100% (28270/28270)
2026-09-26T06:51:33.0606404Z Updating files: 100% (28270/28270), done.
2026-09-26T06:51:33.0948679Z Note: switching to '901729f259d044dfa157f745b8d764cb454922ef'.
2026-09-26T06:51:33.0949180Z 
2026-09-26T06:51:33.0949804Z You are in 'detached HEAD' state. You can look around, make experimental
2026-09-26T06:51:33.0950667Z changes and commit them, and you can discard any commits you make in this
2026-09-26T06:51:33.0951466Z state without impacting any branches by switching back to a branch.
2026-09-26T06:51:33.0951913Z 
2026-09-26T06:51:33.0952228Z If you want to create a new branch to retain commits you create, you may
2026-09-26T06:51:33.0952941Z do so (now or later) by using -c with the switch command. Example:
2026-09-26T06:51:33.0953362Z 
2026-09-26T06:51:33.0953543Z   git switch -c <new-branch-name>
2026-09-26T06:51:33.0953826Z 
2026-09-26T06:51:33.0953991Z Or undo this operation with:
2026-09-26T06:51:33.0954250Z 
2026-09-26T06:51:33.0954397Z   git switch -
2026-09-26T06:51:33.0954600Z 
2026-09-26T06:51:33.0954963Z Turn off this advice by setting config variable advice.detachedHead to false
2026-09-26T06:51:33.0955500Z 
2026-09-26T06:51:33.0956014Z HEAD is now at 901729f259 Continue Ferocity Recycling with frozen search and preserved real-engine baseline
2026-09-26T06:51:33.1063542Z ##[endgroup]
2026-09-26T06:51:33.1121578Z [command]/usr/bin/git log -1 --format=%H
2026-09-26T06:51:33.1144058Z 901729f259d044dfa157f745b8d764cb454922ef
2026-09-26T06:51:33.1351391Z ##[group]Run python - <<'PY'
2026-09-26T06:51:33.1351764Z [36;1mpython - <<'PY'[0m
2026-09-26T06:51:33.1352074Z [36;1mimport datetime, json, os, pathlib, subprocess[0m
2026-09-26T06:51:33.1352490Z [36;1mout = pathlib.Path('build/reports/ferocity-recycling')[0m
2026-09-26T06:51:33.1352843Z [36;1mout.mkdir(parents=True)[0m
2026-09-26T06:51:33.1353094Z [36;1mrecord = {[0m
2026-09-26T06:51:33.1353362Z [36;1m    'schema': 'ferocity-recycling-ci-setup-v1',[0m
2026-09-26T06:51:33.1353862Z [36;1m    'source_head': subprocess.check_output(['git', 'rev-parse', 'HEAD'], text=True).strip(),[0m
2026-09-26T06:51:33.1354529Z [36;1m    'run_id': os.environ['GITHUB_RUN_ID'],[0m
2026-09-26T06:51:33.1354871Z [36;1m    'run_attempt': os.environ['GITHUB_RUN_ATTEMPT'],[0m
2026-09-26T06:51:33.1355221Z [36;1m    'event': os.environ['GITHUB_EVENT_NAME'],[0m
2026-09-26T06:51:33.1355558Z [36;1m    'runner_image_os': os.environ.get('ImageOS'),[0m
2026-09-26T06:51:33.1355980Z [36;1m    'runner_image_version': os.environ.get('ImageVersion'),[0m
2026-09-26T06:51:33.1356368Z [36;1m    'runner_arch': os.environ.get('RUNNER_ARCH'),[0m
2026-09-26T06:51:33.1356821Z [36;1m    'started_at_utc': datetime.datetime.now(datetime.timezone.utc).isoformat(),[0m
2026-09-26T06:51:33.1357297Z [36;1m    'scope': 'DETERMINISTIC_QUALIFICATION_ONLY',[0m
2026-09-26T06:51:33.1357757Z [36;1m    'interactive_development_games': 0, 'evaluation_games': 0, 'confirmation_games': 0,[0m
2026-09-26T06:51:33.1358172Z [36;1m}[0m
2026-09-26T06:51:33.1358888Z [36;1m(out / 'setup-provenance.json').write_text(json.dumps(record, indent=2) + '\n')[0m
2026-09-26T06:51:33.1359303Z [36;1mPY[0m
2026-09-26T06:51:33.1636303Z shell: /usr/bin/bash -e {0}
2026-09-26T06:51:33.1636627Z ##[endgroup]
2026-09-26T06:51:33.2187914Z ##[group]Run actions/setup-java@v5
2026-09-26T06:51:33.2188202Z with:
2026-09-26T06:51:33.2188680Z   distribution: temurin
2026-09-26T06:51:33.2188911Z   java-version: 21.0.12.1+1
2026-09-26T06:51:33.2189138Z   java-package: jdk
2026-09-26T06:51:33.2189343Z   check-latest: false
2026-09-26T06:51:33.2189547Z   set-default: true
2026-09-26T06:51:33.2189750Z   verify-signature: false
2026-09-26T06:51:33.2189969Z   server-id: github
2026-09-26T06:51:33.2190175Z   server-username: GITHUB_ACTOR
2026-09-26T06:51:33.2190422Z   server-password: GITHUB_TOKEN
2026-09-26T06:51:33.2190677Z   overwrite-settings: true
2026-09-26T06:51:33.2190906Z   job-status: success
2026-09-26T06:51:33.2193172Z   token: ***
2026-09-26T06:51:33.2193391Z   show-download-progress: false
2026-09-26T06:51:33.2193637Z ##[endgroup]
2026-09-26T06:51:33.3695792Z ##[group]Installed distributions
2026-09-26T06:51:33.3749983Z ##[error]The string '21.0.12.1+1' is not valid SemVer notation for a Java version. Please check README file for code snippets and more detailed information
2026-09-26T06:51:33.3983580Z ##[group]Run actions/upload-artifact@v7
2026-09-26T06:51:33.3984055Z with:
2026-09-26T06:51:33.3984467Z   name: ferocity-recycling-deterministic-36224992267-1
2026-09-26T06:51:33.3985038Z   path: build/reports/ferocity-recycling/
2026-09-26T06:51:33.3985610Z   if-no-files-found: error
2026-09-26T06:51:33.3986123Z   retention-days: 90
2026-09-26T06:51:33.3986583Z   compression-level: 6
2026-09-26T06:51:33.3987027Z   overwrite: false
2026-09-26T06:51:33.3987466Z   include-hidden-files: false
2026-09-26T06:51:33.3987871Z   archive: true
2026-09-26T06:51:33.3988190Z ##[endgroup]
2026-09-26T06:51:33.5464868Z With the provided path, there will be 1 file uploaded
2026-09-26T06:51:33.5466631Z Artifact name is valid!
2026-09-26T06:51:33.5489517Z Root directory input is valid!
2026-09-26T06:51:33.7838057Z Uploading artifact: ferocity-recycling-deterministic-36224992267-1.zip
2026-09-26T06:51:33.7889850Z Beginning upload of artifact content to blob storage
2026-09-26T06:51:33.9278598Z Uploaded bytes 454
2026-09-26T06:51:33.9597519Z Finished uploading artifact content to blob storage!
2026-09-26T06:51:33.9598721Z SHA256 digest of uploaded artifact is a1d4f0f06a71db7147d6bd931db2e1492db14a955dbee41e035a2f16c437d31d
2026-09-26T06:51:33.9599476Z Finalizing artifact upload
2026-09-26T06:51:34.1890132Z Artifact ferocity-recycling-deterministic-36224992267-1 successfully finalized. Artifact ID 10900133777
2026-09-26T06:51:34.1891950Z Artifact ferocity-recycling-deterministic-36224992267-1 has been successfully uploaded! Final size is 454 bytes. Artifact ID is 10900133777
2026-09-26T06:51:34.1894625Z Artifact download URL: https://github.com/GodaPupa/argentum-batshit-test/actions/runs/36224992267/artifacts/10900133777
2026-09-26T06:51:34.2104042Z Post job cleanup.
2026-09-26T06:51:34.3478694Z Post job cleanup.
2026-09-26T06:51:34.4460182Z [command]/usr/bin/git version
2026-09-26T06:51:34.4508825Z git version 2.55.0
2026-09-26T06:51:34.4555827Z Temporarily overriding HOME='/home/runner/work/_temp/a637ebf9-1328-457c-9eb0-23806ecaac0f' before making global git config changes
2026-09-26T06:51:34.4579356Z Adding repository directory to the temporary git global config as a safe directory
2026-09-26T06:51:34.4580700Z [command]/usr/bin/git config --global --add safe.directory /home/runner/work/argentum-batshit-test/argentum-batshit-test
2026-09-26T06:51:34.4619467Z Removing SSH command configuration
2026-09-26T06:51:34.4620371Z [command]/usr/bin/git config --local --name-only --get-regexp core\.sshCommand
2026-09-26T06:51:34.4689835Z [command]/usr/bin/git submodule foreach --recursive sh -c "git config --local --name-only --get-regexp 'core\.sshCommand' && git config --local --unset-all 'core.sshCommand' || :"
2026-09-26T06:51:34.5063528Z Removing HTTP extra header
2026-09-26T06:51:34.5071757Z [command]/usr/bin/git config --local --name-only --get-regexp http\.https\:\/\/github\.com\/\.extraheader
2026-09-26T06:51:34.5116159Z [command]/usr/bin/git submodule foreach --recursive sh -c "git config --local --name-only --get-regexp 'http\.https\:\/\/github\.com\/\.extraheader' && git config --local --unset-all 'http.https://github.com/.extraheader' || :"
2026-09-26T06:51:34.5579095Z Removing includeIf entries pointing to credentials config files
2026-09-26T06:51:34.5609296Z [command]/usr/bin/git config --local --name-only --get-regexp ^includeIf\.gitdir:
2026-09-26T06:51:34.5629450Z includeif.gitdir:/home/runner/work/argentum-batshit-test/argentum-batshit-test/.git.path
2026-09-26T06:51:34.5649498Z includeif.gitdir:/home/runner/work/argentum-batshit-test/argentum-batshit-test/.git/worktrees/*.path
2026-09-26T06:51:34.5650174Z includeif.gitdir:/github/workspace/.git.path
2026-09-26T06:51:34.5651046Z includeif.gitdir:/github/workspace/.git/worktrees/*.path
2026-09-26T06:51:34.5652814Z [command]/usr/bin/git config --local --get-all includeif.gitdir:/home/runner/work/argentum-batshit-test/argentum-batshit-test/.git.path
2026-09-26T06:51:34.5654275Z /home/runner/work/_temp/git-credentials-51db7c63-bf0d-48a1-9ff2-294789c34de8.config
2026-09-26T06:51:34.5656700Z [command]/usr/bin/git config --local --unset includeif.gitdir:/home/runner/work/argentum-batshit-test/argentum-batshit-test/.git.path /home/runner/work/_temp/git-credentials-51db7c63-bf0d-48a1-9ff2-294789c34de8.config
2026-09-26T06:51:34.5701093Z [command]/usr/bin/git config --local --get-all includeif.gitdir:/home/runner/work/argentum-batshit-test/argentum-batshit-test/.git/worktrees/*.path
2026-09-26T06:51:34.5730924Z /home/runner/work/_temp/git-credentials-51db7c63-bf0d-48a1-9ff2-294789c34de8.config
2026-09-26T06:51:34.5743168Z [command]/usr/bin/git config --local --unset includeif.gitdir:/home/runner/work/argentum-batshit-test/argentum-batshit-test/.git/worktrees/*.path /home/runner/work/_temp/git-credentials-51db7c63-bf0d-48a1-9ff2-294789c34de8.config
2026-09-26T06:51:34.5782586Z [command]/usr/bin/git config --local --get-all includeif.gitdir:/github/workspace/.git.path
2026-09-26T06:51:34.5809123Z /github/runner_temp/git-credentials-51db7c63-bf0d-48a1-9ff2-294789c34de8.config
2026-09-26T06:51:34.5817954Z [command]/usr/bin/git config --local --unset includeif.gitdir:/github/workspace/.git.path /github/runner_temp/git-credentials-51db7c63-bf0d-48a1-9ff2-294789c34de8.config
2026-09-26T06:51:34.5856936Z [command]/usr/bin/git config --local --get-all includeif.gitdir:/github/workspace/.git/worktrees/*.path
2026-09-26T06:51:34.5883309Z /github/runner_temp/git-credentials-51db7c63-bf0d-48a1-9ff2-294789c34de8.config
2026-09-26T06:51:34.5894100Z [command]/usr/bin/git config --local --unset includeif.gitdir:/github/workspace/.git/worktrees/*.path /github/runner_temp/git-credentials-51db7c63-bf0d-48a1-9ff2-294789c34de8.config
2026-09-26T06:51:34.5934569Z [command]/usr/bin/git submodule foreach --recursive git config --local --show-origin --name-only --get-regexp remote.origin.url
2026-09-26T06:51:34.6198054Z Removing credentials config '/home/runner/work/_temp/git-credentials-51db7c63-bf0d-48a1-9ff2-294789c34de8.config'
2026-09-26T06:51:34.6372551Z Cleaning up orphan processes
