1	AUTHORIZED	all frozen identities and activation guards verified
2	STARTED	seed marked attempted before game initialization	game=1	seed=4709846279077387655
3	STARTED	legitimate terminal recorded	game=1	seed=4709846279077387655
4	STARTED	seed marked attempted before game initialization	game=2	seed=5477948387001674504
5	STARTED	legitimate terminal recorded	game=2	seed=5477948387001674504
6	STARTED	seed marked attempted before game initialization	game=3	seed=-6034045097709226459
7	STARTED	legitimate terminal recorded	game=3	seed=-6034045097709226459
8	STARTED	seed marked attempted before game initialization	game=4	seed=-4523992363560036386
9	STARTED	legitimate terminal recorded	game=4	seed=-4523992363560036386
10	STARTED	seed marked attempted before game initialization	game=5	seed=786945400533120985
11	STARTED	legitimate terminal recorded	game=5	seed=786945400533120985
12	STARTED	seed marked attempted before game initialization	game=6	seed=-7705672124907972196
13	STARTED	legitimate terminal recorded	game=6	seed=-7705672124907972196
14	STARTED	seed marked attempted before game initialization	game=7	seed=3448803011189575296
15	STARTED	legitimate terminal recorded	game=7	seed=3448803011189575296
16	STARTED	seed marked attempted before game initialization	game=8	seed=-8128856465357046910
17	STARTED	legitimate terminal recorded	game=8	seed=-8128856465357046910
18	STARTED	seed marked attempted before game initialization	game=9	seed=-6486810910547218589
19	STARTED	legitimate terminal recorded	game=9	seed=-6486810910547218589
20	STARTED	seed marked attempted before game initialization	game=10	seed=-8685308236173964118
21	STARTED	legitimate terminal recorded	game=10	seed=-8685308236173964118
22	STARTED	seed marked attempted before game initialization	game=11	seed=-6185426293070957725
23	STARTED	legitimate terminal recorded	game=11	seed=-6185426293070957725
24	STARTED	seed marked attempted before game initialization	game=12	seed=-2642642770771995909
25	STARTED	legitimate terminal recorded	game=12	seed=-2642642770771995909
26	STARTED	seed marked attempted before game initialization	game=13	seed=-8331188862754333050
27	STARTED	legitimate terminal recorded	game=13	seed=-8331188862754333050
28	STARTED	seed marked attempted before game initialization	game=14	seed=-1512835160745415799
29	STARTED	legitimate terminal recorded	game=14	seed=-1512835160745415799
30	STARTED	seed marked attempted before game initialization	game=15	seed=-3168605144109147126
31	STARTED	legitimate terminal recorded	game=15	seed=-3168605144109147126
32	STARTED	seed marked attempted before game initialization	game=16	seed=2220561564340184055
33	STARTED	legitimate terminal recorded	game=16	seed=2220561564340184055
34	STARTED	seed marked attempted before game initialization	game=17	seed=6548053946002019263
35	STARTED	legitimate terminal recorded	game=17	seed=6548053946002019263
36	STARTED	seed marked attempted before game initialization	game=18	seed=-8397679149246335732
37	STARTED	legitimate terminal recorded	game=18	seed=-8397679149246335732
38	STARTED	seed marked attempted before game initialization	game=19	seed=-2249609585300098380
39	STARTED	legitimate terminal recorded	game=19	seed=-2249609585300098380
40	STARTED	seed marked attempted before game initialization	game=20	seed=-2388260239899792857
41	STARTED	legitimate terminal recorded	game=20	seed=-2388260239899792857
42	STARTED	seed marked attempted before game initialization	game=21	seed=5720120489493318511
43	STARTED	legitimate terminal recorded	game=21	seed=5720120489493318511
44	STARTED	seed marked attempted before game initialization	game=22	seed=-2599820237764304914
45	STARTED	legitimate terminal recorded	game=22	seed=-2599820237764304914
46	STARTED	seed marked attempted before game initialization	game=23	seed=-6659733986570463191
47	STARTED	legitimate terminal recorded	game=23	seed=-6659733986570463191
48	STARTED	seed marked attempted before game initialization	game=24	seed=-1980533667709704377
49	STARTED	legitimate terminal recorded	game=24	seed=-1980533667709704377
50	STARTED	seed marked attempted before game initialization	game=25	seed=-2649561552465666119
51	STARTED	legitimate terminal recorded	game=25	seed=-2649561552465666119
52	STARTED	seed marked attempted before game initialization	game=26	seed=729174950226965839
53	STARTED	legitimate terminal recorded	game=26	seed=729174950226965839
54	STARTED	seed marked attempted before game initialization	game=27	seed=825096308453300764
55	STARTED	legitimate terminal recorded	game=27	seed=825096308453300764
56	STARTED	seed marked attempted before game initialization	game=28	seed=9150710980283059378
57	STARTED	legitimate terminal recorded	game=28	seed=9150710980283059378
58	STARTED	seed marked attempted before game initialization	game=29	seed=4833268105160485234
59	STARTED	legitimate terminal recorded	game=29	seed=4833268105160485234
60	STARTED	seed marked attempted before game initialization	game=30	seed=-43561158482649157
61	STARTED	legitimate terminal recorded	game=30	seed=-43561158482649157
62	STARTED	seed marked attempted before game initialization	game=31	seed=-7671763755106506303
63	STARTED	legitimate terminal recorded	game=31	seed=-7671763755106506303
64	STARTED	seed marked attempted before game initialization	game=32	seed=3412325361870711144
65	STARTED	legitimate terminal recorded	game=32	seed=3412325361870711144
66	STARTED	seed marked attempted before game initialization	game=33	seed=-1701935067450818227
67	STARTED	legitimate terminal recorded	game=33	seed=-1701935067450818227
68	STARTED	seed marked attempted before game initialization	game=34	seed=4572344342709193489
69	STARTED	legitimate terminal recorded	game=34	seed=4572344342709193489
70	STARTED	seed marked attempted before game initialization	game=35	seed=8066587928982720439
71	STARTED	legitimate terminal recorded	game=35	seed=8066587928982720439
72	STARTED	seed marked attempted before game initialization	game=36	seed=3416588525160778015
73	STARTED	legitimate terminal recorded	game=36	seed=3416588525160778015
74	STARTED	seed marked attempted before game initialization	game=37	seed=6869952704259594212
75	STARTED	legitimate terminal recorded	game=37	seed=6869952704259594212
76	STARTED	seed marked attempted before game initialization	game=38	seed=1339184175817367827
77	STARTED	legitimate terminal recorded	game=38	seed=1339184175817367827
78	STARTED	seed marked attempted before game initialization	game=39	seed=1483052615069752601
79	STARTED	legitimate terminal recorded	game=39	seed=1483052615069752601
80	STARTED	seed marked attempted before game initialization	game=40	seed=8770942625325004529
81	STARTED	legitimate terminal recorded	game=40	seed=8770942625325004529
82	STARTED	seed marked attempted before game initialization	game=41	seed=413623474921983500
83	STARTED	legitimate terminal recorded	game=41	seed=413623474921983500
84	STARTED	seed marked attempted before game initialization	game=42	seed=-3806446321149091730
85	STARTED	legitimate terminal recorded	game=42	seed=-3806446321149091730
86	STARTED	seed marked attempted before game initialization	game=43	seed=7770622787895515052
87	STARTED	legitimate terminal recorded	game=43	seed=7770622787895515052
88	STARTED	seed marked attempted before game initialization	game=44	seed=-6398236813039029418
89	STARTED	legitimate terminal recorded	game=44	seed=-6398236813039029418
90	STARTED	seed marked attempted before game initialization	game=45	seed=7893861959603825960
91	STARTED	legitimate terminal recorded	game=45	seed=7893861959603825960
92	STARTED	seed marked attempted before game initialization	game=46	seed=-1994068181789419947
93	STARTED	legitimate terminal recorded	game=46	seed=-1994068181789419947
94	STARTED	seed marked attempted before game initialization	game=47	seed=-3762713184464554280
95	STARTED	legitimate terminal recorded	game=47	seed=-3762713184464554280
96	STARTED	seed marked attempted before game initialization	game=48	seed=-5223240221042951485
97	STARTED	legitimate terminal recorded	game=48	seed=-5223240221042951485
98	STARTED	seed marked attempted before game initialization	game=49	seed=9058840217724607265
99	STARTED	legitimate terminal recorded	game=49	seed=9058840217724607265
100	STARTED	seed marked attempted before game initialization	game=50	seed=-8440242041883447782
101	STARTED	legitimate terminal recorded	game=50	seed=-8440242041883447782
102	COMPLETED	all 50 frozen games reached legitimate terminals
